12-18 19:31:52.329  3419  3435 V Summit-Android: com.summit.nexos.sdk.IMSSdk: init <- com.summit.nexos.sdk.IMSSdk@a58bd97 [0ms]
12-18 19:31:52.329  3419  3419 V Summit-Android: com.summit.nexos.sdk.IMSSdk: access$000 <- "com.summit.nexos.sdk.IMSSdk" [0ms]
12-18 19:31:52.329  3419  3419 D Summit-Android: com.summit.nexos.sdk.IMSSdk: onServiceConnected: setting up all sdk components
12-18 19:31:52.333  3419  3419 V Summit-Android: com.summit.nexos.sdk.IMSSdk: access$102: x0=com.summit.nexos.sdk.IMSSdk@a58bd97, x1=com.summit.nexos.aidl.INexosServer$Stub$Proxy@b56eb84
12-18 19:31:52.334  3419  3419 V Summit-Android: com.summit.nexos.sdk.IMSSdk: access$102 <- com.summit.nexos.aidl.INexosServer$Stub$Proxy@b56eb84 [0ms]
12-18 19:31:52.334  3419  3419 V Summit-Android: com.summit.nexos.sdk.IMSSdk: access$100: x0=com.summit.nexos.sdk.IMSSdk@a58bd97
12-18 19:31:52.335  3419  3419 V Summit-Android: com.summit.nexos.sdk.IMSSdk: access$100 <- com.summit.nexos.aidl.INexosServer$Stub$Proxy@b56eb84 [0ms]
12-18 19:31:52.336  3419  3419 V Summit-Android: com.summit.nexos.sdk.IMSSdk: access$202: x0=com.summit.nexos.sdk.IMSSdk@a58bd97, x1=com.summit.nexos.sdk.IMSSdk$1$1@bdcaf6d
12-18 19:31:52.337  3419  3419 V Summit-Android: com.summit.nexos.sdk.IMSSdk: access$202 <- com.summit.nexos.sdk.IMSSdk$1$1@bdcaf6d [0ms]
12-18 19:31:52.339  3419  3419 V Summit-Android: com.summit.nexos.sdk.IMSSdk: access$100: x0=com.summit.nexos.sdk.IMSSdk@a58bd97
12-18 19:31:52.340  3419  3419 V Summit-Android: com.summit.nexos.sdk.IMSSdk: access$100 <- com.summit.nexos.aidl.INexosServer$Stub$Proxy@b56eb84 [0ms]
12-18 19:31:52.342  3419  3419 V Summit-Android: com.summit.nexos.sdk.IMSSdk: access$200: x0=com.summit.nexos.sdk.IMSSdk@a58bd97
12-18 19:31:52.343  3419  3419 V Summit-Android: com.summit.nexos.sdk.IMSSdk: access$200 <- com.summit.nexos.sdk.IMSSdk$1$1@bdcaf6d [0ms]
12-18 19:31:52.345  3367  3381 V Summit-Android: com.summit.nexos.aidl.server.INexosServerBinder: addNexosServiceStateListener: listener=com.summit.nexos.aidl.INexosServiceStateListener$Stub$Proxy@a062ef0 [Thread:"Binder:3367_3"]
12-18 19:31:52.346  3367  3381 V Summit-Android: com.summit.nexos.aidl.server.INexosServerBinder: addNexosServiceStateListener <- void [0ms]
12-18 19:31:52.350  3419  3419 V Summit-Android: com.summit.nexos.sdk.IMSSdk: access$602: x0=com.summit.nexos.sdk.IMSSdk@a58bd97, x1=com.summit.nexos.sdk.IMSSdk$1$2@5b817a2
12-18 19:31:52.351  3419  3419 V Summit-Android: com.summit.nexos.sdk.IMSSdk: access$602 <- com.summit.nexos.sdk.IMSSdk$1$2@5b817a2 [0ms]
12-18 19:31:52.352  3419  3419 V Summit-Android: com.summit.nexos.sdk.IMSSdk: access$100: x0=com.summit.nexos.sdk.IMSSdk@a58bd97
12-18 19:31:52.353  3419  3419 V Summit-Android: com.summit.nexos.sdk.IMSSdk: access$100 <- com.summit.nexos.aidl.INexosServer$Stub$Proxy@b56eb84 [0ms]
12-18 19:31:52.354  3367  3381 V Summit-Android: com.summit.nexos.aidl.server.INexosServerBinder: getServiceState [Thread:"Binder:3367_3"]
12-18 19:31:52.355  3367  3381 V Summit-Android: com.summit.nexos.api.SummitNexosServer: getState [Thread:"Binder:3367_3"]
12-18 19:31:52.355  3367  3381 D Summit-Android: com.summit.nexos.api.SummitNexosServer: getState: mServiceState=5
12-18 19:31:52.355  3367  3381 V Summit-Android: com.summit.nexos.api.SummitNexosServer: getState <- 5 [0ms]
12-18 19:31:52.355  3367  3381 V Summit-Android: com.summit.nexos.aidl.server.INexosServerBinder: getServiceState <- 5 [0ms]
12-18 19:31:52.357  3419  3419 V Summit-Android: com.summit.nexos.sdk.IMSSdk: access$100: x0=com.summit.nexos.sdk.IMSSdk@a58bd97
12-18 19:31:52.357  3419  3419 V Summit-Android: com.summit.nexos.sdk.IMSSdk: access$100 <- com.summit.nexos.aidl.INexosServer$Stub$Proxy@b56eb84 [0ms]
12-18 19:31:52.358  3367  3381 V Summit-Android: com.summit.nexos.aidl.server.INexosServerBinder: getServiceState [Thread:"Binder:3367_3"]
12-18 19:31:52.359  3367  3381 V Summit-Android: com.summit.nexos.api.SummitNexosServer: getState [Thread:"Binder:3367_3"]
12-18 19:31:52.359  3367  3381 D Summit-Android: com.summit.nexos.api.SummitNexosServer: getState: mServiceState=5
12-18 19:31:52.359  3367  3381 V Summit-Android: com.summit.nexos.api.SummitNexosServer: getState <- 5 [0ms]
12-18 19:31:52.359  3367  3381 V Summit-Android: com.summit.nexos.aidl.server.INexosServerBinder: getServiceState <- 5 [0ms]
12-18 19:31:52.363  3419  3419 V Summit-Android: com.summit.nexos.sdk.IMSSdk: access$700: x0=com.summit.nexos.sdk.IMSSdk@a58bd97, x1=5
12-18 19:31:52.364  3419  3419 V Summit-Android: com.summit.nexos.sdk.IMSSdk: callConnectionStateListener: state=5
12-18 19:31:52.367  3419  3419 V Summit-Android: com.summit.nexos.sdk.IMSSdk: callConnectionStateListener <- void [0ms]
12-18 19:31:52.367  3419  3419 V Summit-Android: com.summit.nexos.sdk.IMSSdk: access$700 <- void [0ms]
12-18 19:31:52.368  3419  3419 V Summit-Android: com.summit.nexos.sdk.IMSSdk: access$100: x0=com.summit.nexos.sdk.IMSSdk@a58bd97
12-18 19:31:52.368  3419  3419 V Summit-Android: com.summit.nexos.sdk.IMSSdk: access$100 <- com.summit.nexos.aidl.INexosServer$Stub$Proxy@b56eb84 [0ms]
12-18 19:31:52.369  3419  3419 V Summit-Android: com.summit.nexos.sdk.IMSSdk: access$600: x0=com.summit.nexos.sdk.IMSSdk@a58bd97
12-18 19:31:52.369  3419  3419 V Summit-Android: com.summit.nexos.sdk.IMSSdk: access$600 <- com.summit.nexos.sdk.IMSSdk$1$2@5b817a2 [0ms]
12-18 19:31:52.371  3367  3381 V Summit-Android: com.summit.nexos.aidl.server.INexosServerBinder: addListener: listener=com.summit.nexos.aidl.INexosImsSDKListener$Stub$Proxy@48f4c69 [Thread:"Binder:3367_3"]
12-18 19:31:52.371  3367  3381 V Summit-Android: com.summit.nexos.aidl.server.INexosServerBinder: addListener <- void [0ms]
12-18 19:31:52.374  3419  3419 V Summit-Android: com.summit.nexos.sdk.IMSSdk: access$900: x0=com.summit.nexos.sdk.IMSSdk@a58bd97
12-18 19:31:52.375  3419  3419 V Summit-Android: com.summit.nexos.sdk.IMSSdk: loadManagers
12-18 19:31:52.375  3419  3419 D Summit-Android: com.summit.nexos.sdk.IMSSdk: loading UCEManager
12-18 19:31:52.413  3419  3419 V Summit-Android: com.summit.nexos.sdk.managers.UCEManager: bindToService
12-18 19:31:52.414  3367  3381 V Summit-Android: com.summit.nexos.aidl.server.INexosServerBinder: getNexosClient [Thread:"Binder:3367_3"]
12-18 19:31:52.414  3367  3381 V Summit-Android: com.summit.nexos.aidl.server.INexosServerBinder: getNexosClient <- com.summit.nexos.aidl.server.INexosClientBinder@f2885b5 [0ms]
12-18 19:31:52.422  3367  3381 V Summit-Android: com.summit.nexos.aidl.server.INexosServerBinder: getNexosClient [Thread:"Binder:3367_3"]
12-18 19:31:52.422  3367  3381 V Summit-Android: com.summit.nexos.aidl.server.INexosServerBinder: getNexosClient <- com.summit.nexos.aidl.server.INexosClientBinder@f2885b5 [0ms]
12-18 19:31:52.423  3367  3381 V Summit-Android: com.summit.nexos.aidl.server.INexosClientBinder: getUCEService [Thread:"Binder:3367_3"]
12-18 19:31:52.423  3367  3381 V Summit-Android: com.summit.nexos.aidl.server.INexosClientBinder: getUCEService <- com.summit.nexos.aidl.server.uce.IUCEServiceBinder@a251818 [0ms]
12-18 19:31:52.433  3367  3381 V Summit-Android: com.summit.nexos.aidl.server.INexosServerBinder: getNexosClient [Thread:"Binder:3367_3"]
12-18 19:31:52.434  3367  3381 V Summit-Android: com.summit.nexos.aidl.server.INexosServerBinder: getNexosClient <- com.summit.nexos.aidl.server.INexosClientBinder@f2885b5 [0ms]
12-18 19:31:52.435  3367  3381 V Summit-Android: com.summit.nexos.aidl.server.INexosClientBinder: getUCEService [Thread:"Binder:3367_3"]
12-18 19:31:52.435  3367  3381 V Summit-Android: com.summit.nexos.aidl.server.INexosClientBinder: getUCEService <- com.summit.nexos.aidl.server.uce.IUCEServiceBinder@a251818 [0ms]
12-18 19:31:52.439  3367  3381 V Summit-Android: com.summit.nexos.aidl.server.uce.IUCEServiceBinder: addListener: iListener=com.summit.nexos.aidl.uce.IUCEListener$Stub$Proxy@c81b6ee [Thread:"Binder:3367_3"]
12-18 19:31:52.439  3367  3381 V Summit-Android: com.summit.nexos.aidl.server.uce.IUCEServiceBinder: addListener <- void [0ms]
12-18 19:31:52.441  3419  3419 V Summit-Android: com.summit.nexos.aidl.client.uce.UCEServiceProxy: getLocalPhoneNumber
12-18 19:31:52.443  3367  3381 V Summit-Android: com.summit.nexos.aidl.server.uce.IUCEServiceBinder: getLocalPhoneNumber [Thread:"Binder:3367_3"]
12-18 19:31:52.443  3367  3381 V Summit-Android: com.summit.nexos.internal.SummitUCEService: getLocalPhoneNumber [Thread:"Binder:3367_3"]
12-18 19:31:52.443  3367  3381 V Summit-Android: com.summit.nexos.internal.SummitUCEService: getNexosClient [Thread:"Binder:3367_3"]
12-18 19:31:52.443  3367  3381 V Summit-Android: com.summit.nexos.internal.SummitUCEService: getNexosClient <- com.summit.nexos.api.SummitNexosClient@dd92794 [0ms]
12-18 19:31:52.444  3367  3381 V Summit-Android: com.summit.nexos.api.SummitNexosClient: getSipClient [Thread:"Binder:3367_3"]
12-18 19:31:52.444  3367  3381 V Summit-Android: com.summit.nexos.api.SummitNexosClient: getSipClient <- com.summit.ndk.client.impl.SipClientImpl@ffd223d [0ms]
12-18 19:31:52.444  3367  3381 D Summit  : [DEBUG] [    3381] 19:31:52.444: jni.sipclient: nativeGetLocalIdentity(): <= @0xebd233c0, client:@0xe7857000, identity is null
12-18 19:31:52.444  3367  3381 D Summit-Android: com.summit.nexos.internal.SummitUCEService: getLocalPhoneNumber: no local identity found
12-18 19:31:52.444  3367  3381 V Summit-Android: com.summit.nexos.internal.SummitUCEService: getLocalPhoneNumber <- "" [0ms]
12-18 19:31:52.445  3367  3381 V Summit-Android: com.summit.nexos.aidl.server.uce.IUCEServiceBinder: getLocalPhoneNumber <- "" [0ms]
12-18 19:31:52.448  3419  3419 V Summit-Android: com.summit.nexos.aidl.client.uce.UCEServiceProxy: getLocalPhoneNumber <- "" [0ms]
12-18 19:31:52.448  3419  3419 V Summit-Android: com.summit.nexos.sdk.managers.UCEManager: bindToService <- true [0ms]
12-18 19:31:52.448  3419  3419 D Summit-Android: com.summit.nexos.sdk.IMSSdk: loading PhoneNumberManager
12-18 19:31:52.453  3419  3419 V Summit-Android: com.summit.nexos.sdk.managers.PhoneNumberManager: bindToService
12-18 19:31:52.453  3367  3381 V Summit-Android: com.summit.nexos.aidl.server.INexosServerBinder: getNexosClient [Thread:"Binder:3367_3"]
12-18 19:31:52.453  3367  3381 V Summit-Android: com.summit.nexos.aidl.server.INexosServerBinder: getNexosClient <- com.summit.nexos.aidl.server.INexosClientBinder@f2885b5 [0ms]
12-18 19:31:52.474  3367  3381 V Summit-Android: com.summit.nexos.aidl.server.INexosServerBinder: getNexosClient [Thread:"Binder:3367_3"]
12-18 19:31:52.474  3367  3381 V Summit-Android: com.summit.nexos.aidl.server.INexosServerBinder: getNexosClient <- com.summit.nexos.aidl.server.INexosClientBinder@f2885b5 [0ms]
12-18 19:31:52.477  3419  3419 V Summit-Android: com.summit.nexos.sdk.managers.PhoneNumberManager: bindToService <- true [0ms]
12-18 19:31:52.477  3419  3419 D Summit-Android: com.summit.nexos.sdk.IMSSdk: loading ChatManager
12-18 19:31:52.492  3419  3419 V Summit-Android: com.summit.nexos.sdk.managers.ChatManager: bindToService
12-18 19:31:52.492  3419  3419 D Summit-Android: com.summit.nexos.sdk.managers.ChatManager: bindToService
12-18 19:31:52.493  3367  3381 V Summit-Android: com.summit.nexos.aidl.server.INexosServerBinder: getNexosClient [Thread:"Binder:3367_3"]
12-18 19:31:52.493  3367  3381 V Summit-Android: com.summit.nexos.aidl.server.INexosServerBinder: getNexosClient <- com.summit.nexos.aidl.server.INexosClientBinder@f2885b5 [0ms]
12-18 19:31:52.494  3367  3381 V Summit-Android: com.summit.nexos.aidl.server.INexosServerBinder: getNexosClient [Thread:"Binder:3367_3"]
12-18 19:31:52.494  3367  3381 V Summit-Android: com.summit.nexos.aidl.server.INexosServerBinder: getNexosClient <- com.summit.nexos.aidl.server.INexosClientBinder@f2885b5 [0ms]
12-18 19:31:52.495  3367  3381 V Summit-Android: com.summit.nexos.aidl.server.INexosClientBinder: getRcsChatService [Thread:"Binder:3367_3"]
12-18 19:31:52.496  3367  3381 V Summit-Android: com.summit.nexos.aidl.server.INexosClientBinder: getRcsChatService <- com.summit.nexos.aidl.server.chat.IRcsChatServiceBinder@a5f9dc4 [0ms]
12-18 19:31:52.514  3367  3381 V Summit-Android: com.summit.nexos.aidl.server.INexosServerBinder: getNexosClient [Thread:"Binder:3367_3"]
12-18 19:31:52.514  3367  3381 V Summit-Android: com.summit.nexos.aidl.server.INexosServerBinder: getNexosClient <- com.summit.nexos.aidl.server.INexosClientBinder@f2885b5 [0ms]
12-18 19:31:52.515  3367  3381 V Summit-Android: com.summit.nexos.aidl.server.INexosClientBinder: getRcsChatService [Thread:"Binder:3367_3"]
12-18 19:31:52.515  3367  3381 V Summit-Android: com.summit.nexos.aidl.server.INexosClientBinder: getRcsChatService <- com.summit.nexos.aidl.server.chat.IRcsChatServiceBinder@a5f9dc4 [0ms]
12-18 19:31:52.521  3367  3381 V Summit-Android: com.summit.nexos.aidl.server.chat.IRcsChatServiceBinder: addListener: iListener=com.summit.nexos.aidl.chat.IRcsChatServiceListener$Stub$Proxy@30b978f [Thread:"Binder:3367_3"]
12-18 19:31:52.522  3367  3381 V Summit-Android: com.summit.nexos.aidl.server.chat.IRcsChatServiceBinder: addListener <- void [0ms]
12-18 19:31:52.523  3419  3419 V Summit-Android: com.summit.nexos.sdk.managers.ChatManager: bindToService <- true [0ms]
12-18 19:31:52.523  3419  3419 D Summit-Android: com.summit.nexos.sdk.IMSSdk: loading GroupChatManager
12-18 19:31:52.543  3419  3419 V Summit-Android: com.summit.nexos.sdk.managers.GroupChatManager: bindToService
12-18 19:31:52.543  3419  3419 D Summit-Android: com.summit.nexos.sdk.managers.GroupChatManager: bindToService
12-18 19:31:52.544  3367  3381 V Summit-Android: com.summit.nexos.aidl.server.INexosServerBinder: getNexosClient [Thread:"Binder:3367_3"]
12-18 19:31:52.544  3367  3381 V Summit-Android: com.summit.nexos.aidl.server.INexosServerBinder: getNexosClient <- com.summit.nexos.aidl.server.INexosClientBinder@f2885b5 [0ms]
12-18 19:31:52.544  3367  3381 V Summit-Android: com.summit.nexos.aidl.server.INexosServerBinder: getNexosClient [Thread:"Binder:3367_3"]
12-18 19:31:52.545  3367  3381 V Summit-Android: com.summit.nexos.aidl.server.INexosServerBinder: getNexosClient <- com.summit.nexos.aidl.server.INexosClientBinder@f2885b5 [0ms]
12-18 19:31:52.545  3367  3381 V Summit-Android: com.summit.nexos.aidl.server.INexosClientBinder: getRcsGroupChatService [Thread:"Binder:3367_3"]
12-18 19:31:52.546  3367  3381 V Summit-Android: com.summit.nexos.aidl.server.INexosClientBinder: getRcsGroupChatService <- com.summit.nexos.aidl.server.groupchat.IRcsGroupChatServiceBinder@9ad230 [0ms]
12-18 19:31:52.567  3367  3381 V Summit-Android: com.summit.nexos.aidl.server.INexosServerBinder: getNexosClient [Thread:"Binder:3367_3"]
12-18 19:31:52.567  3367  3381 V Summit-Android: com.summit.nexos.aidl.server.INexosServerBinder: getNexosClient <- com.summit.nexos.aidl.server.INexosClientBinder@f2885b5 [0ms]
12-18 19:31:52.568  3367  3381 V Summit-Android: com.summit.nexos.aidl.server.INexosClientBinder: getRcsGroupChatService [Thread:"Binder:3367_3"]
12-18 19:31:52.568  3367  3381 V Summit-Android: com.summit.nexos.aidl.server.INexosClientBinder: getRcsGroupChatService <- com.summit.nexos.aidl.server.groupchat.IRcsGroupChatServiceBinder@9ad230 [0ms]
12-18 19:31:52.575  3367  3381 V Summit-Android: com.summit.nexos.aidl.server.groupchat.IRcsGroupChatServiceBinder: addGroupChatListener: listener=com.summit.nexos.aidl.groupchat.IRcsGroupChatListener$Stub$Proxy@bb74a1c [Thread:"Binder:3367_3"]
12-18 19:31:52.575  3367  3381 V Summit-Android: com.summit.nexos.aidl.server.groupchat.IRcsGroupChatServiceBinder: addGroupChatListener <- void [0ms]
12-18 19:31:52.576  3419  3419 V Summit-Android: com.summit.nexos.sdk.managers.GroupChatManager: bindToService <- true [0ms]
12-18 19:31:52.576  3419  3419 D Summit-Android: com.summit.nexos.sdk.IMSSdk: loading FileTransferManager
12-18 19:31:52.590  3419  3419 V Summit-Android: com.summit.nexos.sdk.managers.FileTransferManager: bindToService
12-18 19:31:52.590  3367  3381 V Summit-Android: com.summit.nexos.aidl.server.INexosServerBinder: getNexosClient [Thread:"Binder:3367_3"]
12-18 19:31:52.591  3367  3381 V Summit-Android: com.summit.nexos.aidl.server.INexosServerBinder: getNexosClient <- com.summit.nexos.aidl.server.INexosClientBinder@f2885b5 [0ms]
12-18 19:31:52.591  3367  3381 V Summit-Android: com.summit.nexos.aidl.server.INexosServerBinder: getNexosClient [Thread:"Binder:3367_3"]
12-18 19:31:52.592  3367  3381 V Summit-Android: com.summit.nexos.aidl.server.INexosServerBinder: getNexosClient <- com.summit.nexos.aidl.server.INexosClientBinder@f2885b5 [0ms]
12-18 19:31:52.592  3367  3381 V Summit-Android: com.summit.nexos.aidl.server.INexosClientBinder: getRcsFileTransferService [Thread:"Binder:3367_3"]
12-18 19:31:52.593  3367  3381 V Summit-Android: com.summit.nexos.aidl.server.INexosClientBinder: getRcsFileTransferService <- com.summit.nexos.aidl.server.filetransfer.IRcsFileTransferServiceBinder@cc16856 [0ms]
12-18 19:31:52.606  3367  3381 V Summit-Android: com.summit.nexos.aidl.server.INexosServerBinder: getNexosClient [Thread:"Binder:3367_3"]
12-18 19:31:52.606  3367  3381 V Summit-Android: com.summit.nexos.aidl.server.INexosServerBinder: getNexosClient <- com.summit.nexos.aidl.server.INexosClientBinder@f2885b5 [0ms]
12-18 19:31:52.608  3367  3381 V Summit-Android: com.summit.nexos.aidl.server.INexosClientBinder: getRcsFileTransferService [Thread:"Binder:3367_3"]
12-18 19:31:52.608  3367  3381 V Summit-Android: com.summit.nexos.aidl.server.INexosClientBinder: getRcsFileTransferService <- com.summit.nexos.aidl.server.filetransfer.IRcsFileTransferServiceBinder@cc16856 [0ms]
12-18 19:31:52.612  3367  3381 V Summit-Android: com.summit.nexos.aidl.server.filetransfer.IRcsFileTransferServiceBinder: addListener: listener=com.summit.nexos.aidl.filetransfer.IRcsFileTransferServiceListener$Stub$Proxy@3474625 [Thread:"Binder:3367_3"]
12-18 19:31:52.613  3367  3381 V Summit-Android: com.summit.nexos.aidl.server.filetransfer.IRcsFileTransferServiceBinder: addListener <- void [0ms]
12-18 19:31:52.615  3419  3419 V Summit-Android: com.summit.nexos.sdk.managers.FileTransferManager: bindToService <- true [0ms]
12-18 19:31:52.616  3419  3419 D Summit-Android: com.summit.nexos.sdk.IMSSdk: loading LocationManager
12-18 19:31:52.626  3419  3419 V Summit-Android: com.summit.nexos.sdk.managers.LocationManager: bindToService
12-18 19:31:52.628  3367  3381 V Summit-Android: com.summit.nexos.aidl.server.INexosServerBinder: getNexosClient [Thread:"Binder:3367_3"]
12-18 19:31:52.628  3367  3381 V Summit-Android: com.summit.nexos.aidl.server.INexosServerBinder: getNexosClient <- com.summit.nexos.aidl.server.INexosClientBinder@f2885b5 [0ms]
12-18 19:31:52.629  3367  3381 V Summit-Android: com.summit.nexos.aidl.server.INexosServerBinder: getNexosClient [Thread:"Binder:3367_3"]
12-18 19:31:52.630  3367  3381 V Summit-Android: com.summit.nexos.aidl.server.INexosServerBinder: getNexosClient <- com.summit.nexos.aidl.server.INexosClientBinder@f2885b5 [0ms]
12-18 19:31:52.631  3367  3381 V Summit-Android: com.summit.nexos.aidl.server.INexosClientBinder: getRcsLocationService [Thread:"Binder:3367_3"]
12-18 19:31:52.631  3367  3381 V Summit-Android: com.summit.nexos.aidl.server.INexosClientBinder: getRcsLocationService <- com.summit.nexos.aidl.server.location.IRcsLocationServiceBinder@c12e15c [0ms]
12-18 19:31:52.646  3367  3381 V Summit-Android: com.summit.nexos.aidl.server.INexosServerBinder: getNexosClient [Thread:"Binder:3367_3"]
12-18 19:31:52.646  3367  3381 V Summit-Android: com.summit.nexos.aidl.server.INexosServerBinder: getNexosClient <- com.summit.nexos.aidl.server.INexosClientBinder@f2885b5 [0ms]
12-18 19:31:52.647  3367  3381 V Summit-Android: com.summit.nexos.aidl.server.INexosClientBinder: getRcsLocationService [Thread:"Binder:3367_3"]
12-18 19:31:52.647  3367  3381 V Summit-Android: com.summit.nexos.aidl.server.INexosClientBinder: getRcsLocationService <- com.summit.nexos.aidl.server.location.IRcsLocationServiceBinder@c12e15c [0ms]
12-18 19:31:52.653  3367  3381 V Summit-Android: com.summit.nexos.aidl.server.location.IRcsLocationServiceBinder: addListener: listener=com.summit.nexos.aidl.location.IRcsLocationServiceListener$Stub$Proxy@25653fa [Thread:"Binder:3367_3"]
12-18 19:31:52.653  3367  3381 V Summit-Android: com.summit.nexos.aidl.server.location.IRcsLocationServiceBinder: addListener <- void [0ms]
12-18 19:31:52.654  3419  3419 V Summit-Android: com.summit.nexos.sdk.managers.LocationManager: bindToService <- true [0ms]
12-18 19:31:52.654  3419  3419 D Summit-Android: com.summit.nexos.sdk.IMSSdk: loading ChatbotManager
12-18 19:31:52.663  3419  3419 V Summit-Android: com.summit.nexos.sdk.managers.ChatbotManager: bindToService
12-18 19:31:52.663  3419  3419 D Summit-Android: com.summit.nexos.sdk.managers.ChatbotManager: bindToService
12-18 19:31:52.664  3367  3381 V Summit-Android: com.summit.nexos.aidl.server.INexosServerBinder: getNexosClient [Thread:"Binder:3367_3"]
12-18 19:31:52.664  3367  3381 V Summit-Android: com.summit.nexos.aidl.server.INexosServerBinder: getNexosClient <- com.summit.nexos.aidl.server.INexosClientBinder@f2885b5 [0ms]
12-18 19:31:52.666  3367  3381 V Summit-Android: com.summit.nexos.aidl.server.INexosServerBinder: getNexosClient [Thread:"Binder:3367_3"]
12-18 19:31:52.666  3367  3381 V Summit-Android: com.summit.nexos.aidl.server.INexosServerBinder: getNexosClient <- com.summit.nexos.aidl.server.INexosClientBinder@f2885b5 [0ms]
12-18 19:31:52.669  3367  3381 V Summit-Android: com.summit.nexos.aidl.server.INexosClientBinder: getRcsChatbotService [Thread:"Binder:3367_3"]
12-18 19:31:52.669  3367  3381 V Summit-Android: com.summit.nexos.aidl.server.INexosClientBinder: getRcsChatbotService <- com.summit.nexos.aidl.server.chatbot.IRcsChatbotServiceBinder@803b3e2 [0ms]
12-18 19:31:52.681  3367  3381 V Summit-Android: com.summit.nexos.aidl.server.INexosServerBinder: getNexosClient [Thread:"Binder:3367_3"]
12-18 19:31:52.682  3367  3381 V Summit-Android: com.summit.nexos.aidl.server.INexosServerBinder: getNexosClient <- com.summit.nexos.aidl.server.INexosClientBinder@f2885b5 [0ms]
12-18 19:31:52.683  3367  3381 V Summit-Android: com.summit.nexos.aidl.server.INexosClientBinder: getRcsChatbotService [Thread:"Binder:3367_3"]
12-18 19:31:52.683  3367  3381 V Summit-Android: com.summit.nexos.aidl.server.INexosClientBinder: getRcsChatbotService <- com.summit.nexos.aidl.server.chatbot.IRcsChatbotServiceBinder@803b3e2 [0ms]
12-18 19:31:52.687  3367  3381 V Summit-Android: com.summit.nexos.aidl.server.chatbot.IRcsChatbotServiceBinder: addListener: listener=com.summit.nexos.aidl.chatbot.IRcsChatbotServiceListener$Stub$Proxy@9b41dab [Thread:"Binder:3367_3"]
12-18 19:31:52.687  3367  3381 V Summit-Android: com.summit.nexos.aidl.server.chatbot.IRcsChatbotServiceBinder: addListener <- void [0ms]
12-18 19:31:52.688  3419  3419 V Summit-Android: com.summit.nexos.sdk.managers.ChatbotManager: bindToService <- true [0ms]
12-18 19:31:52.689  3419  3419 D Summit-Android: com.summit.nexos.sdk.IMSSdk: loading ClientManager
12-18 19:31:52.695  3419  3419 V Summit-Android: com.summit.nexos.sdk.managers.ClientManager: bindToService
12-18 19:31:52.695  3419  3419 D Summit-Android: com.summit.nexos.sdk.managers.ClientManager: bindToService
12-18 19:31:52.696  3367  3381 V Summit-Android: com.summit.nexos.aidl.server.INexosServerBinder: getNexosClient [Thread:"Binder:3367_3"]
12-18 19:31:52.696  3367  3381 V Summit-Android: com.summit.nexos.aidl.server.INexosServerBinder: getNexosClient <- com.summit.nexos.aidl.server.INexosClientBinder@f2885b5 [0ms]
12-18 19:31:52.697  3367  3381 V Summit-Android: com.summit.nexos.aidl.server.INexosServerBinder: getNexosClient [Thread:"Binder:3367_3"]
12-18 19:31:52.697  3367  3381 V Summit-Android: com.summit.nexos.aidl.server.INexosServerBinder: getNexosClient <- com.summit.nexos.aidl.server.INexosClientBinder@f2885b5 [0ms]
12-18 19:31:52.699  3419  3419 V Summit-Android: com.summit.nexos.sdk.managers.ClientManager: bindToService <- true [0ms]
12-18 19:31:52.699  3419  3419 D Summit-Android: com.summit.nexos.sdk.IMSSdk: loading ProvisioningManager
12-18 19:31:52.704  3419  3419 V Summit-Android: com.summit.nexos.sdk.managers.ProvisioningManager: bindToService
12-18 19:31:52.704  3419  3419 V Summit-Android: com.summit.nexos.sdk.managers.ProvisioningManager: bindToService <- true [0ms]
12-18 19:31:52.704  3419  3419 D Summit-Android: com.summit.nexos.sdk.IMSSdk: loading TelephonyManager
12-18 19:31:52.738  3419  3419 V Summit-Android: com.summit.nexos.sdk.managers.TelephonyManager: bindToService
12-18 19:31:52.739  3367  3381 V Summit-Android: com.summit.nexos.aidl.server.INexosServerBinder: getNexosClient [Thread:"Binder:3367_3"]
12-18 19:31:52.739  3367  3381 V Summit-Android: com.summit.nexos.aidl.server.INexosServerBinder: getNexosClient <- com.summit.nexos.aidl.server.INexosClientBinder@f2885b5 [0ms]
12-18 19:31:52.740  3367  3381 V Summit-Android: com.summit.nexos.aidl.server.INexosServerBinder: getNexosClient [Thread:"Binder:3367_3"]
12-18 19:31:52.740  3367  3381 V Summit-Android: com.summit.nexos.aidl.server.INexosServerBinder: getNexosClient <- com.summit.nexos.aidl.server.INexosClientBinder@f2885b5 [0ms]
12-18 19:31:52.740  3367  3381 V Summit-Android: com.summit.nexos.aidl.server.INexosClientBinder: getTelephonyService [Thread:"Binder:3367_3"]
12-18 19:31:52.741  3367  3381 V Summit-Android: com.summit.nexos.aidl.server.INexosClientBinder: getTelephonyService <- com.summit.nexos.aidl.server.telephony.ITelephonyServiceBinder@82d2c2e [0ms]
12-18 19:31:52.766  3367  3381 V Summit-Android: com.summit.nexos.aidl.server.INexosServerBinder: getNexosClient [Thread:"Binder:3367_3"]
12-18 19:31:52.766  3367  3381 V Summit-Android: com.summit.nexos.aidl.server.INexosServerBinder: getNexosClient <- com.summit.nexos.aidl.server.INexosClientBinder@f2885b5 [0ms]
12-18 19:31:52.766  3367  3381 V Summit-Android: com.summit.nexos.aidl.server.INexosClientBinder: getTelephonyService [Thread:"Binder:3367_3"]
12-18 19:31:52.767  3367  3381 V Summit-Android: com.summit.nexos.aidl.server.INexosClientBinder: getTelephonyService <- com.summit.nexos.aidl.server.telephony.ITelephonyServiceBinder@82d2c2e [0ms]
12-18 19:31:52.774  3367  3381 V Summit-Android: com.summit.nexos.aidl.server.telephony.ITelephonyServiceBinder: addTelephonyServiceListener: listener=com.summit.nexos.aidl.telephony.ITelephonyServiceListener$Stub$Proxy@ffcec08 [Thread:"Binder:3367_3"]
12-18 19:31:52.775  3367  3381 V Summit-Android: com.summit.nexos.aidl.server.telephony.ITelephonyServiceBinder: addTelephonyServiceListener <- void [0ms]
12-18 19:31:52.775  3419  3419 V Summit-Android: com.summit.nexos.sdk.managers.TelephonyManager: bindToService <- true [0ms]
12-18 19:31:52.776  3419  3419 D Summit-Android: com.summit.nexos.sdk.IMSSdk: loading LogManager
12-18 19:31:52.781  3419  3419 V Summit-Android: com.summit.nexos.sdk.managers.LogManager: bindToService
12-18 19:31:52.781  3419  3419 D Summit-Android: com.summit.nexos.sdk.managers.LogManager: bindToService
12-18 19:31:52.782  3367  3381 V Summit-Android: com.summit.nexos.aidl.server.INexosServerBinder: getNexosClient [Thread:"Binder:3367_3"]
12-18 19:31:52.782  3367  3381 V Summit-Android: com.summit.nexos.aidl.server.INexosServerBinder: getNexosClient <- com.summit.nexos.aidl.server.INexosClientBinder@f2885b5 [0ms]
12-18 19:31:52.783  3367  3381 V Summit-Android: com.summit.nexos.aidl.server.INexosServerBinder: getNexosClient [Thread:"Binder:3367_3"]
12-18 19:31:52.783  3367  3381 V Summit-Android: com.summit.nexos.aidl.server.INexosServerBinder: getNexosClient <- com.summit.nexos.aidl.server.INexosClientBinder@f2885b5 [0ms]
12-18 19:31:52.784  3419  3419 V Summit-Android: com.summit.nexos.sdk.managers.LogManager: bindToService <- true [0ms]
12-18 19:31:52.784  3419  3419 V Summit-Android: com.summit.nexos.sdk.IMSSdk: loadManagers <- void [0ms]
12-18 19:31:52.784  3419  3419 V Summit-Android: com.summit.nexos.sdk.IMSSdk: access$900 <- void [0ms]
12-18 19:31:52.785  3419  3419 V Summit-Android: com.summit.nexos.sdk.IMSSdk: access$100: x0=com.summit.nexos.sdk.IMSSdk@a58bd97
12-18 19:31:52.785  3419  3419 V Summit-Android: com.summit.nexos.sdk.IMSSdk: access$100 <- com.summit.nexos.aidl.INexosServer$Stub$Proxy@b56eb84 [0ms]
12-18 19:31:52.786  3367  3381 V Summit-Android: com.summit.nexos.aidl.server.INexosServerBinder: getServiceState [Thread:"Binder:3367_3"]
12-18 19:31:52.786  3367  3381 V Summit-Android: com.summit.nexos.api.SummitNexosServer: getState [Thread:"Binder:3367_3"]
12-18 19:31:52.786  3367  3381 D Summit-Android: com.summit.nexos.api.SummitNexosServer: getState: mServiceState=5
12-18 19:31:52.786  3367  3381 V Summit-Android: com.summit.nexos.api.SummitNexosServer: getState <- 5 [0ms]
12-18 19:31:52.786  3367  3381 V Summit-Android: com.summit.nexos.aidl.server.INexosServerBinder: getServiceState <- 5 [0ms]
12-18 19:31:52.791  3419  3419 V Summit-Android: com.summit.nexos.sdk.IMSSdk: access$1000: x0=com.summit.nexos.sdk.IMSSdk@a58bd97, x1=false
12-18 19:31:52.792  3419  3419 V Summit-Android: com.summit.nexos.sdk.IMSSdk: onConnected: isSignedIn=false
12-18 19:31:52.793  3419  3419 V Summit-Android: com.summit.nexos.sdk.IMSSdk: getSdkCallBacks
12-18 19:31:52.793  3419  3419 V Summit-Android: com.summit.nexos.sdk.IMSSdk: getSdkCallBacks <- [com.summit.nexos.sdk.base.TestBase$initSdkAndSignin$1@c87d0bb] [0ms]
12-18 19:31:52.793  3419  3419 V Summit-Android: com.summit.nexos.sdk.IMSSdk: onConnected <- void [0ms]
12-18 19:31:52.794  3419  3419 V Summit-Android: com.summit.nexos.sdk.IMSSdk: access$1000 <- void [0ms]
12-18 19:31:52.794  3419  3419 V Summit-Android: com.summit.nexos.sdk.IMSSdk: access$1100: x0=com.summit.nexos.sdk.IMSSdk@a58bd97
12-18 19:31:52.795  3419  3419 V Summit-Android: com.summit.nexos.sdk.IMSSdk: notifyManagersAvailability
12-18 19:31:52.795  3419  3419 D Summit-Android: com.summit.nexos.sdk.IMSSdk: notifyManagersAvailability
12-18 19:31:52.795  3419  3419 V Summit-Android: com.summit.nexos.sdk.IMSSdk: getManagerStateListeners
12-18 19:31:52.796  3419  3419 V Summit-Android: com.summit.nexos.sdk.IMSSdk: getManagerStateListeners <- [com.summit.nexos.sdk.base.TestBase$initSdkAndSignin$2@30f09d8] [0ms]
12-18 19:31:52.796  3419  3419 D Summit-Android: com.summit.nexos.sdk.managers.UCEManager: isConnected: true
12-18 19:31:52.796  3419  3419 V Summit-Android: com.summit.nexos.sdk.IMSSdk: isReady
12-18 19:31:52.797  3419  3419 V Summit-Android: com.summit.nexos.sdk.IMSSdk: isReady <- true [0ms]
12-18 19:31:52.797  3419  3419 V Summit-Android: com.summit.nexos.sdk.managers.UCEManager: getName
12-18 19:31:52.797  3419  3419 V Summit-Android: com.summit.nexos.sdk.managers.UCEManager: getName <- "uce" [0ms]
12-18 19:31:52.798  3419  3419 D Summit-Android: com.summit.nexos.sdk.managers.ChatManager: isConnected: true
12-18 19:31:52.800  3419  3419 V Summit-Android: com.summit.nexos.sdk.IMSSdk: isReady
12-18 19:31:52.802  3419  3419 V Summit-Android: com.summit.nexos.sdk.IMSSdk: isReady <- true [0ms]
12-18 19:31:52.804  3419  3419 V Summit-Android: com.summit.nexos.sdk.managers.ChatManager: getName
12-18 19:31:52.804  3419  3419 V Summit-Android: com.summit.nexos.sdk.managers.ChatManager: getName <- "RcsChatService" [0ms]
12-18 19:31:52.804  3419  3419 D Summit-Android: com.summit.nexos.sdk.managers.GroupChatManager: isConnected: true
12-18 19:31:52.805  3419  3419 V Summit-Android: com.summit.nexos.sdk.IMSSdk: isReady
12-18 19:31:52.805  3419  3419 V Summit-Android: com.summit.nexos.sdk.IMSSdk: isReady <- true [0ms]
12-18 19:31:52.805  3419  3419 V Summit-Android: com.summit.nexos.sdk.managers.GroupChatManager: getName
12-18 19:31:52.806  3419  3419 V Summit-Android: com.summit.nexos.sdk.managers.GroupChatManager: getName <- "groupchat" [0ms]
12-18 19:31:52.806  3419  3419 D Summit-Android: com.summit.nexos.sdk.managers.FileTransferManager: isConnected: true
12-18 19:31:52.806  3419  3419 V Summit-Android: com.summit.nexos.sdk.IMSSdk: isReady
12-18 19:31:52.807  3419  3419 V Summit-Android: com.summit.nexos.sdk.IMSSdk: isReady <- true [0ms]
12-18 19:31:52.809  3419  3419 V Summit-Android: com.summit.nexos.sdk.managers.FileTransferManager: getName
12-18 19:31:52.809  3419  3419 V Summit-Android: com.summit.nexos.sdk.managers.FileTransferManager: getName <- "ft" [0ms]
12-18 19:31:52.810  3419  3419 D Summit-Android: com.summit.nexos.sdk.managers.LocationManager: isConnected: true
12-18 19:31:52.810  3419  3419 V Summit-Android: com.summit.nexos.sdk.IMSSdk: isReady
12-18 19:31:52.812  3419  3419 V Summit-Android: com.summit.nexos.sdk.IMSSdk: isReady <- true [0ms]
12-18 19:31:52.813  3419  3419 V Summit-Android: com.summit.nexos.sdk.managers.LocationManager: getName
12-18 19:31:52.814  3419  3419 V Summit-Android: com.summit.nexos.sdk.managers.LocationManager: getName <- "RcsLocationService" [0ms]
12-18 19:31:52.814  3419  3419 D Summit-Android: com.summit.nexos.sdk.managers.ChatbotManager: isConnected: true
12-18 19:31:52.814  3419  3419 V Summit-Android: com.summit.nexos.sdk.IMSSdk: isReady
12-18 19:31:52.815  3419  3419 V Summit-Android: com.summit.nexos.sdk.IMSSdk: isReady <- true [0ms]
12-18 19:31:52.816  3419  3419 V Summit-Android: com.summit.nexos.sdk.managers.ChatbotManager: getName
12-18 19:31:52.818  3419  3419 V Summit-Android: com.summit.nexos.sdk.managers.ChatbotManager: getName <- "chatbot" [0ms]
12-18 19:31:52.818  3419  3419 D Summit-Android: com.summit.nexos.sdk.managers.TelephonyManager: isConnected: true
12-18 19:31:52.819  3419  3419 V Summit-Android: com.summit.nexos.sdk.IMSSdk: isReady
12-18 19:31:52.821  3419  3419 V Summit-Android: com.summit.nexos.sdk.IMSSdk: isReady <- true [0ms]
12-18 19:31:52.822  3419  3419 V Summit-Android: com.summit.nexos.sdk.managers.TelephonyManager: getName
12-18 19:31:52.822  3419  3419 V Summit-Android: com.summit.nexos.sdk.managers.TelephonyManager: getName <- "telephony" [0ms]
12-18 19:31:52.823  3419  3419 D Summit-Android: com.summit.nexos.sdk.managers.LogManager: isConnected: true
12-18 19:31:52.824  3419  3419 V Summit-Android: com.summit.nexos.sdk.IMSSdk: isReady
12-18 19:31:52.824  3419  3419 V Summit-Android: com.summit.nexos.sdk.IMSSdk: isReady <- true [0ms]
12-18 19:31:52.825  3419  3419 V Summit-Android: com.summit.nexos.sdk.managers.LogManager: getName
12-18 19:31:52.826  3419  3419 V Summit-Android: com.summit.nexos.sdk.managers.LogManager: getName <- "client" [0ms]
12-18 19:31:52.826  3419  3419 D Summit-Android: com.summit.nexos.sdk.managers.ClientManager: isConnected: true
12-18 19:31:52.826  3419  3419 V Summit-Android: com.summit.nexos.sdk.IMSSdk: isReady
12-18 19:31:52.827  3419  3419 V Summit-Android: com.summit.nexos.sdk.IMSSdk: isReady <- true [0ms]
12-18 19:31:52.828  3419  3419 V Summit-Android: com.summit.nexos.sdk.managers.ClientManager: getName
12-18 19:31:52.829  3419  3419 V Summit-Android: com.summit.nexos.sdk.managers.ClientManager: getName <- "client" [0ms]
12-18 19:31:52.829  3419  3419 D Summit-Android: com.summit.nexos.sdk.managers.ProvisioningManager: isConnected: true
12-18 19:31:52.830  3419  3419 V Summit-Android: com.summit.nexos.sdk.IMSSdk: isReady
12-18 19:31:52.830  3419  3419 V Summit-Android: com.summit.nexos.sdk.IMSSdk: isReady <- true [0ms]
12-18 19:31:52.831  3419  3419 V Summit-Android: com.summit.nexos.sdk.managers.ProvisioningManager: getName
12-18 19:31:52.831  3419  3419 V Summit-Android: com.summit.nexos.sdk.managers.ProvisioningManager: getName <- "client" [0ms]
12-18 19:31:52.832  3419  3419 D Summit-Android: com.summit.nexos.sdk.managers.PhoneNumberManager: isConnected: true
12-18 19:31:52.832  3419  3419 V Summit-Android: com.summit.nexos.sdk.IMSSdk: isReady
12-18 19:31:52.832  3419  3419 V Summit-Android: com.summit.nexos.sdk.IMSSdk: isReady <- true [0ms]
12-18 19:31:52.833  3419  3419 V Summit-Android: com.summit.nexos.sdk.managers.PhoneNumberManager: getName
12-18 19:31:52.834  3419  3419 V Summit-Android: com.summit.nexos.sdk.managers.PhoneNumberManager: getName <- "client" [0ms]
12-18 19:31:52.835  3419  3419 V Summit-Android: com.summit.nexos.sdk.IMSSdk: notifyManagersAvailability <- void [0ms]
12-18 19:31:52.835  3419  3419 V Summit-Android: com.summit.nexos.sdk.IMSSdk: access$1100 <- void [0ms]
12-18 19:31:52.836  3419  3419 V Summit-Android: com.summit.nexos.sdk.IMSSdk: access$000
12-18 19:31:52.837  3419  3419 V Summit-Android: com.summit.nexos.sdk.IMSSdk: access$000 <- "com.summit.nexos.sdk.IMSSdk" [0ms]
12-18 19:31:52.837  3419  3419 D Summit-Android: com.summit.nexos.sdk.IMSSdk: onServiceConnected: end
12-18 19:31:52.837  3419  3419 V Summit-Android: com.summit.nexos.sdk.IMSSdk: access$1400: x0=com.summit.nexos.sdk.IMSSdk@a58bd97
12-18 19:31:52.839  3419  3419 V Summit-Android: com.summit.nexos.sdk.IMSSdk: getConnectionStateListeners
12-18 19:31:52.840  3419  3419 V Summit-Android: com.summit.nexos.sdk.IMSSdk: getConnectionStateListeners <- [com.summit.nexos.sdk.base.TestBase$initSdkAndSignin$3@7773131] [0ms]
12-18 19:31:52.841  3419  3419 V Summit-Android: com.summit.nexos.sdk.IMSSdk: access$1400 <- [com.summit.nexos.sdk.base.TestBase$initSdkAndSignin$3@7773131] [0ms]
12-18 19:31:52.842  3419  3419 V Summit-Android: com.summit.nexos.sdk.IMSSdk: getProvisioningManager
12-18 19:31:52.844  3419  3419 V Summit-Android: com.summit.nexos.sdk.IMSSdk: getManager: manager=com.summit.nexos.sdk.managers.ProvisioningManager@fe19c33, loadManager=true
12-18 19:31:52.845  3419  3419 V Summit-Android: com.summit.nexos.sdk.IMSSdk: checkSdkState
12-18 19:31:52.846  3419  3419 V Summit-Android: com.summit.nexos.sdk.IMSSdk: isNotAvailable
12-18 19:31:52.847  3419  3419 V Summit-Android: com.summit.nexos.sdk.IMSSdk: isNotAvailable <- false [0ms]
12-18 19:31:52.847  3419  3419 V Summit-Android: com.summit.nexos.sdk.IMSSdk: isReady
12-18 19:31:52.847  3419  3419 V Summit-Android: com.summit.nexos.sdk.IMSSdk: isReady <- true [0ms]
12-18 19:31:52.848  3419  3419 V Summit-Android: com.summit.nexos.sdk.IMSSdk: checkSdkState <- void [0ms]
12-18 19:31:52.849  3419  3419 D Summit-Android: com.summit.nexos.sdk.managers.ProvisioningManager: isConnected: true
12-18 19:31:52.849  3419  3419 V Summit-Android: com.summit.nexos.sdk.IMSSdk: isReady
12-18 19:31:52.849  3419  3419 V Summit-Android: com.summit.nexos.sdk.IMSSdk: isReady <- true [0ms]
12-18 19:31:52.850  3419  3419 V Summit-Android: com.summit.nexos.sdk.IMSSdk: getManager <- com.summit.nexos.sdk.managers.ProvisioningManager@fe19c33 [0ms]
12-18 19:31:52.850  3419  3419 V Summit-Android: com.summit.nexos.sdk.IMSSdk: getProvisioningManager <- com.summit.nexos.sdk.managers.ProvisioningManager@fe19c33 [0ms]
12-18 19:31:52.851  3419  3419 V Summit-Android: com.summit.nexos.sdk.managers.ProvisioningManager: setProvisioningOtpMsisdn: msisdn="+15145550044", isoCountryCode="ca"
12-18 19:31:52.854  3367  3381 V Summit-Android: com.summit.nexos.aidl.server.INexosServerBinder: setProvisioningResult: params={OTP_PHONE_NUMBER=+15145550044, OTP_COUNTRY_CODE=ca} [Thread:"Binder:3367_3"]
12-18 19:31:52.854  3367  3381 V Summit-Android: com.summit.nexos.api.SummitNexosServer: setProvisioningResult: params={OTP_PHONE_NUMBER=+15145550044, OTP_COUNTRY_CODE=ca} [Thread:"Binder:3367_3"]
12-18 19:31:52.858  3367  3381 V Summit-Android: com.summit.nexos.utils.StringUtils: toString: map={OTP_PHONE_NUMBER=+15145550044, OTP_COUNTRY_CODE=ca} [Thread:"Binder:3367_3"]
12-18 19:31:52.858  3367  3381 V Summit-Android: com.summit.nexos.utils.StringUtils: toString <- "OTP_PHONE_NUMBER:+15145550044,OTP_COUNTRY_CODE:ca" [0ms]
12-18 19:31:52.858  3367  3381 D Summit-Android: com.summit.nexos.api.SummitNexosServer: setProvisioningResult: paramsOTP_PHONE_NUMBER:+15145550044,OTP_COUNTRY_CODE:ca
12-18 19:31:52.858  3367  3381 V Summit-Android: com.summit.nexos.startupmachine.StartupStateMachine: resumeState: params={OTP_PHONE_NUMBER=+15145550044, OTP_COUNTRY_CODE=ca} [Thread:"Binder:3367_3"]
12-18 19:31:52.859  3367  3381 V Summit-Android: com.summit.nexos.provisioning.OtpMsisdnProvisioning: resume: params={OTP_PHONE_NUMBER=+15145550044, OTP_COUNTRY_CODE=ca} [Thread:"Binder:3367_3"]
12-18 19:31:52.859  3367  3381 D Summit-Android: com.summit.nexos.provisioning.OtpMsisdnProvisioning: resume: sending country code and phone number to the provisioning service
12-18 19:31:52.859  3367  3381 V Summit-Android: com.summit.nexos.api.SummitNexosServer: getNexosClient [Thread:"Binder:3367_3"]
12-18 19:31:52.860  3367  3381 V Summit-Android: com.summit.nexos.api.SummitNexosServer: getNexosClient <- com.summit.nexos.api.SummitNexosClient@dd92794 [0ms]
12-18 19:31:52.860  3367  3381 V Summit-Android: com.summit.nexos.api.SummitNexosClient: provideMsisdn: msisdn="+15145550044", isoCountryCode="ca" [Thread:"Binder:3367_3"]
12-18 19:31:52.860  3367  3381 V Summit-Android: com.summit.nexos.api.SummitNexosClient: getSipClient [Thread:"Binder:3367_3"]
12-18 19:31:52.860  3367  3381 V Summit-Android: com.summit.nexos.api.SummitNexosClient: getSipClient <- com.summit.ndk.client.impl.SipClientImpl@ffd223d [0ms]
12-18 19:31:52.861  3367  3381 V Summit-Android: com.summit.nexos.api.SummitNexosClient: formatToRemoteAddress: remoteUri="+15145550044" [Thread:"Binder:3367_3"]
12-18 19:31:52.862  3367  3381 V Summit-Android: com.summit.nexos.api.SummitNexosClient: formatToSipFormat: remotePhoneNumber="+15145550044", uriFormatUse=null [Thread:"Binder:3367_3"]
12-18 19:31:52.862  3367  3381 D Summit-Android: com.summit.nexos.api.SummitNexosClient: formatToSipFormat: formatting regular phone number
12-18 19:31:52.862  3367  3381 V Summit-Android: com.summit.nexos.api.SummitNexosClient: getSipClient [Thread:"Binder:3367_3"]
12-18 19:31:52.862  3367  3381 V Summit-Android: com.summit.nexos.api.SummitNexosClient: getSipClient <- com.summit.ndk.client.impl.SipClientImpl@ffd223d [0ms]
12-18 19:31:52.863  3367  3381 I Summit  : [INFO ] [    3381] 19:31:52.863: client.numberformatter.mgr: getNumberFormatter(): Creating number formatter with format sip:<formatted-digits>@<domain> for use 0 (identity: @0x0)
12-18 19:31:52.863  3367  3381 I Summit  : [INFO ] [    3381] 19:31:52.863: sip.uriformatterimpl: UriFormatterImpl(): template sip:<formatted-digits>@<domain>
12-18 19:31:52.864  3367  3381 I Summit  : [INFO ] [    3381] 19:31:52.864: client.numberformatter.mgr: getNumberFormatter(): Creating number formatter with format sip:<formatted-digits>@<domain> for use 1 (identity: @0x0)
12-18 19:31:52.864  3367  3381 I Summit  : [INFO ] [    3381] 19:31:52.864: sip.uriformatterimpl: UriFormatterImpl(): template sip:<formatted-digits>@<domain>
12-18 19:31:52.864  3367  3381 I Summit  : [INFO ] [    3381] 19:31:52.864: client.numberformatter.mgr: getNumberFormatter(): Creating number formatter with format sip:<formatted-digits>@<domain> for use 2 (identity: @0x0)
12-18 19:31:52.864  3367  3381 I Summit  : [INFO ] [    3381] 19:31:52.864: sip.uriformatterimpl: UriFormatterImpl(): template sip:<formatted-digits>@<domain>
12-18 19:31:52.864  3367  3381 I Summit  : [INFO ] [    3381] 19:31:52.864: client.numberformatter.mgr: getNumberFormatter(): Creating number formatter with format sip:<formatted-digits>@<domain> for use 3 (identity: @0x0)
12-18 19:31:52.864  3367  3381 I Summit  : [INFO ] [    3381] 19:31:52.864: sip.uriformatterimpl: UriFormatterImpl(): template sip:<formatted-digits>@<domain>
12-18 19:31:52.864  3367  3381 I Summit  : [INFO ] [    3381] 19:31:52.864: client.numberformatter.mgr: simOrCarrierChanged(): sim_country=us, op_country=us
12-18 19:31:52.864  3367  3381 I Summit  : [INFO ] [    3381] 19:31:52.864: sip.uriformatterimpl: setCountries(): sim: us, op us
12-18 19:31:52.864  3367  3381 I chatty  : uid=10099(com.summit.nexos.sdk.app.service) Binder:3367_3 identical 1 line
12-18 19:31:52.865  3367  3381 I Summit  : [INFO ] [    3381] 19:31:52.864: sip.uriformatterimpl: setCountries(): sim: us, op us
12-18 19:31:52.865  3367  3381 I Summit  : [INFO ] [    3381] 19:31:52.865: sip.uriformatterimpl: setCountries(): sim: us, op us
12-18 19:31:52.870  3367  3381 D Summit  : [DEBUG] [    3381] 19:31:52.870: client.numberformatter.mgr: formatSipUriFromPhoneNumber(): number:+15145550044, use:0, result:tel:+15145550044
12-18 19:31:52.870  3367  3381 I Summit  : [INFO ] [    3381] 19:31:52.870: jni.sipclient: nativeFormatUriFromPhoneNumber(): <= @0xebd233c0, digits:+15145550044, use:0, ret:tel:+15145550044
12-18 19:31:52.873  3367  3381 D Summit  : [DEBUG] [    3381] 19:31:52.873: sal.jni: nativeInit(): registerNatives for class 'com.summit.ndk.sip.impl.SipUriImpl':
12-18 19:31:52.873  3367  3381 D Summit  : [DEBUG] [    3381] 19:31:52.873: sal.jni: 	#0   nativeInit            =>  "()Z"
12-18 19:31:52.873  3367  3381 D Summit  : [DEBUG] [    3381] 19:31:52.873: sal.jni: 	#1   nativeNew             =>  "(J)V"
12-18 19:31:52.873  3367  3381 D Summit  : [DEBUG] [    3381] 19:31:52.873: sal.jni: 	#2   nativeDelete          =>  "()V"
12-18 19:31:52.874  3367  3381 D Summit  : [DEBUG] [    3381] 19:31:52.873: sal.jni: 	#3   nativeGetUri          =>  "()Ljava/lang/String;"
12-18 19:31:52.874  3367  3381 D Summit  : [DEBUG] [    3381] 19:31:52.874: sal.jni: 	#4   nativeGetDisplayUri   =>  "()Ljava/lang/String;"
12-18 19:31:52.874  3367  3381 D Summit  : [DEBUG] [    3381] 19:31:52.874: sal.jni: 	#5   nativeGetDisplayName  =>  "()Ljava/lang/String;"
12-18 19:31:52.874  3367  3381 D Summit  : [DEBUG] [    3381] 19:31:52.874: sal.jni: 	#6   nativeGetUserName     =>  "()Ljava/lang/String;"
12-18 19:31:52.874  3367  3381 D Summit  : [DEBUG] [    3381] 19:31:52.874: sal.jni: 	#7   nativeParse           =>  "(Ljava/lang/String;)Z"
12-18 19:31:52.874  3367  3381 D Summit  : [DEBUG] [    3381] 19:31:52.874: sal.jni: 	#8   nativeIsValid         =>  "()Z"
12-18 19:31:52.874  3367  3381 D Summit  : [DEBUG] [    3381] 19:31:52.874: sal.jni: nativeInit(): 	RegisterNatives => OK (ret: 0)
12-18 19:31:52.874  3367  3381 D Summit  : [DEBUG] [    3381] 19:31:52.874: jni.sipuri: nativeInit(): <=
12-18 19:31:52.874  3367  3381 D Summit  : [DEBUG] [    3381] 19:31:52.874: sal.perf: ScopedTimer:   nativeInit, elapsed: 1.02ms
12-18 19:31:52.874  3367  3381 D Summit  : [DEBUG] [    3381] 19:31:52.874: jni.sipuri: newJSipUri(): env:@0xebd6b000, uri:@0xd703979c, cls:@0x2876, mid:@0xee0eeb30
12-18 19:31:52.875  3367  3381 I Summit  :         [    3381] SipUriImpl: SipUriImpl() null, nativeSipUri=@0xffffffffd703979c
12-18 19:31:52.875  3367  3381 I Summit  : [INFO ] [    3381] 19:31:52.875: jni.sipuri: JSipUriImpl(): @0xd6779f80
12-18 19:31:52.875  3367  3381 D Summit  : [DEBUG] [    3381] 19:31:52.875: jni.sipuri: nativeNew(): <= @0xd6779f80, sipuri:@0xd703979c, uri:<tel:+15145550044>
12-18 19:31:52.876  3367  3381 V Summit-Android: com.summit.nexos.api.SummitNexosClient: formatToSipFormat <- <tel:+15145550044> [0ms]
12-18 19:31:52.876  3367  3381 V Summit-Android: com.summit.nexos.api.SummitNexosClient: formatToRemoteAddress: sipUri=<tel:+15145550044> [Thread:"Binder:3367_3"]
12-18 19:31:52.876  3367  3381 V Summit-Android: com.summit.nexos.api.SummitNexosClient: formatToRemoteAddress <- "+15145550044" [0ms]
12-18 19:31:52.876  3367  3381 V Summit-Android: com.summit.nexos.api.SummitNexosClient: formatToRemoteAddress <- "+15145550044" [0ms]
12-18 19:31:52.877  3367  3381 I Summit  : [INFO ] [    3381] 19:31:52.877: jni.sipclient: nativeProvideMsisdn(): <= @0xebd233c0 msisdn:+15145550044, isoCountry:ca
12-18 19:31:52.878  3367  3381 I Summit  : [INFO ] [    3381] 19:31:52.878: rcse.autoconfig: onInputMsisdn(): MSISDN is 15145550044, token is 
12-18 19:31:52.879  3367  3381 I Summit  : [INFO ] [    3381] 19:31:52.879: rcse.autoconfig: onInputMsisdn(): 789: Set state AC_NEED_MSISDN (70) => AC_NEED_FIRST_TIME (40)
12-18 19:31:52.879  3367  3381 I Summit  : [INFO ] [    3381] 19:31:52.879: sip.ua.client: onProvisioningStateChange(): AC_NEED_MSISDN => AC_NEED_FIRST_TIME
12-18 19:31:52.879  3367  3381 I Summit  : [INFO ] [    3381] 19:31:52.879: jni.sipclient: onProvisioningStateChange(): => oldState:70, newState:40
12-18 19:31:52.879  3367  3381 I Summit  :         [    3381] SipClientImpl: onProvisioningStateChange(oldState=70, newState=40)
12-18 19:31:52.880  3367  3367 D Summit-Android: com.summit.nexos.startupmachine.Step: onProvisioningStateChange: override on demand
12-18 19:31:52.880  3367  3381 I Summit  : [INFO ] [    3381] 19:31:52.880: rcse.autoconfig: onInputMsisdn(): 799: Set request 3 => 3
12-18 19:31:52.880  3367  3381 I Summit  : [INFO ] [    3381] 19:31:52.880: rcse.autoconfig: onInputMsisdn(): runNextRequest 801
12-18 19:31:52.880  3367  3381 I Summit  : [INFO ] [    3381] 19:31:52.880: jni.mobilemanager: getMobileTechnology(): => @0xe7838600, env:@0xebd6b000, peer:@0x269a
12-18 19:31:52.882  3367  3381 I Summit  :         [    3381] AndroidMobileManagerImpl: readNetTechnology: info=[type: WIFI[], state: CONNECTED/CONNECTED, reason: (unspecified), extra: (none), failover: false, available: true, roaming: false]
12-18 19:31:52.884  3367  3381 I Summit  : [INFO ] [    3381] 19:31:52.884: jni.mobilemanager: getMobileTechnology(): => @0xe7838600, tech:100
12-18 19:31:52.884  3367  3381 D Summit  : [DEBUG] [    3381] 19:31:52.884: rcse.autoconfig: isNonPsAccess(): WIFI
12-18 19:31:52.884  3367  3381 D Summit  : [DEBUG] [    3381] 19:31:52.884: rcse.autoconfig: formatNextUrl(): Adding SMS_port on wifi access
12-18 19:31:52.887  3367  3381 I Summit  :         [    3381] AndroidDeviceImpl: getImei: 358240051111110
12-18 19:31:52.888  3367  3381 D Summit  : [DEBUG] [    3381] 19:31:52.888: rcse.autoconfig: runNextRequest(): https://acs.erl.rcs.st:8443/?client_vendor=SUMT&client_version=Android-2.9&rcs_version=5.1B&rcs_profile=joyn_blackbird&SMS_port=37273&vers=0&rcs_state=0&provisioning_version=1.0&terminal_vendor=Goog&terminal_model=Android%20SD&terminal_sw_version=9&IMEI=358240051111110&IMSI=856414829818148&msisdn=%2B15145550044&Token=, cur request 3, state 40
