12-18 19:31:32.374  3367  3394 W Summit  : [WARN ] [    3394] 19:31:32.374: sal.os.routetable_v4: getBestRoute(): dest:8.8.8.8:5061, no route found
12-18 19:31:32.374  3367  3394 I Summit  : [INFO ] [    3394] 19:31:32.374: sal.socket: getLocalAddress(): Using interface: '' socket type: Generic flags 0x0
12-18 19:31:32.376  3367  3394 I Summit  : [INFO ] [    3394] 19:31:32.376: sip.host: isLinkLocal(): a: 192, b: 168
12-18 19:31:32.376  3367  3394 I Summit  : [INFO ] [    3394] 19:31:32.376: sal.socket: hasIPv4NetworkAccess(): Local has IPV4 access: local 192.168.200.2
12-18 19:31:32.376  3367  3394 D Summit  : [DEBUG] [    3394] 19:31:32.376: sip.transport.http: send(): Not using AAAA for request GET /services/beammeto/version.php?platform=android&product=ctc-demo-sdk&version=0.0.01&device=358240051111110&simMcc=310260&networkMcc=310260&manufacturer=Google&device_m=Android%20SDK%20built%20for%20x86 HTTP/1.1
12-18 19:31:32.376  3367  3394 I Summit  : [INFO ] [    3394] 19:31:32.376: sip.transport.http: OUT #001 ==> https: GET /services/beammeto/version.php?platform=android&product=ctc-demo-sdk&version=0.0.01&device=358240051111110&simMcc=310260&networkMcc=310260&manufacturer=Google&device_m=Android%20SDK%20built%20for%20x86 HTTP/1.1 to cgp3.summit-tech.ca:0, 0 bytes
12-18 19:31:32.378  3367  3394 D Summit  : [DEBUG] [    3394] 19:31:32.378: sip.httptransaction: HTTPTransaction(): @0xd3f0b800 sqm:@0xe783b200
12-18 19:31:32.379  3367  3394 I Summit  : [INFO ] [    3394] 19:31:32.379: sal.dns.impl: setNetworkLockMgr(): 0x0 => 0x0
12-18 19:31:32.379  3367  3394 I Summit  : [INFO ] [    3394] 19:31:32.379: sal.dns.impl: sendRequest(): DNS request: 0xebe9b8c0, host cgp3.summit-tech.ca, type 1, callback 0xd3f0b814, flags 0x0, tid 0, dns 0x0, N/A
12-18 19:31:32.379  3367  3394 I Summit  : [INFO ] [    3394] 19:31:32.379: sal.dns.impl: sendRequest(): Using fixedNameServers[0]:8.8.8.8:53
12-18 19:31:32.379  3367  3394 I Summit  : [INFO ] [    3394] 19:31:32.379: sal.dns.impl: sendRequest(): Using nextDnsServer:8.8.8.8:53
12-18 19:31:32.379  3367  3367 I Summit  :         [    3367] BluetoothReceiver: onReceive: action=android.media.ACTION_SCO_AUDIO_STATE_UPDATED
12-18 19:31:32.380  3367  3394 I Summit  : [INFO ] [    3394] 19:31:32.380: sal.dns: setTid(): 0xebe9b8c4: 0 => 26503
12-18 19:31:32.380  3367  3394 D Summit  : [DEBUG] [    3394] 19:31:32.380: sal.dns.impl: sendRequest(): Socket null or not valid
12-18 19:31:32.380  3367  3394 I Summit  : [INFO ] [    3394] 19:31:32.380: sal.dns.impl: closeReopenSockets(): reopen:1 AddressType:IPv4
12-18 19:31:32.380  3367  3394 I Summit  : [INFO ] [    3394] 19:31:32.380: linux.socket.udp: create(): Created socket fd: 58  type: Generic
12-18 19:31:32.380  3367  3367 I Summit  :         [    3367] BluetoothReceiver: onReceive: state=0
12-18 19:31:32.380  3367  3394 I Summit  : [INFO ] [    3394] 19:31:32.380: linux.socket.udp: create(): Created socket fd: 59  type: Generic
12-18 19:31:32.380  3367  3394 I Summit  : [INFO ] [    3394] 19:31:32.380: sal.dns.impl: openSockets(): DNS UDP socket ptr 0xebe85360 and 0xebe85300 created
12-18 19:31:32.382  3367  3367 I Summit  :         [    3367] SummitAudioManager: isBluetoothScoVoiceActive: isBluetoothScoOn:false
12-18 19:31:32.382  3367  3367 I Summit  :         [    3367] BluetoothReceiver: onReceive: wasScoActive=false
12-18 19:31:32.382  3367  3367 I Summit  :         [    3367] BluetoothReceiver: onReceive: state=SCO_AUDIO_STATE_DISCONNECTED
12-18 19:31:32.382  3367  3367 I Summit  :         [    3367] SummitAudioManager: isBluetoothHeadsetAudioOn: isBtHeadsetConnected=false, getProfileConnectionState=false
12-18 19:31:32.383  3367  3367 I Summit  :         [    3367] SummitAudioManager: isBluetoothScoVoiceActive: isBluetoothScoOn:false
12-18 19:31:32.384  3367  3394 D Summit  : [DEBUG] [    3394] 19:31:32.384: sal.dns.impl: sendRequest(): sending query:'cgp3.summit-tech.ca' type:1 tid:26503 flags:0 query:0xebe9b8c0 callback:0xd3f0b814 to server:'8.8.8.8:53'
12-18 19:31:32.384  3367  3394 D Summit  : [DEBUG] [    3394] 19:31:32.384: sal.dns.impl: sendRequest(): Set DNS_TIMEOUT timer 5000 for tid 26503
12-18 19:31:32.386  3367  3394 V Summit-Android: com.summit.nexos.provisioning.Starting: checkClientLicensing <- void [0ms]
12-18 19:31:32.386  3367  3386 I Summit  : [INFO ] [    3386] 19:31:32.386: jni.powerlockmanager: scheduleWakeUp(): => @0xebd1efa0, env:@0xe783b500, peer:@0x25e6, delayMs:4998
12-18 19:31:32.386  3367  3394 V Summit-Android: com.summit.nexos.provisioning.Starting: handle <- void [0ms]
12-18 19:31:32.387  3367  3367 I Summit  :         [    3367] OpenSLWaveAudio: bluetoothStateChange(): waveOutType=0, wasBtHeadsetConnected=false,  isBtHeadsetConnected=false, btScoActive=false=>false
12-18 19:31:32.388  3367  3367 I Summit  :         [    3367] SummitAudioManager: isBluetoothHeadsetAudioOn: isBtHeadsetConnected=false, getProfileConnectionState=false
12-18 19:31:32.389  3367  3367 I Summit  :         [    3367] OpenSLWaveAudio: notifyWaveOutChanged() waveOutType=0, available=0x2, pointers=0
12-18 19:31:32.390  3367  3367 I Summit  :         [    3367] AndroidMobileManagerImpl: onReceive: android.net.conn.CONNECTIVITY_CHANGE
12-18 19:31:32.390  3367  3367 I Summit  : [INFO ] [    3367] 19:31:32.390: jni.mobilemanager: nativeRefresh(): <= @0xe7838600
12-18 19:31:32.390  3367  3367 I Summit  : [INFO ] [    3367] 19:31:32.390: jni.mobilemanager: getMobileTechnology(): => @0xe7838600, env:@0xf1e99400, peer:@0x269a
12-18 19:31:32.391  3367  3367 I Summit  :         [    3367] AndroidMobileManagerImpl: readNetTechnology: info=[type: WIFI[], state: CONNECTED/CONNECTED, reason: (unspecified), extra: (none), failover: false, available: true, roaming: false]
12-18 19:31:32.392  3367  3386 I Summit  :         [    3386] PowerLockManagerImpl: setAlarm: delay=4998, nextAlarm = 19:31:37.388
12-18 19:31:32.392  3367  3367 I Summit  : [INFO ] [    3367] 19:31:32.392: jni.mobilemanager: getMobileTechnology(): => @0xe7838600, tech:100
12-18 19:31:32.392  3367  3367 I Summit  : [INFO ] [    3367] 19:31:32.392: jni.mobilemanager: getIsRoaming(): => @0xe7838600, env:@0xf1e99400, peer:@0x269a
12-18 19:31:32.397  3367  3367 I Summit  : [INFO ] [    3367] 19:31:32.397: jni.mobilemanager: getIsRoaming(): => @0xe7838600, roaming:0
12-18 19:31:32.398  3367  3367 I Summit  : [INFO ] [    3367] 19:31:32.397: jni.mobilemanager: getNetworkAccessString(): => @0xe7838600, env:@0xf1e99400, peer:@0x269a
12-18 19:31:32.402  3367  3367 I Summit  :         [    3367] AndroidMobileManagerImpl: P-Access-Network-Info: IEEE-802.11; i-wlan-node-id=020000000000
12-18 19:31:32.402  3367  3367 I Summit  : [INFO ] [    3367] 19:31:32.402: jni.mobilemanager: getNetworkAccessString(): => @0xe7838600, pani:IEEE-802.11; i-wlan-node-id=020000000000
12-18 19:31:32.402  3367  3367 I Summit  : [INFO ] [    3367] 19:31:32.402: mobile.tech.simple: setupNetworkAccess(): Pani is IEEE-802.11; i-wlan-node-id=020000000000
12-18 19:31:32.402  3367  3367 D Summit  : [DEBUG] [    3367] 19:31:32.402: mobile.tech.simple: isNetworkAccessGood(): Found CELLID in PANI
12-18 19:31:32.403  3367  3367 I Summit  : [INFO ] [    3367] 19:31:32.402: mobile.tech.simple: setNetworkAccess(): new PANI = IEEE-802.11; i-wlan-node-id=020000000000
12-18 19:31:32.403  3367  3367 I Summit  : [INFO ] [    3367] 19:31:32.403: mobile.tech.simple: refresh(): 0xe7838600 Tech 100 => 100, roaming 0 => 0, pani IEEE-802.11; i-wlan-node-id=020000000000 -- sending onPreMobileTechChanged
12-18 19:31:32.403  3367  3367 I Summit  : [INFO ] [    3367] 19:31:32.403: mobile.tech.simple: refresh(): 0xe7838600 Tech 100 => 100, roaming 0 => 0, pani IEEE-802.11; i-wlan-node-id=020000000000 -- sending onMobileTechChanged
12-18 19:31:32.406  3367  3367 I Summit  :         [    3367] AndroidMobileManagerImpl: onReceive: noConnectivity=false, info1=[type: WIFI[], state: CONNECTED/CONNECTED, reason: (unspecified), extra: (none), failover: false, available: true, roaming: false], info2=null, reason=null, failOver=false
12-18 19:31:32.407  3367  3367 I Summit  :         [    3367] PlatformIpMonitorImpl: onLinkPropertiesChanged()
12-18 19:31:32.407  3367  3367 I Summit  : [INFO ] [    3367] 19:31:32.407: jni.platformipmonitor: nativeOnRoutingChanged(): <= @0xebd23480
12-18 19:31:32.408  3367  3367 I Summit  : [INFO ] [    3367] 19:31:32.408: sip.ua.clientmanager: onRoutingChanged(): 
12-18 19:31:32.408  3367  3386 I Summit  : [INFO ] [    3386] 19:31:32.408: jni.powerlockmanager: scheduleWakeUp(): => @0xebd1efa0, env:@0xe783b500, peer:@0x25e6, delayMs:1000
12-18 19:31:32.410  3367  3386 I Summit  :         [    3386] PowerLockManagerImpl: setAlarm: delay=1000, nextAlarm = 19:31:33.409
12-18 19:31:32.420  3367  3385 D Summit  : [DEBUG] [    3385] 19:31:32.420: sal.dns.impl: getQueryByTID(): rm query: 0xebe9b8c0, tid 26503, name cgp3.summit-tech.ca, type 1, request size: 1
12-18 19:31:32.420  3367  3385 D Summit  : [DEBUG] [    3385] 19:31:32.420: sal.dns.impl: parseResponse(): Removing DNS_TIMEOUT timer for query 0xebe9b8c0 tid 26503
12-18 19:31:32.420  3367  3385 I Summit  : [INFO ] [    3385] 19:31:32.420: sal.dns.cache2.db: initCacheDB(): ./dnscache.db3
12-18 19:31:32.420  3367  3385 W Summit  : [WARN ] [    3385] 19:31:32.420: sal.dns.cache2.db: initCacheDB(): Failed to sqlite3_open(./dnscache.db3)
12-18 19:31:32.420  3367  3385 W Summit  : [WARN ] [    3385] 19:31:32.420: sal.dns.cache2.db: initCacheDB(): Failed to init dns cache db, will not use DNS cache DB
12-18 19:31:32.420  3367  3385 I Summit  : [INFO ] [    3385] 19:31:32.420: sal.dns.cache2.db: closeCacheDB(): m_cacheDb 0xd3f28008
12-18 19:31:32.420  3367  3385 D Summit  : [DEBUG] [    3385] 19:31:32.420: sal.dns.cache2.db: storeCacheEntry(): m_cacheDb 0x0
12-18 19:31:32.420  3367  3385 E Summit  : [ERROR] [    3385] 19:31:32.420: sal.dns.cache2.db: storeCacheEntry(): not initialized , exiting
12-18 19:31:32.421  3367  3385 D Summit  : [DEBUG] [    3385] 19:31:32.420: sal.dns.impl: callHandler(): dns query:cgp3.summit-tech.ca => 64.254.242.138 results.size:1, time: 36 ms callback 0xd3f0b814
12-18 19:31:32.421  3367  3386 I Summit  : [INFO ] [    3386] 19:31:32.421: jni.powerlockmanager: scheduleWakeUp(): => @0xebd1efa0, env:@0xe783b500, peer:@0x25e6, delayMs:987
12-18 19:31:32.423  3367  3386 I Summit  :         [    3386] PowerLockManagerImpl: setAlarm: delay=987, nextAlarm = 19:31:33.409
12-18 19:31:32.423  3367  3385 D Summit  : [DEBUG] [    3385] 19:31:32.421: sal.dns.impl: callHandler(): Results:1, calling onDnsQueryResult
12-18 19:31:32.423  3367  3385 I Summit  : [INFO ] [    3385] 19:31:32.423: sip.transport.http: hostResolved(): hostname:cgp3.summit-tech.ca, host:64.254.242.138, msg flags:0x00000010
12-18 19:31:32.423  3367  3385 I Summit  : [INFO ] [    3385] 19:31:32.423: sal.sslsocket: logOpensslInfo(): compiled openssl version:100020ef 'OpenSSL 1.0.2n  7 Dec 2017'
12-18 19:31:32.423  3367  3385 I Summit  : [INFO ] [    3385] 19:31:32.423: sal.sslsocket: logOpensslInfo():   linked openssl version:100020bf 'OpenSSL 1.0.2k  26 Jan 2017'
12-18 19:31:32.423  3367  3385 I Summit  : [INFO ] [    3385] 19:31:32.423: sal.sslsocket: newCtx(): Enabling SSL version:TLSv1, flags:0x3000000
12-18 19:31:32.427  3367  3385 I Summit  : [INFO ] [    3385] 19:31:32.427: linux.socket.tcp: create(): Created socket fd: 60  type: Generic
12-18 19:31:32.427  3367  3385 D Summit  : [DEBUG] [    3385] 19:31:32.427: sip.transport.http: startTransactionTimer(): Setting a 18000 ms timer for this transaction, trans=0xd3f0b800
12-18 19:31:32.427  3367  3385 D Summit  : [DEBUG] [    3385] 19:31:32.427: sip.transport.http: hostResolved(): @0xebe9b7e0: Connecting to 64.254.242.138:443 with socket 0xebec23c0 (60) for transaction /services/beammeto/version.php?platform=android&product=ctc-demo-sdk&version=0.0.01&device=358240051111110&simMcc=310260&networkMcc=310260&manufacturer=Google&device_m=Android%20SDK%20built%20for%20x86
12-18 19:31:32.430  3367  3385 W Summit  : [WARN ] [    3385] 19:31:32.430: sal.os.routetable_v4: getBestRoute(): dest:64.254.242.138:443, no route found
12-18 19:31:32.430  3367  3385 I Summit  : [INFO ] [    3385] 19:31:32.430: sal.socket: getLocalAddress(): Using interface: '' socket type: Generic flags 0x0
12-18 19:31:32.432  3367  3386 I Summit  : [INFO ] [    3386] 19:31:32.432: jni.powerlockmanager: scheduleWakeUp(): => @0xebd1efa0, env:@0xe783b500, peer:@0x25e6, delayMs:50
12-18 19:31:32.434  3367  3386 I Summit  :         [    3386] PowerLockManagerImpl: setAlarm: delay=50, nextAlarm = 19:31:32.483
12-18 19:31:32.439  3367  3386 I Summit  : [INFO ] [    3386] 19:31:32.439: jni.powerlockmanager: scheduleWakeUp(): => @0xebd1efa0, env:@0xe783b500, peer:@0x25e6, delayMs:43
12-18 19:31:32.440  3367  3386 I Summit  :         [    3386] PowerLockManagerImpl: setAlarm: delay=43, nextAlarm = 19:31:32.483
12-18 19:31:32.442  3367  3385 I Summit  : [INFO ] [    3385] 19:31:32.442: sal.sslsocket: onConnected(): ssl version:TLSv1.2
12-18 19:31:32.442  3367  3385 D Summit  : [DEBUG] [    3385] 19:31:32.442: sip.httptransaction: onMessage(): @0xd3f0b800: Socket 0xebec23c0 connected for transaction /services/beammeto/version.php?platform=android&product=ctc-demo-sdk&version=0.0.01&device=358240051111110&simMcc=310260&networkMcc=310260&manufacturer=Google&device_m=Android%20SDK%20built%20for%20x86
12-18 19:31:32.461  3367  3385 D Summit  : [DEBUG] [    3385] 19:31:32.461: sip.httptransaction: stateWritingRequest(): @0xd3f0b800: Request fully sent for transaction /services/beammeto/version.php?platform=android&product=ctc-demo-sdk&version=0.0.01&device=358240051111110&simMcc=310260&networkMcc=310260&manufacturer=Google&device_m=Android%20SDK%20built%20for%20x86
12-18 19:31:32.461  3367  3385 D Summit  : [DEBUG] [    3385] 19:31:32.461: sip.httptransaction: handleRead(): httpReadHeader
12-18 19:31:32.462  3367  3385 D Summit  : [DEBUG] [    3385] 19:31:32.461: sip.httptransaction: handleRead(): httpReadHeader
12-18 19:31:32.462  3367  3385 D Summit  : [DEBUG] [    3385] 19:31:32.462: sip.httptransaction: handleRead(): httpReadHeader
12-18 19:31:32.476  3367  3385 D Summit  : [DEBUG] [    3385] 19:31:32.476: sip.httptransaction: handleRead(): @0xd3f0b800: read 299/16384 bytes, state=httpReadHeader
12-18 19:31:32.476  3367  3385 D Summit  : [DEBUG] [    3385] 19:31:32.476: sip.httptransaction: handleRead(): httpReadHeader
12-18 19:31:32.477  3367  3385 D Summit  : [DEBUG] [    3385] 19:31:32.476: sip.httptransaction: handleRead(): @0xd3f0b800: Parsed response status line HTTP/1.1 200 OK
12-18 19:31:32.477  3367  3385 D Summit  : [DEBUG] [    3385] 19:31:32.477: sip.httptransaction: setTransactionState(): @0xd3f0b800: method=GET, uri=/services/beammeto/version.php?platform=android&product=ctc-demo-sdk&version=0.0.01&device=358240051111110&simMcc=310260&networkMcc=310260&manufacturer=Google&device_m=Android%20SDK%20built%20for%20x86: State change 0 => 1
12-18 19:31:32.477  3367  3385 D Summit  : [DEBUG] [    3385] 19:31:32.477: sip.httptransaction: handleRead(): Got content-length of 26
12-18 19:31:32.477  3367  3385 D Summit  : [DEBUG] [    3385] 19:31:32.477: sip.httptransaction: handleRead(): @0xd3f0b800: done reading 26 / 26
12-18 19:31:32.477  3367  3385 D Summit  : [DEBUG] [    3385] 19:31:32.477: sip.httptransaction: setTransactionState(): @0xd3f0b800: method=GET, uri=/services/beammeto/version.php?platform=android&product=ctc-demo-sdk&version=0.0.01&device=358240051111110&simMcc=310260&networkMcc=310260&manufacturer=Google&device_m=Android%20SDK%20built%20for%20x86: State change 1 => 4
12-18 19:31:32.477  3367  3385 D Summit  : [DEBUG] [    3385] 19:31:32.477: sip.httptransaction: closeTransaction(): @0xd3f0b800
12-18 19:31:32.477  3367  3385 D Summit  : [DEBUG] [    3385] 19:31:32.477: sip.httptransaction: closeTransaction(): @0xd3f0b800: UnregisterSocket, socket=0xebec23c0 (60)
12-18 19:31:32.477  3367  3385 I Summit  : [INFO ] [    3385] 19:31:32.477: linux.socket: close(): for TCP socket 60
12-18 19:31:32.478  3367  3385 D Summit  : [DEBUG] [    3385] 19:31:32.477: sip.transport.http: onResponse(): Removing timer trans=0xd3f0b800
12-18 19:31:32.478  3367  3385 I Summit  : [INFO ] [    3385] 19:31:32.478: sip.transport.http: IN  #002 <== https: HTTP/1.1 200 OK from cgp3.summit-tech.ca:0, 26 bytes
12-18 19:31:32.478  3367  3385 I Summit  : [INFO ] [    3385] 19:31:32.478: jni.clientlicensing: onResult(): => @0xebe5e670
12-18 19:31:32.479  3367  3385 I Summit  :         [    3385] ClientLicensingImpl: onLicensingResult(licenseResult=0, versionResult=0
12-18 19:31:32.480  3367  3385 V Summit-Android: com.summit.nexos.provisioning.Starting: access$000 [Thread:"Thread-2"]
12-18 19:31:32.480  3367  3385 V Summit-Android: com.summit.nexos.provisioning.Starting: access$000 <- "com.summit.nexos.provisioning.Starting" [0ms]
12-18 19:31:32.480  3367  3385 D Summit-Android: com.summit.nexos.provisioning.Starting: checkClientLicensing: onLicenseResult: isAllowedToSignIn=true
12-18 19:31:32.481  3367  3385 V Summit-Android: com.summit.nexos.provisioning.Starting: access$200: x0=com.summit.nexos.provisioning.Starting@a074f63 [Thread:"Thread-2"]
12-18 19:31:32.481  3367  3385 V Summit-Android: com.summit.nexos.provisioning.Starting: getName [Thread:"Thread-2"]
12-18 19:31:32.481  3367  3385 V Summit-Android: com.summit.nexos.provisioning.Starting: getName <- STARTING_UP [0ms]
12-18 19:31:32.481  3367  3385 V Summit-Android: com.summit.nexos.api.SummitNexosServer: getNexosClient [Thread:"Thread-2"]
12-18 19:31:32.481  3367  3385 V Summit-Android: com.summit.nexos.api.SummitNexosServer: getNexosClient <- com.summit.nexos.api.SummitNexosClient@dd92794 [0ms]
12-18 19:31:32.481  3367  3385 V Summit-Android: com.summit.nexos.api.SummitNexosServer: getNexosClient [Thread:"Thread-2"]
12-18 19:31:32.482  3367  3385 V Summit-Android: com.summit.nexos.api.SummitNexosServer: getNexosClient <- com.summit.nexos.api.SummitNexosClient@dd92794 [0ms]
12-18 19:31:32.482  3367  3385 V Summit-Android: com.summit.nexos.api.SummitNexosClient: removeSipClientListener: handler=com.summit.nexos.provisioning.Starting@a074f63 [Thread:"Thread-2"]
12-18 19:31:32.482  3367  3385 V Summit-Android: com.summit.nexos.api.SummitNexosClient: getSipClient [Thread:"Thread-2"]
12-18 19:31:32.482  3367  3385 V Summit-Android: com.summit.nexos.api.SummitNexosClient: getSipClient <- com.summit.ndk.client.impl.SipClientImpl@ffd223d [0ms]
12-18 19:31:32.482  3367  3385 V Summit-Android: com.summit.nexos.api.SummitNexosClient: removeSipClientListener <- void [0ms]
12-18 19:31:32.483  3367  3385 V Summit-Android: com.summit.nexos.provisioning.Starting: getName [Thread:"Thread-2"]
12-18 19:31:32.483  3367  3385 V Summit-Android: com.summit.nexos.provisioning.Starting: getName <- STARTING_UP [0ms]
12-18 19:31:32.483  3367  3385 V Summit-Android: com.summit.nexos.startupmachine.StartupStateMachine: next: currentState=STARTING_UP, nextState=null [Thread:"Thread-2"]
12-18 19:31:32.483  3367  3385 D Summit-Android: com.summit.nexos.startupmachine.StartupStateMachine: next: no specific state provided, getting the first one as default
12-18 19:31:32.483  3367  3385 V Summit-Android: com.summit.nexos.provisioning.Provisioning: getName [Thread:"Thread-2"]
12-18 19:31:32.483  3367  3385 V Summit-Android: com.summit.nexos.provisioning.Provisioning: getName <- PROVISIONING [0ms]
12-18 19:31:32.483  3367  3385 D Summit-Android: com.summit.nexos.startupmachine.StartupStateMachine: next: step to run PROVISIONING
12-18 19:31:32.484  3367  3385 V Summit-Android: com.summit.nexos.provisioning.Provisioning: getName [Thread:"Thread-2"]
12-18 19:31:32.484  3367  3385 V Summit-Android: com.summit.nexos.provisioning.Provisioning: getName <- PROVISIONING [0ms]
12-18 19:31:32.484  3367  3385 V Summit-Android: com.summit.nexos.startupmachine.StartupStateMachine: updateServiceState: state=PROVISIONING [Thread:"Thread-2"]
12-18 19:31:32.484  3367  3385 V Summit-Android: com.summit.nexos.api.SummitNexosServer: setState: serviceState=2 [Thread:"Thread-2"]
12-18 19:31:32.484  3367  3385 D Summit-Android: com.summit.nexos.api.SummitNexosServer: setState: serviceState=2
12-18 19:31:32.484  3367  3385 V Summit-Android: com.summit.nexos.api.SummitNexosServer: setError: faultId=0, faultInfo="" [Thread:"Thread-2"]
12-18 19:31:32.484  3367  3385 D Summit-Android: com.summit.nexos.api.SummitNexosServer: setError: faultId=0, faultInfo=
12-18 19:31:32.485  3367  3385 V Summit-Android: com.summit.nexos.api.SummitNexosServer: setError <- void [0ms]
12-18 19:31:32.485  3367  3385 D Summit-Android: com.summit.nexos.api.SummitNexosServer: setState: sending notification for client state
12-18 19:31:32.485  3367  3385 V Summit-Android: com.summit.nexos.api.SummitNexosServer: getNexosClient [Thread:"Thread-2"]
12-18 19:31:32.485  3367  3385 V Summit-Android: com.summit.nexos.api.SummitNexosServer: getNexosClient <- com.summit.nexos.api.SummitNexosClient@dd92794 [0ms]
12-18 19:31:32.485  3367  3385 V Summit-Android: com.summit.nexos.api.SummitNexosClient: getContext [Thread:"Thread-2"]
12-18 19:31:32.485  3367  3385 V Summit-Android: com.summit.nexos.api.SummitNexosClient: getContext <- com.summit.nexos.sdk.app.service.ServiceApp@bcba94a [0ms]
12-18 19:31:32.486  3367  3385 V Summit-Android: com.summit.nexos.model.helper.BroadcastHelper: sendNotifyConnectionState: context=com.summit.nexos.sdk.app.service.ServiceApp@bcba94a, state=2 [Thread:"Thread-2"]
12-18 19:31:32.487  3367  3386 I Summit  : [INFO ] [    3386] 19:31:32.487: sal.dns.query: onTimer(): 0xebe9b8c0 timerName DNS_REMOVE
12-18 19:31:32.487  3367  3386 D Summit  : [DEBUG] [    3386] 19:31:32.487: sal.dns.query: ~DNSQueryImpl(): query:'cgp3.summit-tech.ca' type:1 tid:26503 query:0xebe9b8c0 callback:0x0
12-18 19:31:32.487  3367  3386 I Summit  : [INFO ] [    3386] 19:31:32.487: jni.powerlockmanager: scheduleWakeUp(): => @0xebd1efa0, env:@0xe783b500, peer:@0x25e6, delayMs:921
12-18 19:31:32.488  3367  3386 I Summit  :         [    3386] PowerLockManagerImpl: setAlarm: delay=921, nextAlarm = 19:31:33.409
12-18 19:31:32.490  3367  3385 V Summit-Android: com.summit.nexos.model.helper.BroadcastHelper: sendNotifyConnectionState <- void [0ms]
12-18 19:31:32.490  3367  3385 V Summit-Android: com.summit.nexos.api.SummitNexosServer: getServiceStateListener [Thread:"Thread-2"]
12-18 19:31:32.490  3367  3385 V Summit-Android: com.summit.nexos.api.SummitNexosServer: getServiceStateListener <- [com.summit.nexos.aidl.server.INexosServerBinder@a229306] [0ms]
12-18 19:31:32.490  3367  3385 V Summit-Android: com.summit.nexos.aidl.server.INexosServerBinder: onNexosServiceStateChanged: serviceState=2 [Thread:"Thread-2"]
12-18 19:31:32.490  3367  3385 D Summit-Android: com.summit.nexos.aidl.server.INexosServerBinder : onNexosServiceStateChanged: serviceState=2
12-18 19:31:32.491  3367  3385 V Summit-Android: com.summit.nexos.aidl.server.INexosServerBinder: getNexosImsSdkListeners [Thread:"Thread-2"]
12-18 19:31:32.491  3367  3385 V Summit-Android: com.summit.nexos.aidl.server.INexosServerBinder: getNexosImsSdkListeners <- [] [0ms]
12-18 19:31:32.491  3367  3385 D Summit-Android: com.summit.nexos.aidl.server.INexosServerBinder : onNexosServiceStateChanged: no nexosImsSdkListeners
12-18 19:31:32.491  3367  3385 V Summit-Android: com.summit.nexos.aidl.server.INexosServerBinder: onNexosServiceStateChanged <- void [0ms]
12-18 19:31:32.491  3367  3385 V Summit-Android: com.summit.nexos.api.SummitNexosServer: setState <- void [0ms]
12-18 19:31:32.492  3367  3385 V Summit-Android: com.summit.nexos.startupmachine.StartupStateMachine: updateServiceState <- void [0ms]
12-18 19:31:32.492  3367  3385 V Summit-Android: com.summit.nexos.startupmachine.StartupStateMachine: next <- void [0ms]
12-18 19:31:32.493  3367  3385 V Summit-Android: com.summit.nexos.provisioning.Starting: access$200 <- void [0ms]
12-18 19:31:32.493  3367  3385 I Summit  : [INFO ] [    3385] 19:31:32.493: sal.workerthread: stopWorkerThread(): @0xebeac1a0, thread @0xebe985d0, active: 1
12-18 19:31:32.493  3367  3400 V Summit-Android: com.summit.nexos.api.SummitNexosServer: getNexosClient [Thread:"Thread-6"]
12-18 19:31:32.493  3367  3400 V Summit-Android: com.summit.nexos.api.SummitNexosServer: getNexosClient <- com.summit.nexos.api.SummitNexosClient@dd92794 [0ms]
12-18 19:31:32.493  3367  3385 I Summit  : [INFO ] [    3385] 19:31:32.493: sip.transport.http: quit(): 
12-18 19:31:32.493  3367  3385 D Summit  : [DEBUG] [    3385] 19:31:32.493: sip.transport.http: stopTransactionTimer(): Removing timer trans=0xd3f0b800
12-18 19:31:32.493  3367  3400 V Summit-Android: com.summit.nexos.api.SummitNexosServer: getNexosClient [Thread:"Thread-6"]
12-18 19:31:32.493  3367  3385 D Summit  : [DEBUG] [    3385] 19:31:32.493: sip.transport.http: TransactionComplete(): @0xebe9b7e0
12-18 19:31:32.493  3367  3385 D Summit  : [DEBUG] [    3385] 19:31:32.493: sip.httptransaction: closeTransaction(): @0xd3f0b800
12-18 19:31:32.493  3367  3400 V Summit-Android: com.summit.nexos.api.SummitNexosServer: getNexosClient <- com.summit.nexos.api.SummitNexosClient@dd92794 [0ms]
12-18 19:31:32.493  3367  3385 D Summit  : [DEBUG] [    3385] 19:31:32.493: sip.transport.http: DumpTransactions(): @0xebe9b7e0: 0 active, 0 in queue
12-18 19:31:32.494  3367  3400 V Summit-Android: com.summit.nexos.api.SummitNexosClient: addSipClientListener: handler=com.summit.nexos.provisioning.Provisioning@8df2760 [Thread:"Thread-6"]
12-18 19:31:32.494  3367  3385 I Summit  : [INFO ] [    3385] 19:31:32.494: sip.httptransaction: onMessage(): Socket is NULL, event:0x4, state:4
12-18 19:31:32.494  3367  3400 D Summit-Android: com.summit.nexos.api.SummitNexosClient: addSipClientListener
12-18 19:31:32.494  3367  3385 D Summit  : [DEBUG] [    3385] 19:31:32.494: sip.httptransaction: ~HTTPTransaction(): @0xd3f0b800
12-18 19:31:32.494  3367  3385 I Summit  : [INFO ] [    3385] 19:31:32.494: sip.transport.http: ~HTTPTransport(): @0xebe9b7e0
12-18 19:31:32.494  3367  3385 D Summit  : [DEBUG] [    3385] 19:31:32.494: sip.httptransaction: closeTransaction(): @0xd3f0b800
12-18 19:31:32.494  3367  3400 V Summit-Android: com.summit.nexos.api.SummitNexosClient: getSipClient [Thread:"Thread-6"]
12-18 19:31:32.494  3367  3400 V Summit-Android: com.summit.nexos.api.SummitNexosClient: getSipClient <- com.summit.ndk.client.impl.SipClientImpl@ffd223d [0ms]
12-18 19:31:32.494  3367  3400 I Summit  : [INFO ] [    3400] 19:31:32.494: jni.sipclient: nativeGetClientState(): <= client @0xe7857000, state:0
12-18 19:31:32.494  3367  3400 I Summit  : [INFO ] [    3400] 19:31:32.494: jni.sipclient: nativeGetProvisioningState(): <= client @0xe7857000, state:40
12-18 19:31:32.495  3367  3400 I Summit  :         [    3400] SipClientImpl: addListener: STATE_UNREGISTERED STATE_AC_NEED_FIRST_TIME
12-18 19:31:32.495  3367  3400 I Summit  :         [    3400] SipClientImpl: addListener: Dispatch onClientStateChange
12-18 19:31:32.495  3367  3400 D Summit-Android: com.summit.nexos.startupmachine.Step: onClientStateChange: override on demand
12-18 19:31:32.496  3367  3400 I Summit  :         [    3400] SipClientImpl: addListener: onProvisioningStateChange
12-18 19:31:32.496  3367  3400 D Summit-Android: com.summit.nexos.startupmachine.Step: onProvisioningStateChange: override on demand
12-18 19:31:32.496  3367  3400 V Summit-Android: com.summit.nexos.api.SummitNexosClient: addSipClientListener <- void [0ms]
12-18 19:31:32.496  3367  3400 V Summit-Android: com.summit.nexos.provisioning.Provisioning: handle [Thread:"Thread-6"]
12-18 19:31:32.496  3367  3400 V Summit-Android: com.summit.nexos.provisioning.Provisioning: getCredentials [Thread:"Thread-6"]
12-18 19:31:32.497  3367  3400 V Summit-Android: com.summit.nexos.api.SummitNexosServer: getNexosClient [Thread:"Thread-6"]
12-18 19:31:32.497  3367  3400 V Summit-Android: com.summit.nexos.api.SummitNexosServer: getNexosClient <- com.summit.nexos.api.SummitNexosClient@dd92794 [0ms]
12-18 19:31:32.497  3367  3400 V Summit-Android: com.summit.nexos.api.SummitNexosServer: getNexosClient [Thread:"Thread-6"]
12-18 19:31:32.498  3367  3400 V Summit-Android: com.summit.nexos.api.SummitNexosServer: getNexosClient <- com.summit.nexos.api.SummitNexosClient@dd92794 [0ms]
12-18 19:31:32.498  3367  3400 V Summit-Android: com.summit.nexos.api.SummitNexosClient: getConfig: key="App.imsUsername", defaultValue=null [Thread:"Thread-6"]
12-18 19:31:32.499  3367  3400 V Summit-Android: com.summit.nexos.api.SummitNexosClient: getConfigObject [Thread:"Thread-6"]
12-18 19:31:32.499  3367  3400 V Summit-Android: com.summit.nexos.api.SummitNexosClient: getConfigObject <- com.summit.ndk.sal.impl.ConfigObjectImpl@932809a [0ms]
12-18 19:31:32.499  3367  3400 I Summit  : [INFO ] [    3400] 19:31:32.499: jni.configobject: nativeGetConfig(): <= global key:App.imsUsername not found, return null
12-18 19:31:32.499  3367  3400 W Summit-Android: com.summit.nexos.api.SummitNexosClient: getConfig: config from stack is null, getting from shared preferences
12-18 19:31:32.499  3367  3400 V Summit-Android: com.summit.nexos.api.SummitNexosClient: getConfigFromSharedPreferences: key="App.imsUsername" [Thread:"Thread-6"]
12-18 19:31:32.499  3367  3400 V Summit-Android: com.summit.nexos.api.SummitNexosClient: getSharedPreferences [Thread:"Thread-6"]
12-18 19:31:32.501  3367  3400 V Summit-Android: com.summit.nexos.api.SummitNexosClient: getSharedPreferences <- android.app.SharedPreferencesImpl@1219d64 [0ms]
12-18 19:31:32.501  3367  3400 V Summit-Android: com.summit.nexos.api.SummitNexosClient: getConfigFromSharedPreferences <- "" [0ms]
12-18 19:31:32.501  3367  3400 V Summit-Android: com.summit.nexos.api.SummitNexosClient: getConfig <- "" [0ms]
12-18 19:31:32.501  3367  3400 V Summit-Android: com.summit.nexos.provisioning.Provisioning: getCredentials <- null [0ms]
12-18 19:31:32.501  3367  3400 V Summit-Android: com.summit.nexos.api.SummitNexosServer: getNexosClient [Thread:"Thread-6"]
12-18 19:31:32.501  3367  3400 V Summit-Android: com.summit.nexos.api.SummitNexosServer: getNexosClient <- com.summit.nexos.api.SummitNexosClient@dd92794 [0ms]
12-18 19:31:32.502  3367  3400 V Summit-Android: com.summit.nexos.api.SummitNexosClient: getProvisioningState [Thread:"Thread-6"]
12-18 19:31:32.502  3367  3400 V Summit-Android: com.summit.nexos.api.SummitNexosClient: getSipClient [Thread:"Thread-6"]
12-18 19:31:32.502  3367  3400 V Summit-Android: com.summit.nexos.api.SummitNexosClient: getSipClient <- com.summit.ndk.client.impl.SipClientImpl@ffd223d [0ms]
12-18 19:31:32.502  3367  3400 I Summit  : [INFO ] [    3400] 19:31:32.502: jni.sipclient: nativeGetProvisioningState(): <= client @0xe7857000, state:40
12-18 19:31:32.502  3367  3400 V Summit-Android: com.summit.nexos.api.SummitNexosClient: getProvisioningState <- STATE_AC_NEED_FIRST_TIME [0ms]
12-18 19:31:32.502  3367  3400 V Summit-Android: com.summit.nexos.api.SummitNexosServer: getNexosClient [Thread:"Thread-6"]
12-18 19:31:32.503  3367  3400 V Summit-Android: com.summit.nexos.api.SummitNexosServer: getNexosClient <- com.summit.nexos.api.SummitNexosClient@dd92794 [0ms]
12-18 19:31:32.503  3367  3400 V Summit-Android: com.summit.nexos.api.SummitNexosClient: provisioning [Thread:"Thread-6"]
12-18 19:31:32.503  3367  3400 V Summit-Android: com.summit.nexos.api.SummitNexosClient: getSipClient [Thread:"Thread-6"]
12-18 19:31:32.503  3367  3400 V Summit-Android: com.summit.nexos.api.SummitNexosClient: getSipClient <- com.summit.ndk.client.impl.SipClientImpl@ffd223d [0ms]
12-18 19:31:32.503  3367  3400 I Summit  : [INFO ] [    3400] 19:31:32.503: jni.sipclient: nativeProvisioning(): <= @0xebd233c0
12-18 19:31:32.504  3367  3400 I Summit  : [INFO ] [    3400] 19:31:32.503: sip.ua.client: provisioning(): flags 0x0
12-18 19:31:32.504  3367  3400 I Summit  : [INFO ] [    3400] 19:31:32.504: sip.ua.client: setState(): 0 (Unregistered) => 10: (Provisioning)
12-18 19:31:32.504  3367  3400 W Summit  : [WARN ] [    3400] 19:31:32.504: sip.ua.client: setState(): Identity is null
12-18 19:31:32.504  3367  3400 I Summit  : [INFO ] [    3400] 19:31:32.504: jni.sipclient: onClientStateChange(): => oldState:0, newState:10
12-18 19:31:32.504  3367  3400 I Summit  :         [    3400] SipClientImpl: onClientStateChange(oldState=0, newState=10)
12-18 19:31:32.504  3367  3400 I Summit  : [INFO ] [    3400] 19:31:32.504: rcs.groupchatmgr.new: onClientStateChange(): 0 => 10
12-18 19:31:32.504  3367  3400 D Summit  : [DEBUG] [    3400] 19:31:32.504: rcs.filetransfer: onClientStateChange(): state Unregistered => Provisioning
12-18 19:31:32.505  3367  3400 D Summit  : [DEBUG] [    3400] 19:31:32.505: rcse.autoconfig: wasProvisionedOnce(): state AC_NEED_FIRST_TIME, wasProvisioned=false
12-18 19:31:32.505  3367  3400 D Summit  : [DEBUG] [    3400] 19:31:32.505: rcse.autoconfig: firstTime(): State=AC_NEED_FIRST_TIME
12-18 19:31:32.505  3367  3400 I Summit  : [INFO ] [    3400] 19:31:32.505: sal.device: getDualMccMnc(): Sim1 is: 310260 sz:6  Sim2 is:  sz:0 
12-18 19:31:32.505  3367  3400 I Summit  : [INFO ] [    3400] 19:31:32.505: sal.device: getDualMccMnc(): available sims:310260
12-18 19:31:32.505  3367  3400 I Summit  : [INFO ] [    3400] 19:31:32.505: rcse.autoconfig: isSimAllowed(): Identified MCC/MNC: 310260, Country: us, Allowed: true
12-18 19:31:32.505  3367  3400 D Summit  : [DEBUG] [    3400] 19:31:32.505: rcse.autoconfig: resetUrl(): RCSe.Autoconfig.URL = acs.erl.rcs.st
12-18 19:31:32.505  3367  3400 D Summit  : [DEBUG] [    3400] 19:31:32.505: rcse.autoconfig: resetUrl(): [0] acs.erl.rcs.st
12-18 19:31:32.505  3367  3400 I Summit  : [INFO ] [    3400] 19:31:32.505: jni.mobilemanager: getMobileTechnology(): => @0xe7838600, env:@0xebe89c80, peer:@0x269a
12-18 19:31:32.507  3367  3400 I Summit  :         [    3400] AndroidMobileManagerImpl: readNetTechnology: info=[type: WIFI[], state: CONNECTED/CONNECTED, reason: (unspecified), extra: (none), failover: false, available: true, roaming: false]
12-18 19:31:32.509  3367  3400 I Summit  : [INFO ] [    3400] 19:31:32.509: jni.mobilemanager: getMobileTechnology(): => @0xe7838600, tech:100
12-18 19:31:32.509  3367  3400 D Summit  : [DEBUG] [    3400] 19:31:32.509: rcse.autoconfig: isNonPsAccess(): WIFI
12-18 19:31:32.509  3367  3400 I Summit  : [INFO ] [    3400] 19:31:32.509: rcse.autoconfig: firstTime(): Wifi provisioning first request will require MSISDN
12-18 19:31:32.509  3367  3400 I Summit  : [INFO ] [    3400] 19:31:32.509: rcse.autoconfig: firstTime(): 248: Set request 3 => 3
12-18 19:31:32.509  3367  3400 I Summit  : [INFO ] [    3400] 19:31:32.509: rcse.autoconfig: fireMsisdnRequired(): 1000: Set state AC_NEED_FIRST_TIME (40) => AC_NEED_MSISDN (70)
12-18 19:31:32.509  3367  3400 I Summit  : [INFO ] [    3400] 19:31:32.509: sip.ua.client: onProvisioningStateChange(): AC_NEED_FIRST_TIME => AC_NEED_MSISDN
12-18 19:31:32.509  3367  3400 I Summit  : [INFO ] [    3400] 19:31:32.509: jni.sipclient: onProvisioningStateChange(): => oldState:40, newState:70
12-18 19:31:32.510  3367  3400 I Summit  :         [    3400] SipClientImpl: onProvisioningStateChange(oldState=40, newState=70)
12-18 19:31:32.510  3367  3400 I Summit  : [INFO ] [    3400] 19:31:32.510: rcse.autoconfig: fireMsisdnRequired(): MSISDN still empty, setting MSISDN timeout:0
12-18 19:31:32.510  3367  3400 D Summit  : [DEBUG] [    3400] 19:31:32.510: sip.ua.client: provisioning(): No err or handler(0xebd233d4)
12-18 19:31:32.510  3367  3400 V Summit-Android: com.summit.nexos.api.SummitNexosClient: provisioning <- true [0ms]
12-18 19:31:32.510  3367  3400 V Summit-Android: com.summit.nexos.provisioning.Provisioning: handle <- void [0ms]
12-18 19:31:33.032  3367  3391 V Summit-Android: com.summit.nexos.api.SummitNexosServer: access$000: x0=com.summit.nexos.api.SummitNexosServer@6c8fd8a [Thread:"pool-2-thread-1"]
12-18 19:31:33.032  3367  3391 V Summit-Android: com.summit.nexos.api.SummitNexosServer: notifyNexosServiceStateConnected [Thread:"pool-2-thread-1"]
12-18 19:31:33.033  3367  3391 V Summit-Android: com.summit.nexos.api.SummitNexosServer: notifyNexosServiceStateConnected: serviceName="client" [Thread:"pool-2-thread-1"]
12-18 19:31:33.034  3367  3391 V Summit-Android: com.summit.nexos.api.SummitNexosServer: getNexosServiceStateListeners [Thread:"pool-2-thread-1"]
12-18 19:31:33.034  3367  3391 V Summit-Android: com.summit.nexos.api.SummitNexosServer: getNexosServiceStateListeners <- [com.summit.nexos.aidl.server.INexosServerBinder@a229306] [0ms]
12-18 19:31:33.035  3367  3391 V Summit-Android: com.summit.nexos.aidl.server.INexosServerBinder: onConnected: name="client" [Thread:"pool-2-thread-1"]
12-18 19:31:33.035  3367  3391 D Summit-Android: INexosServerBinder: onConnected: name=client
12-18 19:31:33.038  3367  3391 V Summit-Android: com.summit.nexos.aidl.server.INexosServerBinder: getNexosServiceStateListeners [Thread:"pool-2-thread-1"]
12-18 19:31:33.038  3367  3391 V Summit-Android: com.summit.nexos.aidl.server.INexosServerBinder: getNexosServiceStateListeners <- [] [0ms]
12-18 19:31:33.039  3367  3391 V Summit-Android: com.summit.nexos.aidl.server.INexosServerBinder: onConnected <- void [0ms]
12-18 19:31:33.039  3367  3391 V Summit-Android: com.summit.nexos.api.SummitNexosServer: notifyNexosServiceStateConnected <- void [0ms]
12-18 19:31:33.039  3367  3391 V Summit-Android: com.summit.nexos.api.SummitNexosServer: notifyNexosServiceStateConnected: serviceName="uce" [Thread:"pool-2-thread-1"]
12-18 19:31:33.040  3367  3391 V Summit-Android: com.summit.nexos.api.SummitNexosServer: getNexosServiceStateListeners [Thread:"pool-2-thread-1"]
12-18 19:31:33.048  3367  3391 V Summit-Android: com.summit.nexos.api.SummitNexosServer: getNexosServiceStateListeners <- [com.summit.nexos.aidl.server.INexosServerBinder@a229306] [7ms]
12-18 19:31:33.049  3367  3391 V Summit-Android: com.summit.nexos.aidl.server.INexosServerBinder: onConnected: name="uce" [Thread:"pool-2-thread-1"]
12-18 19:31:33.050  3367  3391 D Summit-Android: INexosServerBinder: onConnected: name=uce
12-18 19:31:33.051  3367  3391 V Summit-Android: com.summit.nexos.aidl.server.INexosServerBinder: getNexosServiceStateListeners [Thread:"pool-2-thread-1"]
12-18 19:31:33.051  3367  3391 V Summit-Android: com.summit.nexos.aidl.server.INexosServerBinder: getNexosServiceStateListeners <- [] [0ms]
12-18 19:31:33.051  3367  3391 V Summit-Android: com.summit.nexos.aidl.server.INexosServerBinder: onConnected <- void [0ms]
12-18 19:31:33.051  3367  3391 V Summit-Android: com.summit.nexos.api.SummitNexosServer: notifyNexosServiceStateConnected <- void [0ms]
12-18 19:31:33.052  3367  3391 V Summit-Android: com.summit.nexos.api.SummitNexosServer: notifyNexosServiceStateConnected: serviceName="RcsChatService" [Thread:"pool-2-thread-1"]
12-18 19:31:33.052  3367  3391 V Summit-Android: com.summit.nexos.api.SummitNexosServer: getNexosServiceStateListeners [Thread:"pool-2-thread-1"]
12-18 19:31:33.052  3367  3391 V Summit-Android: com.summit.nexos.api.SummitNexosServer: getNexosServiceStateListeners <- [com.summit.nexos.aidl.server.INexosServerBinder@a229306] [0ms]
12-18 19:31:33.052  3367  3391 V Summit-Android: com.summit.nexos.aidl.server.INexosServerBinder: onConnected: name="RcsChatService" [Thread:"pool-2-thread-1"]
12-18 19:31:33.052  3367  3391 D Summit-Android: INexosServerBinder: onConnected: name=RcsChatService
12-18 19:31:33.052  3367  3391 V Summit-Android: com.summit.nexos.aidl.server.INexosServerBinder: getNexosServiceStateListeners [Thread:"pool-2-thread-1"]
12-18 19:31:33.053  3367  3391 V Summit-Android: com.summit.nexos.aidl.server.INexosServerBinder: getNexosServiceStateListeners <- [] [0ms]
12-18 19:31:33.053  3367  3391 V Summit-Android: com.summit.nexos.aidl.server.INexosServerBinder: onConnected <- void [0ms]
12-18 19:31:33.053  3367  3391 V Summit-Android: com.summit.nexos.api.SummitNexosServer: notifyNexosServiceStateConnected <- void [0ms]
12-18 19:31:33.053  3367  3391 V Summit-Android: com.summit.nexos.api.SummitNexosServer: notifyNexosServiceStateConnected: serviceName="telephony" [Thread:"pool-2-thread-1"]
12-18 19:31:33.054  3367  3391 V Summit-Android: com.summit.nexos.api.SummitNexosServer: getNexosServiceStateListeners [Thread:"pool-2-thread-1"]
12-18 19:31:33.054  3367  3391 V Summit-Android: com.summit.nexos.api.SummitNexosServer: getNexosServiceStateListeners <- [com.summit.nexos.aidl.server.INexosServerBinder@a229306] [0ms]
12-18 19:31:33.054  3367  3391 V Summit-Android: com.summit.nexos.aidl.server.INexosServerBinder: onConnected: name="telephony" [Thread:"pool-2-thread-1"]
12-18 19:31:33.054  3367  3391 D Summit-Android: INexosServerBinder: onConnected: name=telephony
12-18 19:31:33.054  3367  3391 V Summit-Android: com.summit.nexos.aidl.server.INexosServerBinder: getNexosServiceStateListeners [Thread:"pool-2-thread-1"]
12-18 19:31:33.055  3367  3391 V Summit-Android: com.summit.nexos.aidl.server.INexosServerBinder: getNexosServiceStateListeners <- [] [0ms]
12-18 19:31:33.056  3367  3391 V Summit-Android: com.summit.nexos.aidl.server.INexosServerBinder: onConnected <- void [0ms]
12-18 19:31:33.057  3367  3391 V Summit-Android: com.summit.nexos.api.SummitNexosServer: notifyNexosServiceStateConnected <- void [0ms]
12-18 19:31:33.060  3367  3391 V Summit-Android: com.summit.nexos.api.SummitNexosServer: notifyNexosServiceStateConnected: serviceName="ft" [Thread:"pool-2-thread-1"]
12-18 19:31:33.061  3367  3391 V Summit-Android: com.summit.nexos.api.SummitNexosServer: getNexosServiceStateListeners [Thread:"pool-2-thread-1"]
12-18 19:31:33.061  3367  3391 V Summit-Android: com.summit.nexos.api.SummitNexosServer: getNexosServiceStateListeners <- [com.summit.nexos.aidl.server.INexosServerBinder@a229306] [0ms]
12-18 19:31:33.061  3367  3391 V Summit-Android: com.summit.nexos.aidl.server.INexosServerBinder: onConnected: name="ft" [Thread:"pool-2-thread-1"]
12-18 19:31:33.063  3367  3391 D Summit-Android: INexosServerBinder: onConnected: name=ft
12-18 19:31:33.063  3367  3391 V Summit-Android: com.summit.nexos.aidl.server.INexosServerBinder: getNexosServiceStateListeners [Thread:"pool-2-thread-1"]
12-18 19:31:33.064  3367  3391 V Summit-Android: com.summit.nexos.aidl.server.INexosServerBinder: getNexosServiceStateListeners <- [] [0ms]
12-18 19:31:33.064  3367  3391 V Summit-Android: com.summit.nexos.aidl.server.INexosServerBinder: onConnected <- void [0ms]
12-18 19:31:33.065  3367  3391 V Summit-Android: com.summit.nexos.api.SummitNexosServer: notifyNexosServiceStateConnected <- void [0ms]
12-18 19:31:33.065  3367  3391 V Summit-Android: com.summit.nexos.api.SummitNexosServer: notifyNexosServiceStateConnected: serviceName="groupchat" [Thread:"pool-2-thread-1"]
12-18 19:31:33.065  3367  3391 V Summit-Android: com.summit.nexos.api.SummitNexosServer: getNexosServiceStateListeners [Thread:"pool-2-thread-1"]
12-18 19:31:33.066  3367  3391 V Summit-Android: com.summit.nexos.api.SummitNexosServer: getNexosServiceStateListeners <- [com.summit.nexos.aidl.server.INexosServerBinder@a229306] [0ms]
12-18 19:31:33.069  3367  3391 V Summit-Android: com.summit.nexos.aidl.server.INexosServerBinder: onConnected: name="groupchat" [Thread:"pool-2-thread-1"]
12-18 19:31:33.069  3367  3391 D Summit-Android: INexosServerBinder: onConnected: name=groupchat
12-18 19:31:33.070  3367  3391 V Summit-Android: com.summit.nexos.aidl.server.INexosServerBinder: getNexosServiceStateListeners [Thread:"pool-2-thread-1"]
12-18 19:31:33.073  3367  3391 V Summit-Android: com.summit.nexos.aidl.server.INexosServerBinder: getNexosServiceStateListeners <- [] [0ms]
12-18 19:31:33.073  3367  3391 V Summit-Android: com.summit.nexos.aidl.server.INexosServerBinder: onConnected <- void [0ms]
12-18 19:31:33.073  3367  3391 V Summit-Android: com.summit.nexos.api.SummitNexosServer: notifyNexosServiceStateConnected <- void [0ms]
12-18 19:31:33.073  3367  3391 V Summit-Android: com.summit.nexos.api.SummitNexosServer: notifyNexosServiceStateConnected <- void [0ms]
12-18 19:31:33.075  3367  3391 V Summit-Android: com.summit.nexos.api.SummitNexosServer: access$000 <- void [1ms]
12-18 19:31:33.414  3367  3386 I Summit  : [INFO ] [    3386] 19:31:33.414: jni.mobilemanager: getIsRoaming(): => @0xe7838600, env:@0xe783b500, peer:@0x269a
12-18 19:31:33.419  3367  3386 I Summit  : [INFO ] [    3386] 19:31:33.419: jni.mobilemanager: getIsRoaming(): => @0xe7838600, roaming:0
12-18 19:31:33.419  3367  3386 I Summit  : [INFO ] [    3386] 19:31:33.419: jni.mobilemanager: getMobileTechnology(): => @0xe7838600, env:@0xe783b500, peer:@0x269a
12-18 19:31:33.421  3367  3386 I Summit  :         [    3386] AndroidMobileManagerImpl: readNetTechnology: info=[type: WIFI[], state: CONNECTED/CONNECTED, reason: (unspecified), extra: (none), failover: false, available: true, roaming: false]
12-18 19:31:33.422  3367  3386 I Summit  : [INFO ] [    3386] 19:31:33.422: jni.mobilemanager: getMobileTechnology(): => @0xe7838600, tech:100
12-18 19:31:33.422  3367  3386 I Summit  : [INFO ] [    3386] 19:31:33.422: jni.mobilemanager: getIsRoaming(): => @0xe7838600, env:@0xe783b500, peer:@0x269a
12-18 19:31:33.424  3367  3386 I Summit  : [INFO ] [    3386] 19:31:33.424: jni.mobilemanager: getIsRoaming(): => @0xe7838600, roaming:0
12-18 19:31:33.424  3367  3386 I Summit  : [INFO ] [    3386] 19:31:33.424: jni.mobilemanager: getNetworkAccessString(): => @0xe7838600, env:@0xe783b500, peer:@0x269a
12-18 19:31:33.426  3367  3386 I Summit  :         [    3386] AndroidMobileManagerImpl: P-Access-Network-Info: IEEE-802.11; i-wlan-node-id=020000000000
12-18 19:31:33.426  3367  3386 I Summit  : [INFO ] [    3386] 19:31:33.426: jni.mobilemanager: getNetworkAccessString(): => @0xe7838600, pani:IEEE-802.11; i-wlan-node-id=020000000000
12-18 19:31:33.427  3367  3386 I Summit  : [INFO ] [    3386] 19:31:33.427: mobile.tech.simple: setupNetworkAccess(): Pani is IEEE-802.11; i-wlan-node-id=020000000000
12-18 19:31:33.427  3367  3386 D Summit  : [DEBUG] [    3386] 19:31:33.427: mobile.tech.simple: isNetworkAccessGood(): Found CELLID in PANI
12-18 19:31:33.427  3367  3386 I Summit  : [INFO ] [    3386] 19:31:33.427: mobile.tech.simple: setNetworkAccess(): new PANI = IEEE-802.11; i-wlan-node-id=020000000000
12-18 19:31:33.427  3367  3386 I Summit  : [INFO ] [    3386] 19:31:33.427: mobile.tech.simple: refresh(): 0xe7838600 Tech 100 => 100, roaming 0 => 0, pani IEEE-802.11; i-wlan-node-id=020000000000 -- sending onPreMobileTechChanged
12-18 19:31:33.427  3367  3386 I Summit  : [INFO ] [    3386] 19:31:33.427: mobile.tech.simple: refresh(): 0xe7838600 Tech 100 => 100, roaming 0 => 0, pani IEEE-802.11; i-wlan-node-id=020000000000 -- sending onMobileTechChanged
12-18 19:31:33.427  3367  3386 I Summit  : [INFO ] [    3386] 19:31:33.427: jni.mobilemanager: getMobileTechnology(): => @0xe7838600, env:@0xe783b500, peer:@0x269a
12-18 19:31:33.428  3367  3386 I Summit  :         [    3386] AndroidMobileManagerImpl: readNetTechnology: info=[type: WIFI[], state: CONNECTED/CONNECTED, reason: (unspecified), extra: (none), failover: false, available: true, roaming: false]
12-18 19:31:33.431  3367  3386 I Summit  : [INFO ] [    3386] 19:31:33.431: jni.mobilemanager: getMobileTechnology(): => @0xe7838600, tech:100
12-18 19:31:33.431  3367  3386 I Summit  : [INFO ] [    3386] 19:31:33.431: jni.mobilemanager: getIsRoaming(): => @0xe7838600, env:@0xe783b500, peer:@0x269a
12-18 19:31:33.435  3367  3386 I Summit  : [INFO ] [    3386] 19:31:33.435: jni.mobilemanager: getIsRoaming(): => @0xe7838600, roaming:0
12-18 19:31:33.435  3367  3386 I Summit  : [INFO ] [    3386] 19:31:33.435: sip.ua.clientmanager: onTimer(): onRoutingChanged - trigger onMobileTechnologyChanged
12-18 19:31:33.435  3367  3386 I Summit  : [INFO ] [    3386] 19:31:33.435: sip.ua.clientmanager: onMobileTechnologyChanged(): tech 100 roaming 0
12-18 19:31:33.435  3367  3386 W Summit  : [WARN ] [    3386] 19:31:33.435: sal.config: setInt(): @0xebe5e3a0: Config CurrentTech is not a local config
12-18 19:31:33.435  3367  3386 D Summit  : [DEBUG] [    3386] 19:31:33.435: service.scheme: getAdvertisedCaps(): Tech:100, caps:CHAT, SIMPLE-IM, FT, FT-Thumb, FT-HTTP, GEO/PUSH, GEO/PULL-FT, VS, IS, VOIP/VOICE, VOIP/VIDEO
12-18 19:31:33.435  3367  3386 I Summit  : [INFO ] [    3386] 19:31:33.435: sip.ua.client: updateTransportType(): tech 100
12-18 19:31:33.435  3367  3386 D Summit  : [DEBUG] [    3386] 19:31:33.435: sip.ua.client: handleMobileTechnologyChanged(): old tech = 0, current tech = 100
12-18 19:31:33.436  3367  3386 I Summit  : [INFO ] [    3386] 19:31:33.435: sip.ua.clientmanager: setLastMobileTech(): mobileTechSimple 0x0, mobileMgr 0xe7838600
12-18 19:31:33.436  3367  3386 I Summit  : [INFO ] [    3386] 19:31:33.436: mobile.tech.simple: setLastMobileTech(): Setting last mobile tech as 100
12-18 19:31:33.436  3367  3386 D Summit  : [DEBUG] [    3386] 19:31:33.436: sip.ua.client: handleMobileTechnologyChanged(): Last valid tech was 0, 1545179493 seconds ago, current tech 100
12-18 19:31:33.436  3367  3386 D Summit  : [DEBUG] [    3386] 19:31:33.436: sip.ua.client: handleMobileTechnologyChanged(): new tech is wifi(100) disconnect tcp sockets
12-18 19:31:33.436  3367  3386 I Summit  : [INFO ] [    3386] 19:31:33.436: sal.dns.impl: resetNameServer(): 
12-18 19:31:33.436  3367  3386 I Summit  : [INFO ] [    3386] 19:31:33.436: sal.dns.impl: resetNameServer(): UsingPlatformResolver
12-18 19:31:33.436  3367  3386 I Summit  : [INFO ] [    3386] 19:31:33.436: sal.dns.android: getPlatformNameServers(): 0x0
12-18 19:31:33.437  3367  3386 I Summit  : [INFO ] [    3386] 19:31:33.437: sal.dns.android: getPlatformNameServers(): if 0 : lo
12-18 19:31:33.437  3367  3386 I Summit  : [INFO ] [    3386] 19:31:33.437: sal.dns.android: getPlatformNameServers(): if 1 : wlan0
12-18 19:31:33.437  3367  3386 I Summit  : [INFO ] [    3386] 19:31:33.437: sal.dns.android: getPlatformNameServers(): if 2 : radio0
