12-18 19:31:39.772 17272 17299 D Summit-Android: com.summit.nexos.startupmachine.StartupStateMachine: next: step to run STARTING_UP
12-18 19:31:39.772 17272 17299 V Summit-Android: com.summit.nexos.provisioning.Starting: getName [Thread:"pool-1-thread-1"]
12-18 19:31:39.772 17272 17299 V Summit-Android: com.summit.nexos.provisioning.Starting: getName <- STARTING_UP [0ms]
12-18 19:31:39.773 17272 17299 V Summit-Android: com.summit.nexos.startupmachine.StartupStateMachine: updateServiceState: state=STARTING_UP [Thread:"pool-1-thread-1"]
12-18 19:31:39.786 17272 17299 V Summit-Android: com.summit.nexos.api.SummitNexosServer: setState: serviceState=1 [Thread:"pool-1-thread-1"]
12-18 19:31:39.816 17272 17299 D Summit-Android: com.summit.nexos.api.SummitNexosServer: setState: serviceState=1
12-18 19:31:39.830 17272 17299 V Summit-Android: com.summit.nexos.api.SummitNexosServer: setError: faultId=0, faultInfo="" [Thread:"pool-1-thread-1"]
12-18 19:31:39.830 17272 17299 D Summit-Android: com.summit.nexos.api.SummitNexosServer: setError: faultId=0, faultInfo=
12-18 19:31:39.831 17272 17299 V Summit-Android: com.summit.nexos.api.SummitNexosServer: setError <- void [0ms]
12-18 19:31:39.831 17272 17289 I ConfigStore: android::hardware::configstore::V1_0::ISurfaceFlingerConfigs::hasWideColorDisplay retrieved: 0
12-18 19:31:39.831 17272 17299 D Summit-Android: com.summit.nexos.api.SummitNexosServer: setState: sending notification for client state
12-18 19:31:39.831 17272 17289 I ConfigStore: android::hardware::configstore::V1_0::ISurfaceFlingerConfigs::hasHDRDisplay retrieved: 0
12-18 19:31:39.831 17272 17299 V Summit-Android: com.summit.nexos.api.SummitNexosServer: getNexosClient [Thread:"pool-1-thread-1"]
12-18 19:31:39.831 17272 17289 I OpenGLRenderer: Initialized EGL, version 1.4
12-18 19:31:39.831 17272 17289 D OpenGLRenderer: Swap behavior 1
12-18 19:31:39.831 17272 17299 V Summit-Android: com.summit.nexos.api.SummitNexosServer: getNexosClient <- com.summit.nexos.api.SummitNexosClient@2044a6d [0ms]
12-18 19:31:39.831 17272 17299 V Summit-Android: com.summit.nexos.api.SummitNexosClient: getContext [Thread:"pool-1-thread-1"]
12-18 19:31:39.831 17272 17299 V Summit-Android: com.summit.nexos.api.SummitNexosClient: getContext <- com.summit.nexos.sdk.app.service.ServiceApp@90a626b [0ms]
12-18 19:31:39.832 17272 17299 V Summit-Android: com.summit.nexos.model.helper.BroadcastHelper: sendNotifyConnectionState: context=com.summit.nexos.sdk.app.service.ServiceApp@90a626b, state=1 [Thread:"pool-1-thread-1"]
12-18 19:31:39.835 17272 17299 V Summit-Android: com.summit.nexos.model.helper.BroadcastHelper: sendNotifyConnectionState <- void [0ms]
12-18 19:31:39.836 17272 17299 V Summit-Android: com.summit.nexos.api.SummitNexosServer: getServiceStateListener [Thread:"pool-1-thread-1"]
12-18 19:31:39.836 17272 17299 V Summit-Android: com.summit.nexos.api.SummitNexosServer: getServiceStateListener <- [com.summit.nexos.aidl.server.INexosServerBinder@b0bb677] [0ms]
12-18 19:31:39.843  1798  1962 E SurfaceFlinger: ro.sf.lcd_density must be defined as a build property
12-18 19:31:39.852 17272 17299 V Summit-Android: com.summit.nexos.aidl.server.INexosServerBinder: onNexosServiceStateChanged: serviceState=1 [Thread:"pool-1-thread-1"]
12-18 19:31:39.853 17272 17272 I Summit  :         [   17272] BluetoothReceiver: onReceive: action=android.media.ACTION_SCO_AUDIO_STATE_UPDATED
12-18 19:31:39.853 17272 17272 I Summit  :         [   17272] BluetoothReceiver: onReceive: state=0
12-18 19:31:39.852 17272 17299 D Summit-Android: com.summit.nexos.aidl.server.INexosServerBinder : onNexosServiceStateChanged: serviceState=1
12-18 19:31:39.858 17272 17272 I Summit  :         [   17272] SummitAudioManager: isBluetoothScoVoiceActive: isBluetoothScoOn:false
12-18 19:31:39.859 17272 17272 I Summit  :         [   17272] BluetoothReceiver: onReceive: wasScoActive=false
12-18 19:31:39.859 17272 17272 I Summit  :         [   17272] BluetoothReceiver: onReceive: state=SCO_AUDIO_STATE_DISCONNECTED
12-18 19:31:39.859 17272 17272 I Summit  :         [   17272] SummitAudioManager: isBluetoothHeadsetAudioOn: isBtHeadsetConnected=false, getProfileConnectionState=false
12-18 19:31:39.859 17272 17299 V Summit-Android: com.summit.nexos.aidl.server.INexosServerBinder: getNexosImsSdkListeners [Thread:"pool-1-thread-1"]
12-18 19:31:39.860 17272 17272 I Summit  :         [   17272] SummitAudioManager: isBluetoothScoVoiceActive: isBluetoothScoOn:false
12-18 19:31:39.860 17272 17272 I Summit  :         [   17272] OpenSLWaveAudio: bluetoothStateChange(): waveOutType=0, wasBtHeadsetConnected=false,  isBtHeadsetConnected=false, btScoActive=false=>false
12-18 19:31:39.861 17272 17272 I Summit  :         [   17272] SummitAudioManager: isBluetoothHeadsetAudioOn: isBtHeadsetConnected=false, getProfileConnectionState=false
12-18 19:31:39.862 17272 17272 I Summit  :         [   17272] OpenSLWaveAudio: notifyWaveOutChanged() waveOutType=0, available=0x2, pointers=0
12-18 19:31:39.863 17272 17272 I Summit  :         [   17272] AndroidMobileManagerImpl: onReceive: android.net.conn.CONNECTIVITY_CHANGE
12-18 19:31:39.863 17272 17272 I Summit  : [INFO ] [   17272] 19:31:39.863: jni.mobilemanager: nativeRefresh(): <= @0xe9f65420
12-18 19:31:39.863 17272 17272 I Summit  : [INFO ] [   17272] 19:31:39.863: jni.mobilemanager: getMobileTechnology(): => @0xe9f65420, env:@0xf1719400, peer:@0x2692
12-18 19:31:39.864 17272 17299 V Summit-Android: com.summit.nexos.aidl.server.INexosServerBinder: getNexosImsSdkListeners <- [] [0ms]
12-18 19:31:39.864 17272 17272 I Summit  :         [   17272] AndroidMobileManagerImpl: readNetTechnology: info=[type: WIFI[], state: CONNECTED/CONNECTED, reason: (unspecified), extra: (none), failover: false, available: true, roaming: false]
12-18 19:31:39.864 17272 17299 D Summit-Android: com.summit.nexos.aidl.server.INexosServerBinder : onNexosServiceStateChanged: no nexosImsSdkListeners
12-18 19:31:39.865 17272 17299 V Summit-Android: com.summit.nexos.aidl.server.INexosServerBinder: onNexosServiceStateChanged <- void [0ms]
12-18 19:31:39.865 17272 17299 V Summit-Android: com.summit.nexos.api.SummitNexosServer: setState <- void [0ms]
12-18 19:31:39.866 17272 17272 I Summit  : [INFO ] [   17272] 19:31:39.866: jni.mobilemanager: getMobileTechnology(): => @0xe9f65420, tech:100
12-18 19:31:39.866 17272 17272 I Summit  : [INFO ] [   17272] 19:31:39.866: jni.mobilemanager: getIsRoaming(): => @0xe9f65420, env:@0xf1719400, peer:@0x2692
12-18 19:31:39.866 17272 17299 V Summit-Android: com.summit.nexos.startupmachine.StartupStateMachine: updateServiceState <- void [0ms]
12-18 19:31:39.870 17272 17272 I Summit  : [INFO ] [   17272] 19:31:39.870: jni.mobilemanager: getIsRoaming(): => @0xe9f65420, roaming:0
12-18 19:31:39.870 17272 17272 I Summit  : [INFO ] [   17272] 19:31:39.870: jni.mobilemanager: getNetworkAccessString(): => @0xe9f65420, env:@0xf1719400, peer:@0x2692
12-18 19:31:39.872 17272 17299 V Summit-Android: com.summit.nexos.startupmachine.StartupStateMachine: next <- void [0ms]
12-18 19:31:39.872 17272 17299 V Summit-Android: com.summit.nexos.startupmachine.StartupStateMachine: start <- void [0ms]
12-18 19:31:39.884 17272 17301 V Summit-Android: com.summit.nexos.api.SummitNexosServer: getNexosClient [Thread:"Thread-4"]
12-18 19:31:39.884 17272 17301 V Summit-Android: com.summit.nexos.api.SummitNexosServer: getNexosClient <- com.summit.nexos.api.SummitNexosClient@2044a6d [0ms]
12-18 19:31:39.885 17272 17301 V Summit-Android: com.summit.nexos.api.SummitNexosServer: getNexosClient [Thread:"Thread-4"]
12-18 19:31:39.885 17272 17301 V Summit-Android: com.summit.nexos.api.SummitNexosServer: getNexosClient <- com.summit.nexos.api.SummitNexosClient@2044a6d [0ms]
12-18 19:31:39.886 17272 17301 V Summit-Android: com.summit.nexos.api.SummitNexosClient: addSipClientListener: handler=com.summit.nexos.provisioning.Starting@89d8950 [Thread:"Thread-4"]
12-18 19:31:39.886 17272 17301 D Summit-Android: com.summit.nexos.api.SummitNexosClient: addSipClientListener
12-18 19:31:39.886 17272 17301 V Summit-Android: com.summit.nexos.api.SummitNexosClient: getSipClient [Thread:"Thread-4"]
12-18 19:31:39.886 17272 17301 V Summit-Android: com.summit.nexos.api.SummitNexosClient: getSipClient <- com.summit.ndk.client.impl.SipClientImpl@7cf16a2 [0ms]
12-18 19:31:39.886 17272 17301 I Summit  : [INFO ] [   17301] 19:31:39.886: jni.sipclient: nativeGetClientState(): <= client @0xed773a00, state:0
12-18 19:31:39.888 17272 17301 I Summit  : [INFO ] [   17301] 19:31:39.888: jni.sipclient: nativeGetProvisioningState(): <= client @0xed773a00, state:40
12-18 19:31:39.889 17272 17301 I Summit  :         [   17301] SipClientImpl: addListener: STATE_UNREGISTERED STATE_AC_NEED_FIRST_TIME
12-18 19:31:39.889 17272 17301 I Summit  :         [   17301] SipClientImpl: addListener: Dispatch onClientStateChange
12-18 19:31:39.890 17272 17301 D Summit-Android: com.summit.nexos.startupmachine.Step: onClientStateChange: override on demand
12-18 19:31:39.890 17272 17301 I Summit  :         [   17301] SipClientImpl: addListener: onProvisioningStateChange
12-18 19:31:39.890 17272 17301 D Summit-Android: com.summit.nexos.startupmachine.Step: onProvisioningStateChange: override on demand
12-18 19:31:39.890 17272 17301 V Summit-Android: com.summit.nexos.api.SummitNexosClient: addSipClientListener <- void [0ms]
12-18 19:31:39.891 17272 17301 V Summit-Android: com.summit.nexos.provisioning.Starting: handle [Thread:"Thread-4"]
12-18 19:31:39.891 17272 17301 V Summit-Android: com.summit.nexos.provisioning.Starting: checkDeviceModel: model="generic_x86" [Thread:"Thread-4"]
12-18 19:31:39.892 17272 17301 V Summit-Android: com.summit.nexos.provisioning.Starting: checkDeviceModel <- void [0ms]
12-18 19:31:39.893 17272 17301 V Summit-Android: com.summit.nexos.provisioning.Starting: checkDeviceId [Thread:"Thread-4"]
12-18 19:31:39.893  1852  1867 W ActivityManager: Activity pause timeout for ActivityRecord{b3f7730 u0 com.summit.nexos.sdk.app.service/com.summit.nexos.service.lib.activities.ServiceControlActivity t735}
12-18 19:31:39.893 17272 17301 V Summit-Android: com.summit.nexos.provisioning.Starting: checkDeviceId <- void [0ms]
12-18 19:31:39.893 17272 17272 I Summit  :         [   17272] AndroidMobileManagerImpl: P-Access-Network-Info: IEEE-802.11; i-wlan-node-id=020000000000
12-18 19:31:39.893 17272 17272 I Summit  : [INFO ] [   17272] 19:31:39.893: jni.mobilemanager: getNetworkAccessString(): => @0xe9f65420, pani:IEEE-802.11; i-wlan-node-id=020000000000
12-18 19:31:39.894 17272 17272 I Summit  : [INFO ] [   17272] 19:31:39.893: mobile.tech.simple: setupNetworkAccess(): Pani is IEEE-802.11; i-wlan-node-id=020000000000
12-18 19:31:39.894 17272 17301 V Summit-Android: com.summit.nexos.provisioning.Starting: checkForOtherRcsClients [Thread:"Thread-4"]
12-18 19:31:39.894 17272 17272 D Summit  : [DEBUG] [   17272] 19:31:39.894: mobile.tech.simple: isNetworkAccessGood(): Found CELLID in PANI
12-18 19:31:39.894 17272 17272 I Summit  : [INFO ] [   17272] 19:31:39.894: mobile.tech.simple: setNetworkAccess(): new PANI = IEEE-802.11; i-wlan-node-id=020000000000
12-18 19:31:39.894 17272 17301 V Summit-Android: com.summit.nexos.provisioning.Starting: checkForOtherRcsClients <- void [0ms]
12-18 19:31:39.894 17272 17272 I Summit  : [INFO ] [   17272] 19:31:39.894: mobile.tech.simple: refresh(): 0xe9f65420 Tech 100 => 100, roaming 0 => 0, pani IEEE-802.11; i-wlan-node-id=020000000000 -- sending onPreMobileTechChanged
12-18 19:31:39.894 17272 17272 I Summit  : [INFO ] [   17272] 19:31:39.894: mobile.tech.simple: refresh(): 0xe9f65420 Tech 100 => 100, roaming 0 => 0, pani IEEE-802.11; i-wlan-node-id=020000000000 -- sending onMobileTechChanged
12-18 19:31:39.894 17272 17301 V Summit-Android: com.summit.nexos.provisioning.Starting: checkFirmware [Thread:"Thread-4"]
12-18 19:31:39.894 17272 17301 V Summit-Android: com.summit.nexos.provisioning.Starting: checkFirmware <- void [0ms]
12-18 19:31:39.895 17272 17301 V Summit-Android: com.summit.nexos.provisioning.Starting: checkClientLicensing: clientLicensingListener=com.summit.nexos.provisioning.Starting$1@4320598 [Thread:"Thread-4"]
12-18 19:31:39.897 17272 17301 V Summit-Android: com.summit.nexos.api.SummitNexosServer: getNexosClient [Thread:"Thread-4"]
12-18 19:31:39.899 17272 17301 V Summit-Android: com.summit.nexos.api.SummitNexosServer: getNexosClient <- com.summit.nexos.api.SummitNexosClient@2044a6d [0ms]
12-18 19:31:39.900 17272 17301 V Summit-Android: com.summit.nexos.api.SummitNexosClient: getClientLicensing [Thread:"Thread-4"]
12-18 19:31:39.905 17272 17301 V Summit-Android: com.summit.nexos.api.SummitNexosClient: getClientLicensing <- com.summit.ndk.client.impl.ClientLicensingImpl@290e1f1 [4ms]
12-18 19:31:39.905 17272 17301 W Summit-Android: com.summit.nexos.provisioning.Starting: checkClientLicensing: checking with licensing server
12-18 19:31:39.905 17272 17301 V Summit-Android: com.summit.nexos.api.SummitNexosServer: getNexosClient [Thread:"Thread-4"]
12-18 19:31:39.905 17272 17301 V Summit-Android: com.summit.nexos.api.SummitNexosServer: getNexosClient <- com.summit.nexos.api.SummitNexosClient@2044a6d [0ms]
12-18 19:31:39.906 17272 17301 V Summit-Android: com.summit.nexos.api.SummitNexosServer: getNexosClient [Thread:"Thread-4"]
12-18 19:31:39.906 17272 17301 V Summit-Android: com.summit.nexos.api.SummitNexosServer: getNexosClient <- com.summit.nexos.api.SummitNexosClient@2044a6d [0ms]
12-18 19:31:39.906 17272 17301 V Summit-Android: com.summit.nexos.api.SummitNexosClient: getConfig: key="Version.productName", defaultValue=null [Thread:"Thread-4"]
12-18 19:31:39.907 17272 17301 V Summit-Android: com.summit.nexos.api.SummitNexosClient: getConfigObject [Thread:"Thread-4"]
12-18 19:31:39.908 17272 17301 V Summit-Android: com.summit.nexos.api.SummitNexosClient: getConfigObject <- com.summit.ndk.sal.impl.ConfigObjectImpl@dedd1d6 [0ms]
12-18 19:31:39.909 17272 17301 I Summit  : [INFO ] [   17301] 19:31:39.909: jni.configobject: nativeGetConfig(): <= global key:Version.productName, val:ctc-demo-sdk
12-18 19:31:39.909 17272 17301 V Summit-Android: com.summit.nexos.api.SummitNexosClient: getConfig <- "ctc-demo-sdk" [0ms]
12-18 19:31:39.910 17272 17301 V Summit-Android: com.summit.nexos.api.SummitNexosServer: getNexosClient [Thread:"Thread-4"]
12-18 19:31:39.910 17272 17301 V Summit-Android: com.summit.nexos.api.SummitNexosServer: getNexosClient <- com.summit.nexos.api.SummitNexosClient@2044a6d [0ms]
12-18 19:31:39.910 17272 17301 V Summit-Android: com.summit.nexos.api.SummitNexosServer: getNexosClient [Thread:"Thread-4"]
12-18 19:31:39.911 17272 17301 V Summit-Android: com.summit.nexos.api.SummitNexosServer: getNexosClient <- com.summit.nexos.api.SummitNexosClient@2044a6d [0ms]
12-18 19:31:39.911 17272 17301 V Summit-Android: com.summit.nexos.api.SummitNexosClient: getConfig: key="Version.productVersion", defaultValue=null [Thread:"Thread-4"]
12-18 19:31:39.911 17272 17301 V Summit-Android: com.summit.nexos.api.SummitNexosClient: getConfigObject [Thread:"Thread-4"]
12-18 19:31:39.911 17272 17301 V Summit-Android: com.summit.nexos.api.SummitNexosClient: getConfigObject <- com.summit.ndk.sal.impl.ConfigObjectImpl@dedd1d6 [0ms]
12-18 19:31:39.911 17272 17301 I Summit  : [INFO ] [   17301] 19:31:39.911: jni.configobject: nativeGetConfig(): <= global key:Version.productVersion, val:0.0.01
12-18 19:31:39.912 17272 17301 V Summit-Android: com.summit.nexos.api.SummitNexosClient: getConfig <- "0.0.01" [0ms]
12-18 19:31:39.912 17272 17301 I Summit  :         [   17301] ClientLicensingImpl: checkLicense(ctc-demo-sdk,0.0.01)
12-18 19:31:39.912 17272 17301 I Summit  : [INFO ] [   17301] 19:31:39.912: jni.clientlicensing: nativeStartCheck(): <= @0xed73fc80, prod:ctc-demo-sdk, vers:0.0.01
12-18 19:31:39.912 17272 17301 I Summit  : [INFO ] [   17301] 19:31:39.912: sal.workerthread: stopWorkerThread(): @0xeb7231a0, thread @0x0, active: 0
12-18 19:31:39.912 17272 17301 I Summit  : [INFO ] [   17301] 19:31:39.912: sip.transport.http: HTTPTransport(): @0xeb73e490
12-18 19:31:39.914 17272 17272 I Summit  :         [   17272] AndroidMobileManagerImpl: onReceive: noConnectivity=false, info1=[type: WIFI[], state: CONNECTED/CONNECTED, reason: (unspecified), extra: (none), failover: false, available: true, roaming: false], info2=null, reason=null, failOver=false
12-18 19:31:39.918 17272 17272 I Summit  :         [   17272] PlatformIpMonitorImpl: onLinkPropertiesChanged()
12-18 19:31:39.919 17272 17272 I Summit  : [INFO ] [   17272] 19:31:39.919: jni.platformipmonitor: nativeOnRoutingChanged(): <= @0xd5ed51c0
12-18 19:31:39.920 17272 17272 I Summit  : [INFO ] [   17272] 19:31:39.920: sip.ua.clientmanager: onRoutingChanged(): 
12-18 19:31:39.772 17272 17272 W RenderThread: type=1400 audit(0.0:3270): avc: denied { search } for name="graphics" dev="tmpfs" ino=4931 scontext=u:r:untrusted_app_27:s0:c512,c768 tcontext=u:object_r:graphics_device:s0 tclass=dir permissive=0
12-18 19:31:39.936 17272 17291 I Summit  : [INFO ] [   17291] 19:31:39.935: jni.powerlockmanager: scheduleWakeUp(): => @0xe8d0ce40, env:@0xed76ff80, peer:@0x25da, delayMs:989
12-18 19:31:39.937 17272 17301 I Summit  :         [   17301] AndroidDeviceImpl: getImei: 358240051111110
12-18 19:31:39.937 17272 17301 D Summit  : [DEBUG] [   17301] 19:31:39.937: sip.message.http: HTTPMessage(): Using host cgp3.summit-tech.ca
12-18 19:31:39.938 17272 17301 I Summit  : [INFO ] [   17301] 19:31:39.938: sip.message.http: setFlag(): setNoPcapTrace: add:0x00000010, remove:0x00000000, flags:0x00000000 => 0x00000010
12-18 19:31:39.945 17272 17272 V Summit-Android: com.summit.nexos.sdk.IMSSdk: access$000
12-18 19:31:39.945 17272 17272 V Summit-Android: com.summit.nexos.sdk.IMSSdk: access$000 <- "com.summit.nexos.sdk.IMSSdk" [0ms]
12-18 19:31:39.945 17272 17272 D Summit-Android: com.summit.nexos.sdk.IMSSdk: onServiceConnected: setting up all sdk components
12-18 19:31:39.945 17272 17272 V Summit-Android: com.summit.nexos.sdk.IMSSdk: access$102: x0=com.summit.nexos.sdk.IMSSdk@fe033dc, x1=com.summit.nexos.aidl.server.INexosServerBinder@b0bb677
12-18 19:31:39.946 17272 17272 V Summit-Android: com.summit.nexos.sdk.IMSSdk: access$102 <- com.summit.nexos.aidl.server.INexosServerBinder@b0bb677 [0ms]
12-18 19:31:39.946 17272 17272 V Summit-Android: com.summit.nexos.sdk.IMSSdk: access$100: x0=com.summit.nexos.sdk.IMSSdk@fe033dc
12-18 19:31:39.946 17272 17272 V Summit-Android: com.summit.nexos.sdk.IMSSdk: access$100 <- com.summit.nexos.aidl.server.INexosServerBinder@b0bb677 [0ms]
12-18 19:31:39.947 17272 17272 V Summit-Android: com.summit.nexos.sdk.IMSSdk: access$202: x0=com.summit.nexos.sdk.IMSSdk@fe033dc, x1=com.summit.nexos.sdk.IMSSdk$1$1@5b5bc57
12-18 19:31:39.948 17272 17272 V Summit-Android: com.summit.nexos.sdk.IMSSdk: access$202 <- com.summit.nexos.sdk.IMSSdk$1$1@5b5bc57 [0ms]
12-18 19:31:39.948 17272 17272 V Summit-Android: com.summit.nexos.sdk.IMSSdk: access$100: x0=com.summit.nexos.sdk.IMSSdk@fe033dc
12-18 19:31:39.948 17272 17272 V Summit-Android: com.summit.nexos.sdk.IMSSdk: access$100 <- com.summit.nexos.aidl.server.INexosServerBinder@b0bb677 [0ms]
12-18 19:31:39.948 17272 17272 V Summit-Android: com.summit.nexos.sdk.IMSSdk: access$200: x0=com.summit.nexos.sdk.IMSSdk@fe033dc
12-18 19:31:39.949 17272 17272 V Summit-Android: com.summit.nexos.sdk.IMSSdk: access$200 <- com.summit.nexos.sdk.IMSSdk$1$1@5b5bc57 [0ms]
12-18 19:31:39.949 17272 17272 V Summit-Android: com.summit.nexos.aidl.server.INexosServerBinder: addNexosServiceStateListener: listener=com.summit.nexos.sdk.IMSSdk$1$1@5b5bc57
12-18 19:31:39.949 17272 17272 V Summit-Android: com.summit.nexos.aidl.server.INexosServerBinder: addNexosServiceStateListener <- void [0ms]
12-18 19:31:39.953 17272 17272 V Summit-Android: com.summit.nexos.sdk.IMSSdk: access$602: x0=com.summit.nexos.sdk.IMSSdk@fe033dc, x1=com.summit.nexos.sdk.IMSSdk$1$2@de344
12-18 19:31:39.953 17272 17272 V Summit-Android: com.summit.nexos.sdk.IMSSdk: access$602 <- com.summit.nexos.sdk.IMSSdk$1$2@de344 [0ms]
12-18 19:31:39.953 17272 17272 V Summit-Android: com.summit.nexos.sdk.IMSSdk: access$100: x0=com.summit.nexos.sdk.IMSSdk@fe033dc
12-18 19:31:39.954 17272 17272 V Summit-Android: com.summit.nexos.sdk.IMSSdk: access$100 <- com.summit.nexos.aidl.server.INexosServerBinder@b0bb677 [0ms]
12-18 19:31:39.954 17272 17272 V Summit-Android: com.summit.nexos.aidl.server.INexosServerBinder: getServiceState
12-18 19:31:39.954 17272 17272 V Summit-Android: com.summit.nexos.api.SummitNexosServer: getState
12-18 19:31:39.954 17272 17272 D Summit-Android: com.summit.nexos.api.SummitNexosServer: getState: mServiceState=1
12-18 19:31:39.955 17272 17272 V Summit-Android: com.summit.nexos.api.SummitNexosServer: getState <- 1 [0ms]
12-18 19:31:39.955 17272 17272 V Summit-Android: com.summit.nexos.aidl.server.INexosServerBinder: getServiceState <- 1 [0ms]
12-18 19:31:39.955 17272 17272 V Summit-Android: com.summit.nexos.sdk.IMSSdk: access$100: x0=com.summit.nexos.sdk.IMSSdk@fe033dc
12-18 19:31:39.955 17272 17272 V Summit-Android: com.summit.nexos.sdk.IMSSdk: access$100 <- com.summit.nexos.aidl.server.INexosServerBinder@b0bb677 [0ms]
12-18 19:31:39.955 17272 17272 V Summit-Android: com.summit.nexos.aidl.server.INexosServerBinder: getServiceState
12-18 19:31:39.955 17272 17272 V Summit-Android: com.summit.nexos.api.SummitNexosServer: getState
12-18 19:31:39.955 17272 17272 D Summit-Android: com.summit.nexos.api.SummitNexosServer: getState: mServiceState=1
12-18 19:31:39.956 17272 17272 V Summit-Android: com.summit.nexos.api.SummitNexosServer: getState <- 1 [0ms]
12-18 19:31:39.956 17272 17272 V Summit-Android: com.summit.nexos.aidl.server.INexosServerBinder: getServiceState <- 1 [0ms]
12-18 19:31:39.956 17272 17272 V Summit-Android: com.summit.nexos.sdk.IMSSdk: access$700: x0=com.summit.nexos.sdk.IMSSdk@fe033dc, x1=1
12-18 19:31:39.957 17272 17272 V Summit-Android: com.summit.nexos.sdk.IMSSdk: callConnectionStateListener: state=1
12-18 19:31:39.958 17272 17272 V Summit-Android: com.summit.nexos.sdk.IMSSdk: callConnectionStateListener <- void [0ms]
12-18 19:31:39.958 17272 17272 V Summit-Android: com.summit.nexos.sdk.IMSSdk: access$700 <- void [0ms]
12-18 19:31:39.958 17272 17272 V Summit-Android: com.summit.nexos.sdk.IMSSdk: access$100: x0=com.summit.nexos.sdk.IMSSdk@fe033dc
12-18 19:31:39.958 17272 17272 V Summit-Android: com.summit.nexos.sdk.IMSSdk: access$100 <- com.summit.nexos.aidl.server.INexosServerBinder@b0bb677 [0ms]
12-18 19:31:39.958 17272 17272 V Summit-Android: com.summit.nexos.sdk.IMSSdk: access$600: x0=com.summit.nexos.sdk.IMSSdk@fe033dc
12-18 19:31:39.959 17272 17272 V Summit-Android: com.summit.nexos.sdk.IMSSdk: access$600 <- com.summit.nexos.sdk.IMSSdk$1$2@de344 [0ms]
12-18 19:31:39.968 17272 17272 V Summit-Android: com.summit.nexos.aidl.server.INexosServerBinder: addListener: listener=com.summit.nexos.sdk.IMSSdk$1$2@de344
12-18 19:31:39.971 17272 17291 I Summit  :         [   17291] PowerLockManagerImpl: setAlarm: delay=989, nextAlarm = 19:31:40.958
12-18 19:31:39.973 17272 17272 V Summit-Android: com.summit.nexos.aidl.server.INexosServerBinder: addListener <- void [0ms]
12-18 19:31:39.974 17272 17272 V Summit-Android: com.summit.nexos.sdk.IMSSdk: access$900: x0=com.summit.nexos.sdk.IMSSdk@fe033dc
12-18 19:31:39.975 17272 17272 V Summit-Android: com.summit.nexos.sdk.IMSSdk: loadManagers
12-18 19:31:39.975 17272 17272 D Summit-Android: com.summit.nexos.sdk.IMSSdk: loading UCEManager
12-18 19:31:40.004 17272 17272 V Summit-Android: com.summit.nexos.sdk.managers.UCEManager: bindToService
12-18 19:31:40.005 17272 17272 V Summit-Android: com.summit.nexos.aidl.server.INexosServerBinder: getNexosClient
12-18 19:31:40.006 17272 17272 V Summit-Android: com.summit.nexos.aidl.server.INexosServerBinder: getNexosClient <- com.summit.nexos.aidl.server.INexosClientBinder@bc0ac2d [0ms]
12-18 19:31:40.008 17272 17301 I Summit  : [INFO ] [   17301] 19:31:40.008: sip.host: isLinkLocal(): a: 254, b: 128
12-18 19:31:40.009 17272 17272 V Summit-Android: com.summit.nexos.aidl.server.INexosServerBinder: getNexosClient
12-18 19:31:40.009 17272 17272 V Summit-Android: com.summit.nexos.aidl.server.INexosServerBinder: getNexosClient <- com.summit.nexos.aidl.server.INexosClientBinder@bc0ac2d [0ms]
12-18 19:31:40.010 17272 17272 V Summit-Android: com.summit.nexos.aidl.server.INexosClientBinder: getUCEService
12-18 19:31:40.011 17272 17272 V Summit-Android: com.summit.nexos.aidl.server.INexosClientBinder: getUCEService <- com.summit.nexos.aidl.server.uce.IUCEServiceBinder@62a73a1 [0ms]
12-18 19:31:40.022 17272 17301 I Summit  : [INFO ] [   17301] 19:31:40.022: sal.socket: hasIPv6NetworkAccess(): Local has IPV6 access: local fe80::ff:fe44:5566
12-18 19:31:40.023 17272 17301 W Summit  : [WARN ] [   17301] 19:31:40.023: sal.os.routetable_v4: getBestRoute(): dest:8.8.8.8:5061, no route found
12-18 19:31:40.023 17272 17301 I Summit  : [INFO ] [   17301] 19:31:40.023: sal.socket: getLocalAddress(): Using interface: '' socket type: Generic flags 0x0
12-18 19:31:40.024 17272 17301 I Summit  : [INFO ] [   17301] 19:31:40.024: sip.host: isLinkLocal(): a: 192, b: 168
12-18 19:31:40.024 17272 17301 I Summit  : [INFO ] [   17301] 19:31:40.024: sal.socket: hasIPv4NetworkAccess(): Local has IPV4 access: local 192.168.200.2
12-18 19:31:40.024 17272 17301 D Summit  : [DEBUG] [   17301] 19:31:40.024: sip.transport.http: send(): Not using AAAA for request GET /services/beammeto/version.php?platform=android&product=ctc-demo-sdk&version=0.0.01&device=358240051111110&simMcc=310260&networkMcc=310260&manufacturer=Google&device_m=Android%20SDK%20built%20for%20x86 HTTP/1.1
12-18 19:31:40.024 17272 17301 I Summit  : [INFO ] [   17301] 19:31:40.024: sip.transport.http: OUT #001 ==> https: GET /services/beammeto/version.php?platform=android&product=ctc-demo-sdk&version=0.0.01&device=358240051111110&simMcc=310260&networkMcc=310260&manufacturer=Google&device_m=Android%20SDK%20built%20for%20x86 HTTP/1.1 to cgp3.summit-tech.ca:0, 0 bytes
12-18 19:31:40.024 17272 17301 D Summit  : [DEBUG] [   17301] 19:31:40.024: sip.httptransaction: HTTPTransaction(): @0xd3512200 sqm:@0xed76fd00
12-18 19:31:40.025 17272 17301 I Summit  : [INFO ] [   17301] 19:31:40.025: sal.dns.impl: setNetworkLockMgr(): 0x0 => 0x0
12-18 19:31:40.025 17272 17301 I Summit  : [INFO ] [   17301] 19:31:40.025: sal.dns.impl: sendRequest(): DNS request: 0xeb73e570, host cgp3.summit-tech.ca, type 1, callback 0xd3512214, flags 0x0, tid 0, dns 0x0, N/A
12-18 19:31:40.025 17272 17301 I Summit  : [INFO ] [   17301] 19:31:40.025: sal.dns.impl: sendRequest(): Using fixedNameServers[0]:8.8.8.8:53
12-18 19:31:40.025 17272 17301 I Summit  : [INFO ] [   17301] 19:31:40.025: sal.dns.impl: sendRequest(): Using nextDnsServer:8.8.8.8:53
12-18 19:31:40.026 17272 17301 I Summit  : [INFO ] [   17301] 19:31:40.025: sal.dns: setTid(): 0xeb73e574: 0 => 20462
12-18 19:31:40.026 17272 17301 D Summit  : [DEBUG] [   17301] 19:31:40.026: sal.dns.impl: sendRequest(): Socket null or not valid
12-18 19:31:40.026 17272 17301 I Summit  : [INFO ] [   17301] 19:31:40.026: sal.dns.impl: closeReopenSockets(): reopen:1 AddressType:IPv4
12-18 19:31:40.026 17272 17291 I Summit  : [INFO ] [   17291] 19:31:40.026: jni.powerlockmanager: scheduleWakeUp(): => @0xe8d0ce40, env:@0xed76ff80, peer:@0x25da, delayMs:894
12-18 19:31:40.022 17272 17272 V Summit-Android: com.summit.nexos.aidl.server.INexosServerBinder: getNexosClient
12-18 19:31:40.029 17272 17291 I Summit  :         [   17291] PowerLockManagerImpl: setAlarm: delay=894, nextAlarm = 19:31:40.922
12-18 19:31:40.030 17272 17272 V Summit-Android: com.summit.nexos.aidl.server.INexosServerBinder: getNexosClient <- com.summit.nexos.aidl.server.INexosClientBinder@bc0ac2d [0ms]
12-18 19:31:40.030 17272 17272 V Summit-Android: com.summit.nexos.aidl.server.INexosClientBinder: getUCEService
12-18 19:31:40.031 17272 17272 V Summit-Android: com.summit.nexos.aidl.server.INexosClientBinder: getUCEService <- com.summit.nexos.aidl.server.uce.IUCEServiceBinder@62a73a1 [0ms]
12-18 19:31:40.033 17272 17272 V Summit-Android: com.summit.nexos.aidl.server.uce.IUCEServiceBinder: addListener: iListener=com.summit.nexos.aidl.client.uce.UCEServiceProxy$IUCEListenerImpl@d4d3562
12-18 19:31:40.033 17272 17301 I Summit  : [INFO ] [   17301] 19:31:40.033: linux.socket.udp: create(): Created socket fd: 58  type: Generic
12-18 19:31:40.033 17272 17272 V Summit-Android: com.summit.nexos.aidl.server.uce.IUCEServiceBinder: addListener <- void [0ms]
12-18 19:31:40.033 17272 17301 I Summit  : [INFO ] [   17301] 19:31:40.033: linux.socket.udp: create(): Created socket fd: 59  type: Generic
12-18 19:31:40.033 17272 17301 I Summit  : [INFO ] [   17301] 19:31:40.033: sal.dns.impl: openSockets(): DNS UDP socket ptr 0xeb705540 and 0xeb7054e0 created
12-18 19:31:40.034 17272 17301 D Summit  : [DEBUG] [   17301] 19:31:40.034: sal.dns.impl: sendRequest(): sending query:'cgp3.summit-tech.ca' type:1 tid:20462 flags:0 query:0xeb73e570 callback:0xd3512214 to server:'8.8.8.8:53'
12-18 19:31:40.035 17272 17272 V Summit-Android: com.summit.nexos.aidl.client.uce.UCEServiceProxy: getLocalPhoneNumber
12-18 19:31:40.036 17272 17272 V Summit-Android: com.summit.nexos.aidl.server.uce.IUCEServiceBinder: getLocalPhoneNumber
12-18 19:31:40.036 17272 17301 D Summit  : [DEBUG] [   17301] 19:31:40.036: sal.dns.impl: sendRequest(): Set DNS_TIMEOUT timer 5000 for tid 20462
12-18 19:31:40.036 17272 17291 I Summit  : [INFO ] [   17291] 19:31:40.036: jni.powerlockmanager: scheduleWakeUp(): => @0xe8d0ce40, env:@0xed76ff80, peer:@0x25da, delayMs:884
12-18 19:31:40.037 17272 17272 V Summit-Android: com.summit.nexos.internal.SummitUCEService: getLocalPhoneNumber
12-18 19:31:40.037 17272 17272 V Summit-Android: com.summit.nexos.internal.SummitUCEService: getNexosClient
12-18 19:31:40.037 17272 17272 V Summit-Android: com.summit.nexos.internal.SummitUCEService: getNexosClient <- com.summit.nexos.api.SummitNexosClient@2044a6d [0ms]
12-18 19:31:40.037 17272 17272 V Summit-Android: com.summit.nexos.api.SummitNexosClient: getSipClient
12-18 19:31:40.038 17272 17272 V Summit-Android: com.summit.nexos.api.SummitNexosClient: getSipClient <- com.summit.ndk.client.impl.SipClientImpl@7cf16a2 [0ms]
12-18 19:31:40.038 17272 17291 I Summit  :         [   17291] PowerLockManagerImpl: setAlarm: delay=884, nextAlarm = 19:31:40.921
12-18 19:31:40.038 17272 17272 D Summit  : [DEBUG] [   17272] 19:31:40.038: jni.sipclient: nativeGetLocalIdentity(): <= @0xd5ed5100, client:@0xed773a00, identity is null
12-18 19:31:40.038 17272 17272 D Summit-Android: com.summit.nexos.internal.SummitUCEService: getLocalPhoneNumber: no local identity found
12-18 19:31:40.038 17272 17272 V Summit-Android: com.summit.nexos.internal.SummitUCEService: getLocalPhoneNumber <- "" [0ms]
12-18 19:31:40.041 17272 17272 V Summit-Android: com.summit.nexos.aidl.server.uce.IUCEServiceBinder: getLocalPhoneNumber <- "" [0ms]
12-18 19:31:40.042 17272 17272 V Summit-Android: com.summit.nexos.aidl.client.uce.UCEServiceProxy: getLocalPhoneNumber <- "" [0ms]
12-18 19:31:40.042 17272 17272 V Summit-Android: com.summit.nexos.sdk.managers.UCEManager: bindToService <- true [0ms]
12-18 19:31:40.042 17272 17272 D Summit-Android: com.summit.nexos.sdk.IMSSdk: loading PhoneNumberManager
12-18 19:31:40.045 17272 17301 V Summit-Android: com.summit.nexos.provisioning.Starting: checkClientLicensing <- void [0ms]
12-18 19:31:40.045 17272 17301 V Summit-Android: com.summit.nexos.provisioning.Starting: handle <- void [0ms]
12-18 19:31:40.046  1852  1869 W ActivityManager: Slow operation: 147ms so far, now at startProcess: returned from zygote!
12-18 19:31:40.046  1852  1869 W ActivityManager: Slow operation: 148ms so far, now at startProcess: done updating battery stats
12-18 19:31:40.046  1852  1869 W ActivityManager: Slow operation: 148ms so far, now at startProcess: building log message
12-18 19:31:40.046  1852  1869 I ActivityManager: Start proc 17303:com.summit.nexos.sdk.test/u0a143 for activity com.summit.nexos.sdk.test/com.summit.nexos.sdk.receiver.ReceiverActivity
12-18 19:31:40.046  1852  1869 W ActivityManager: Slow operation: 148ms so far, now at startProcess: starting to update pids map
12-18 19:31:40.047  1852  1869 W ActivityManager: Slow operation: 148ms so far, now at startProcess: done updating pids map
12-18 19:31:40.050 17303 17303 I .nexos.sdk.tes: Not late-enabling -Xcheck:jni (already on)
12-18 19:31:40.052 17272 17272 V Summit-Android: com.summit.nexos.sdk.managers.PhoneNumberManager: bindToService
12-18 19:31:40.052 17272 17272 V Summit-Android: com.summit.nexos.aidl.server.INexosServerBinder: getNexosClient
12-18 19:31:40.052 17272 17272 V Summit-Android: com.summit.nexos.aidl.server.INexosServerBinder: getNexosClient <- com.summit.nexos.aidl.server.INexosClientBinder@bc0ac2d [0ms]
12-18 19:31:40.066 17272 17272 V Summit-Android: com.summit.nexos.aidl.server.INexosServerBinder: getNexosClient
12-18 19:31:40.066 17272 17272 V Summit-Android: com.summit.nexos.aidl.server.INexosServerBinder: getNexosClient <- com.summit.nexos.aidl.server.INexosClientBinder@bc0ac2d [0ms]
12-18 19:31:40.066 17272 17272 V Summit-Android: com.summit.nexos.sdk.managers.PhoneNumberManager: bindToService <- true [0ms]
12-18 19:31:40.066 17272 17272 D Summit-Android: com.summit.nexos.sdk.IMSSdk: loading ChatManager
12-18 19:31:40.077 17272 17290 D Summit  : [DEBUG] [   17290] 19:31:40.076: sal.dns.impl: getQueryByTID(): rm query: 0xeb73e570, tid 20462, name cgp3.summit-tech.ca, type 1, request size: 1
12-18 19:31:40.077 17272 17290 D Summit  : [DEBUG] [   17290] 19:31:40.077: sal.dns.impl: parseResponse(): Removing DNS_TIMEOUT timer for query 0xeb73e570 tid 20462
12-18 19:31:40.077 17272 17290 I Summit  : [INFO ] [   17290] 19:31:40.077: sal.dns.cache2.db: initCacheDB(): ./dnscache.db3
12-18 19:31:40.077 17272 17290 W Summit  : [WARN ] [   17290] 19:31:40.077: sal.dns.cache2.db: initCacheDB(): Failed to sqlite3_open(./dnscache.db3)
12-18 19:31:40.077 17272 17290 W Summit  : [WARN ] [   17290] 19:31:40.077: sal.dns.cache2.db: initCacheDB(): Failed to init dns cache db, will not use DNS cache DB
12-18 19:31:40.077 17272 17290 I Summit  : [INFO ] [   17290] 19:31:40.077: sal.dns.cache2.db: closeCacheDB(): m_cacheDb 0xd353b608
12-18 19:31:40.077 17272 17290 D Summit  : [DEBUG] [   17290] 19:31:40.077: sal.dns.cache2.db: storeCacheEntry(): m_cacheDb 0x0
12-18 19:31:40.077 17272 17290 E Summit  : [ERROR] [   17290] 19:31:40.077: sal.dns.cache2.db: storeCacheEntry(): not initialized , exiting
12-18 19:31:40.078 17272 17290 D Summit  : [DEBUG] [   17290] 19:31:40.077: sal.dns.impl: callHandler(): dns query:cgp3.summit-tech.ca => 64.254.242.138 results.size:1, time: 38 ms callback 0xd3512214
12-18 19:31:40.078 17272 17290 D Summit  : [DEBUG] [   17290] 19:31:40.078: sal.dns.impl: callHandler(): Results:1, calling onDnsQueryResult
12-18 19:31:40.078 17272 17290 I Summit  : [INFO ] [   17290] 19:31:40.078: sip.transport.http: hostResolved(): hostname:cgp3.summit-tech.ca, host:64.254.242.138, msg flags:0x00000010
12-18 19:31:40.078 17272 17290 I Summit  : [INFO ] [   17290] 19:31:40.078: sal.sslsocket: logOpensslInfo(): compiled openssl version:100020ef 'OpenSSL 1.0.2n  7 Dec 2017'
12-18 19:31:40.078 17272 17290 I Summit  : [INFO ] [   17290] 19:31:40.078: sal.sslsocket: logOpensslInfo():   linked openssl version:100020bf 'OpenSSL 1.0.2k  26 Jan 2017'
12-18 19:31:40.080 17272 17290 I Summit  : [INFO ] [   17290] 19:31:40.080: sal.sslsocket: newCtx(): Enabling SSL version:TLSv1, flags:0x3000000
12-18 19:31:40.085 17272 17272 V Summit-Android: com.summit.nexos.sdk.managers.ChatManager: bindToService
12-18 19:31:40.085 17272 17272 D Summit-Android: com.summit.nexos.sdk.managers.ChatManager: bindToService
12-18 19:31:40.085 17272 17272 V Summit-Android: com.summit.nexos.aidl.server.INexosServerBinder: getNexosClient
12-18 19:31:40.086 17272 17272 V Summit-Android: com.summit.nexos.aidl.server.INexosServerBinder: getNexosClient <- com.summit.nexos.aidl.server.INexosClientBinder@bc0ac2d [0ms]
12-18 19:31:40.086 17272 17272 V Summit-Android: com.summit.nexos.aidl.server.INexosServerBinder: getNexosClient
12-18 19:31:40.086 17272 17272 V Summit-Android: com.summit.nexos.aidl.server.INexosServerBinder: getNexosClient <- com.summit.nexos.aidl.server.INexosClientBinder@bc0ac2d [0ms]
12-18 19:31:40.086 17272 17290 I Summit  : [INFO ] [   17290] 19:31:40.086: linux.socket.tcp: create(): Created socket fd: 60  type: Generic
12-18 19:31:40.086 17272 17272 V Summit-Android: com.summit.nexos.aidl.server.INexosClientBinder: getRcsChatService
12-18 19:31:40.086 17272 17290 D Summit  : [DEBUG] [   17290] 19:31:40.086: sip.transport.http: startTransactionTimer(): Setting a 18000 ms timer for this transaction, trans=0xd3512200
12-18 19:31:40.086 17272 17290 D Summit  : [DEBUG] [   17290] 19:31:40.086: sip.transport.http: hostResolved(): @0xeb73e490: Connecting to 64.254.242.138:443 with socket 0xeb74b480 (60) for transaction /services/beammeto/version.php?platform=android&product=ctc-demo-sdk&version=0.0.01&device=358240051111110&simMcc=310260&networkMcc=310260&manufacturer=Google&device_m=Android%20SDK%20built%20for%20x86
12-18 19:31:40.086 17272 17272 V Summit-Android: com.summit.nexos.aidl.server.INexosClientBinder: getRcsChatService <- com.summit.nexos.aidl.server.chat.IRcsChatServiceBinder@259a8dd [0ms]
12-18 19:31:40.087 17272 17290 W Summit  : [WARN ] [   17290] 19:31:40.087: sal.os.routetable_v4: getBestRoute(): dest:64.254.242.138:443, no route found
12-18 19:31:40.087 17272 17290 I Summit  : [INFO ] [   17290] 19:31:40.087: sal.socket: getLocalAddress(): Using interface: '' socket type: Generic flags 0x0
12-18 19:31:40.089 17272 17291 I Summit  : [INFO ] [   17291] 19:31:40.089: jni.powerlockmanager: scheduleWakeUp(): => @0xe8d0ce40, env:@0xed76ff80, peer:@0x25da, delayMs:842
12-18 19:31:40.091 17272 17291 I Summit  :         [   17291] PowerLockManagerImpl: setAlarm: delay=842, nextAlarm = 19:31:40.933
12-18 19:31:40.098 17272 17290 I Summit  : [INFO ] [   17290] 19:31:40.098: sal.sslsocket: onConnected(): ssl version:TLSv1.2
12-18 19:31:40.099 17272 17291 I Summit  : [INFO ] [   17291] 19:31:40.099: jni.powerlockmanager: scheduleWakeUp(): => @0xe8d0ce40, env:@0xed76ff80, peer:@0x25da, delayMs:48
12-18 19:31:40.100 17272 17291 I Summit  :         [   17291] PowerLockManagerImpl: setAlarm: delay=48, nextAlarm = 19:31:40.147
12-18 19:31:40.103 17272 17290 D Summit  : [DEBUG] [   17290] 19:31:40.103: sip.httptransaction: onMessage(): @0xd3512200: Socket 0xeb74b480 connected for transaction /services/beammeto/version.php?platform=android&product=ctc-demo-sdk&version=0.0.01&device=358240051111110&simMcc=310260&networkMcc=310260&manufacturer=Google&device_m=Android%20SDK%20built%20for%20x86
12-18 19:31:40.102 17272 17272 V Summit-Android: com.summit.nexos.aidl.server.INexosServerBinder: getNexosClient
12-18 19:31:40.104 17272 17272 V Summit-Android: com.summit.nexos.aidl.server.INexosServerBinder: getNexosClient <- com.summit.nexos.aidl.server.INexosClientBinder@bc0ac2d [0ms]
12-18 19:31:40.104 17272 17272 V Summit-Android: com.summit.nexos.aidl.server.INexosClientBinder: getRcsChatService
12-18 19:31:40.104 17272 17272 V Summit-Android: com.summit.nexos.aidl.server.INexosClientBinder: getRcsChatService <- com.summit.nexos.aidl.server.chat.IRcsChatServiceBinder@259a8dd [0ms]
12-18 19:31:40.109 17272 17272 V Summit-Android: com.summit.nexos.aidl.server.chat.IRcsChatServiceBinder: addListener: iListener=com.summit.nexos.aidl.client.chat.RcsChatServiceProxy$IRcsChatServiceListenerBinder@befc6f3
12-18 19:31:40.109 17272 17272 V Summit-Android: com.summit.nexos.aidl.server.chat.IRcsChatServiceBinder: addListener <- void [0ms]
12-18 19:31:40.110 17272 17272 V Summit-Android: com.summit.nexos.sdk.managers.ChatManager: bindToService <- true [0ms]
12-18 19:31:40.110 17272 17272 D Summit-Android: com.summit.nexos.sdk.IMSSdk: loading GroupChatManager
12-18 19:31:40.122 17272 17290 D Summit  : [DEBUG] [   17290] 19:31:40.122: sip.httptransaction: stateWritingRequest(): @0xd3512200: Request fully sent for transaction /services/beammeto/version.php?platform=android&product=ctc-demo-sdk&version=0.0.01&device=358240051111110&simMcc=310260&networkMcc=310260&manufacturer=Google&device_m=Android%20SDK%20built%20for%20x86
12-18 19:31:40.122 17272 17290 D Summit  : [DEBUG] [   17290] 19:31:40.122: sip.httptransaction: handleRead(): httpReadHeader
12-18 19:31:40.122 17272 17290 I chatty  : uid=10142(com.summit.nexos.sdk.app.service) Thread-2 identical 1 line
12-18 19:31:40.122 17272 17290 D Summit  : [DEBUG] [   17290] 19:31:40.122: sip.httptransaction: handleRead(): httpReadHeader
12-18 19:31:40.132 17272 17272 V Summit-Android: com.summit.nexos.sdk.managers.GroupChatManager: bindToService
12-18 19:31:40.132 17272 17272 D Summit-Android: com.summit.nexos.sdk.managers.GroupChatManager: bindToService
12-18 19:31:40.132 17272 17272 V Summit-Android: com.summit.nexos.aidl.server.INexosServerBinder: getNexosClient
12-18 19:31:40.132 17272 17272 V Summit-Android: com.summit.nexos.aidl.server.INexosServerBinder: getNexosClient <- com.summit.nexos.aidl.server.INexosClientBinder@bc0ac2d [0ms]
12-18 19:31:40.132 17272 17272 V Summit-Android: com.summit.nexos.aidl.server.INexosServerBinder: getNexosClient
12-18 19:31:40.132 17272 17272 V Summit-Android: com.summit.nexos.aidl.server.INexosServerBinder: getNexosClient <- com.summit.nexos.aidl.server.INexosClientBinder@bc0ac2d [0ms]
12-18 19:31:40.133 17272 17272 V Summit-Android: com.summit.nexos.aidl.server.INexosClientBinder: getRcsGroupChatService
12-18 19:31:40.133 17272 17272 V Summit-Android: com.summit.nexos.aidl.server.INexosClientBinder: getRcsGroupChatService <- com.summit.nexos.aidl.server.groupchat.IRcsGroupChatServiceBinder@44cf5d9 [0ms]
12-18 19:31:40.133 17272 17290 D Summit  : [DEBUG] [   17290] 19:31:40.133: sip.httptransaction: handleRead(): @0xd3512200: read 299/16384 bytes, state=httpReadHeader
12-18 19:31:40.133 17272 17290 D Summit  : [DEBUG] [   17290] 19:31:40.133: sip.httptransaction: handleRead(): httpReadHeader
12-18 19:31:40.133 17272 17290 D Summit  : [DEBUG] [   17290] 19:31:40.133: sip.httptransaction: handleRead(): @0xd3512200: Parsed response status line HTTP/1.1 200 OK
12-18 19:31:40.133 17272 17290 D Summit  : [DEBUG] [   17290] 19:31:40.133: sip.httptransaction: setTransactionState(): @0xd3512200: method=GET, uri=/services/beammeto/version.php?platform=android&product=ctc-demo-sdk&version=0.0.01&device=358240051111110&simMcc=310260&networkMcc=310260&manufacturer=Google&device_m=Android%20SDK%20built%20for%20x86: State change 0 => 1
12-18 19:31:40.133 17272 17290 D Summit  : [DEBUG] [   17290] 19:31:40.133: sip.httptransaction: handleRead(): Got content-length of 26
12-18 19:31:40.133 17272 17290 D Summit  : [DEBUG] [   17290] 19:31:40.133: sip.httptransaction: handleRead(): @0xd3512200: done reading 26 / 26
12-18 19:31:40.133 17272 17290 D Summit  : [DEBUG] [   17290] 19:31:40.133: sip.httptransaction: setTransactionState(): @0xd3512200: method=GET, uri=/services/beammeto/version.php?platform=android&product=ctc-demo-sdk&version=0.0.01&device=358240051111110&simMcc=310260&networkMcc=310260&manufacturer=Google&device_m=Android%20SDK%20built%20for%20x86: State change 1 => 4
12-18 19:31:40.133 17272 17290 D Summit  : [DEBUG] [   17290] 19:31:40.133: sip.httptransaction: closeTransaction(): @0xd3512200
12-18 19:31:40.133 17272 17290 D Summit  : [DEBUG] [   17290] 19:31:40.133: sip.httptransaction: closeTransaction(): @0xd3512200: UnregisterSocket, socket=0xeb74b480 (60)
12-18 19:31:40.134 17272 17290 I Summit  : [INFO ] [   17290] 19:31:40.134: linux.socket: close(): for TCP socket 60
12-18 19:31:40.134 17272 17290 D Summit  : [DEBUG] [   17290] 19:31:40.134: sip.transport.http: onResponse(): Removing timer trans=0xd3512200
12-18 19:31:40.135 17272 17290 I Summit  : [INFO ] [   17290] 19:31:40.135: sip.transport.http: IN  #002 <== https: HTTP/1.1 200 OK from cgp3.summit-tech.ca:0, 26 bytes
12-18 19:31:40.136 17272 17290 I Summit  : [INFO ] [   17290] 19:31:40.136: jni.clientlicensing: onResult(): => @0xed73fc80
12-18 19:31:40.136 17272 17290 I Summit  :         [   17290] ClientLicensingImpl: onLicensingResult(licenseResult=0, versionResult=0
12-18 19:31:40.137 17272 17290 V Summit-Android: com.summit.nexos.provisioning.Starting: access$000 [Thread:"Thread-2"]
12-18 19:31:40.137 17272 17290 V Summit-Android: com.summit.nexos.provisioning.Starting: access$000 <- "com.summit.nexos.provisioning.Starting" [0ms]
12-18 19:31:40.137 17272 17290 D Summit-Android: com.summit.nexos.provisioning.Starting: checkClientLicensing: onLicenseResult: isAllowedToSignIn=true
12-18 19:31:40.137 17272 17290 V Summit-Android: com.summit.nexos.provisioning.Starting: access$200: x0=com.summit.nexos.provisioning.Starting@89d8950 [Thread:"Thread-2"]
12-18 19:31:40.137 17272 17290 V Summit-Android: com.summit.nexos.provisioning.Starting: getName [Thread:"Thread-2"]
12-18 19:31:40.138 17272 17290 V Summit-Android: com.summit.nexos.provisioning.Starting: getName <- STARTING_UP [0ms]
12-18 19:31:40.138 17272 17290 V Summit-Android: com.summit.nexos.api.SummitNexosServer: getNexosClient [Thread:"Thread-2"]
12-18 19:31:40.138 17272 17290 V Summit-Android: com.summit.nexos.api.SummitNexosServer: getNexosClient <- com.summit.nexos.api.SummitNexosClient@2044a6d [0ms]
12-18 19:31:40.140 17272 17290 V Summit-Android: com.summit.nexos.api.SummitNexosServer: getNexosClient [Thread:"Thread-2"]
12-18 19:31:40.140 17272 17290 V Summit-Android: com.summit.nexos.api.SummitNexosServer: getNexosClient <- com.summit.nexos.api.SummitNexosClient@2044a6d [0ms]
12-18 19:31:40.140 17272 17290 V Summit-Android: com.summit.nexos.api.SummitNexosClient: removeSipClientListener: handler=com.summit.nexos.provisioning.Starting@89d8950 [Thread:"Thread-2"]
12-18 19:31:40.141 17272 17290 V Summit-Android: com.summit.nexos.api.SummitNexosClient: getSipClient [Thread:"Thread-2"]
12-18 19:31:40.141 17272 17290 V Summit-Android: com.summit.nexos.api.SummitNexosClient: getSipClient <- com.summit.ndk.client.impl.SipClientImpl@7cf16a2 [0ms]
12-18 19:31:40.141 17272 17290 V Summit-Android: com.summit.nexos.api.SummitNexosClient: removeSipClientListener <- void [0ms]
12-18 19:31:40.141 17272 17290 V Summit-Android: com.summit.nexos.provisioning.Starting: getName [Thread:"Thread-2"]
12-18 19:31:40.141 17272 17290 V Summit-Android: com.summit.nexos.provisioning.Starting: getName <- STARTING_UP [0ms]
12-18 19:31:40.142 17272 17290 V Summit-Android: com.summit.nexos.startupmachine.StartupStateMachine: next: currentState=STARTING_UP, nextState=null [Thread:"Thread-2"]
12-18 19:31:40.142 17272 17290 D Summit-Android: com.summit.nexos.startupmachine.StartupStateMachine: next: no specific state provided, getting the first one as default
12-18 19:31:40.142 17272 17290 V Summit-Android: com.summit.nexos.provisioning.Provisioning: getName [Thread:"Thread-2"]
12-18 19:31:40.142 17272 17290 V Summit-Android: com.summit.nexos.provisioning.Provisioning: getName <- PROVISIONING [0ms]
12-18 19:31:40.142 17272 17290 D Summit-Android: com.summit.nexos.startupmachine.StartupStateMachine: next: step to run PROVISIONING
12-18 19:31:40.142 17272 17290 V Summit-Android: com.summit.nexos.provisioning.Provisioning: getName [Thread:"Thread-2"]
12-18 19:31:40.143 17272 17290 V Summit-Android: com.summit.nexos.provisioning.Provisioning: getName <- PROVISIONING [0ms]
12-18 19:31:40.143 17272 17290 V Summit-Android: com.summit.nexos.startupmachine.StartupStateMachine: updateServiceState: state=PROVISIONING [Thread:"Thread-2"]
12-18 19:31:40.143 17272 17290 V Summit-Android: com.summit.nexos.api.SummitNexosServer: setState: serviceState=2 [Thread:"Thread-2"]
12-18 19:31:40.143 17272 17290 D Summit-Android: com.summit.nexos.api.SummitNexosServer: setState: serviceState=2
12-18 19:31:40.143 17272 17290 V Summit-Android: com.summit.nexos.api.SummitNexosServer: setError: faultId=0, faultInfo="" [Thread:"Thread-2"]
12-18 19:31:40.143 17272 17290 D Summit-Android: com.summit.nexos.api.SummitNexosServer: setError: faultId=0, faultInfo=
12-18 19:31:40.144 17272 17290 V Summit-Android: com.summit.nexos.api.SummitNexosServer: setError <- void [0ms]
12-18 19:31:40.144 17272 17290 D Summit-Android: com.summit.nexos.api.SummitNexosServer: setState: sending notification for client state
12-18 19:31:40.144 17272 17290 V Summit-Android: com.summit.nexos.api.SummitNexosServer: getNexosClient [Thread:"Thread-2"]
12-18 19:31:40.144 17272 17290 V Summit-Android: com.summit.nexos.api.SummitNexosServer: getNexosClient <- com.summit.nexos.api.SummitNexosClient@2044a6d [0ms]
12-18 19:31:40.144 17272 17290 V Summit-Android: com.summit.nexos.api.SummitNexosClient: getContext [Thread:"Thread-2"]
12-18 19:31:40.144 17272 17290 V Summit-Android: com.summit.nexos.api.SummitNexosClient: getContext <- com.summit.nexos.sdk.app.service.ServiceApp@90a626b [0ms]
12-18 19:31:40.145 17272 17290 V Summit-Android: com.summit.nexos.model.helper.BroadcastHelper: sendNotifyConnectionState: context=com.summit.nexos.sdk.app.service.ServiceApp@90a626b, state=2 [Thread:"Thread-2"]
12-18 19:31:40.145 17272 17272 V Summit-Android: com.summit.nexos.aidl.server.INexosServerBinder: getNexosClient
12-18 19:31:40.145 17272 17272 V Summit-Android: com.summit.nexos.aidl.server.INexosServerBinder: getNexosClient <- com.summit.nexos.aidl.server.INexosClientBinder@bc0ac2d [0ms]
12-18 19:31:40.145 17272 17272 V Summit-Android: com.summit.nexos.aidl.server.INexosClientBinder: getRcsGroupChatService
12-18 19:31:40.145 17272 17272 V Summit-Android: com.summit.nexos.aidl.server.INexosClientBinder: getRcsGroupChatService <- com.summit.nexos.aidl.server.groupchat.IRcsGroupChatServiceBinder@44cf5d9 [0ms]
12-18 19:31:40.146 17272 17290 V Summit-Android: com.summit.nexos.model.helper.BroadcastHelper: sendNotifyConnectionState <- void [0ms]
