12-18 19:31:31.967  3367  3367 V Summit-Android: com.summit.nexos.api.SummitNexosClient: installStorageService: storageServiceCandidates={message-history=[com.summit.nexos.internal.SummitMessageHistoryService@98aa4e8], uce-storage=[com.summit.nexos.internal.NativeContactUCEStorageService@1b71701], call-history=[com.summit.nexos.service.history.call.SummitCallHistory@69269da, com.summit.nexos.service.history.call.nativedb.NativeCallHistory@133ae0b]}, serviceName="uce-storage", rcsServices=null
12-18 19:31:31.969  3367  3367 V Summit-Android: com.summit.nexos.internal.NativeContactUCEStorageService: attach: nexosClient=com.summit.nexos.api.SummitNexosClient@dd92794
12-18 19:31:31.969  3367  3367 V Summit-Android: com.summit.nexos.internal.NativeContactUCEStorageService: attach <- void [0ms]
12-18 19:31:31.970  3367  3367 V Summit-Android: com.summit.nexos.internal.NativeContactUCEStorageService: getVersion
12-18 19:31:31.970  3367  3367 V Summit-Android: com.summit.nexos.internal.NativeContactUCEStorageService: getVersion <- "unspecified" [0ms]
12-18 19:31:31.971  3367  3367 D Summit-Android: com.summit.nexos.api.SummitNexosClient Installed NativeContactUCEStorageService as StorageService-uce-storage: package=com.summit.nexos.internal version=unspecified
12-18 19:31:31.971  3367  3367 V Summit-Android: com.summit.nexos.api.SummitNexosClient: installStorageService <- [com.summit.nexos.internal.NativeContactUCEStorageService@1b71701] [0ms]
12-18 19:31:31.971  3367  3367 V Summit-Android: com.summit.nexos.api.SummitNexosClient: initStorageServices <- {message-history=[com.summit.nexos.internal.SummitMessageHistoryService@98aa4e8], uce-storage=[com.summit.nexos.internal.NativeContactUCEStorageService@1b71701], call-history=[com.summit.nexos.service.history.call.SummitCallHistory@69269da, com.summit.nexos.service.history.call.nativedb.NativeCallHistory@133ae0b]} [0ms]
12-18 19:31:31.972  3367  3367 D Summit-Android: com.summit.nexos.api.SummitNexosClient: initServices: setup business services, 5 to setup
12-18 19:31:31.972  3367  3367 D Summit-Android: com.summit.nexos.api.SummitNexosClient: initServices: setupAfterAllServiceCreated groupchat
12-18 19:31:31.973  3367  3367 V Summit-Android: com.summit.nexos.internal.SummitRcsGroupChatService: setupAfterAllServiceCreated
12-18 19:31:31.974  3367  3367 V Summit-Android: com.summit.nexos.internal.SummitRcsGroupChatService: getNexosClient
12-18 19:31:31.974  3367  3367 V Summit-Android: com.summit.nexos.internal.SummitRcsGroupChatService: getNexosClient <- com.summit.nexos.api.SummitNexosClient@dd92794 [0ms]
12-18 19:31:31.975  3367  3367 V Summit-Android: com.summit.nexos.api.SummitNexosClient: getStorageServices: service="message-history"
12-18 19:31:31.976  3367  3367 D Summit-Android: com.summit.nexos.api.SummitNexosClient: getStorageServices: service=message-history
12-18 19:31:31.976  3367  3367 V Summit-Android: com.summit.nexos.api.SummitNexosClient: getStorageServices <- [com.summit.nexos.internal.SummitMessageHistoryService@98aa4e8] [0ms]
12-18 19:31:31.977  3367  3367 V Summit-Android: com.summit.nexos.internal.SummitRcsGroupChatService: setupAfterAllServiceCreated <- void [0ms]
12-18 19:31:31.977  3367  3367 D Summit-Android: com.summit.nexos.api.SummitNexosClient: initServices: setupAfterAllServiceCreated uce
12-18 19:31:31.978  3367  3367 V Summit-Android: com.summit.nexos.internal.SummitUCEService: setupAfterAllServiceCreated
12-18 19:31:31.978  3367  3367 V Summit-Android: com.summit.nexos.api.SummitNexosClient: getStorageServices: service="uce-storage"
12-18 19:31:31.978  3367  3367 D Summit-Android: com.summit.nexos.api.SummitNexosClient: getStorageServices: service=uce-storage
12-18 19:31:31.978  3367  3367 V Summit-Android: com.summit.nexos.api.SummitNexosClient: getStorageServices <- [com.summit.nexos.internal.NativeContactUCEStorageService@1b71701] [0ms]
12-18 19:31:31.979  3367  3367 V Summit-Android: com.summit.nexos.internal.SummitUCEService: setupAfterAllServiceCreated <- void [0ms]
12-18 19:31:31.979  3367  3367 D Summit-Android: com.summit.nexos.api.SummitNexosClient: initServices: setupAfterAllServiceCreated RcsLocationService
12-18 19:31:31.979  3367  3367 V Summit-Android: com.summit.nexos.internal.SummitRcsLocationService: setupAfterAllServiceCreated
12-18 19:31:31.980  3367  3367 V Summit-Android: com.summit.nexos.internal.SummitRcsLocationService: getNexosClient
12-18 19:31:31.980  3367  3367 V Summit-Android: com.summit.nexos.internal.SummitRcsLocationService: getNexosClient <- com.summit.nexos.api.SummitNexosClient@dd92794 [0ms]
12-18 19:31:31.983  3367  3367 V Summit-Android: com.summit.nexos.api.SummitNexosClient: getStorageServices: service="message-history"
12-18 19:31:31.983  3367  3367 D Summit-Android: com.summit.nexos.api.SummitNexosClient: getStorageServices: service=message-history
12-18 19:31:31.984  3367  3367 V Summit-Android: com.summit.nexos.api.SummitNexosClient: getStorageServices <- [com.summit.nexos.internal.SummitMessageHistoryService@98aa4e8] [0ms]
12-18 19:31:31.984  3367  3367 V Summit-Android: com.summit.nexos.internal.SummitRcsLocationService: setupAfterAllServiceCreated <- void [0ms]
12-18 19:31:31.984  3367  3367 D Summit-Android: com.summit.nexos.api.SummitNexosClient: initServices: setupAfterAllServiceCreated RcsChatService
12-18 19:31:31.984  3367  3367 V Summit-Android: com.summit.nexos.internal.SummitRcsChatService: setupAfterAllServiceCreated
12-18 19:31:31.985  3367  3367 V Summit-Android: com.summit.nexos.internal.SummitRcsChatService: getNexosClient
12-18 19:31:31.985  3367  3367 V Summit-Android: com.summit.nexos.internal.SummitRcsChatService: getNexosClient <- com.summit.nexos.api.SummitNexosClient@dd92794 [0ms]
12-18 19:31:31.986  3367  3367 V Summit-Android: com.summit.nexos.api.SummitNexosClient: getStorageServices: service="message-history"
12-18 19:31:31.986  3367  3367 D Summit-Android: com.summit.nexos.api.SummitNexosClient: getStorageServices: service=message-history
12-18 19:31:31.986  3367  3367 V Summit-Android: com.summit.nexos.api.SummitNexosClient: getStorageServices <- [com.summit.nexos.internal.SummitMessageHistoryService@98aa4e8] [0ms]
12-18 19:31:31.987  3367  3367 V Summit-Android: com.summit.nexos.internal.SummitRcsChatService: setupAfterAllServiceCreated <- void [0ms]
12-18 19:31:31.988  3367  3367 D Summit-Android: com.summit.nexos.api.SummitNexosClient: initServices: setupAfterAllServiceCreated ft
12-18 19:31:31.989  3367  3367 V Summit-Android: com.summit.nexos.internal.SummitRcsFileTransferService: setupAfterAllServiceCreated
12-18 19:31:31.989  3367  3367 V Summit-Android: com.summit.nexos.internal.SummitRcsFileTransferService: getNexosClient
12-18 19:31:31.989  3367  3367 V Summit-Android: com.summit.nexos.internal.SummitRcsFileTransferService: getNexosClient <- com.summit.nexos.api.SummitNexosClient@dd92794 [0ms]
12-18 19:31:31.990  3367  3367 V Summit-Android: com.summit.nexos.api.SummitNexosClient: getStorageServices: service="message-history"
12-18 19:31:31.990  3367  3367 D Summit-Android: com.summit.nexos.api.SummitNexosClient: getStorageServices: service=message-history
12-18 19:31:31.990  3367  3367 V Summit-Android: com.summit.nexos.api.SummitNexosClient: getStorageServices <- [com.summit.nexos.internal.SummitMessageHistoryService@98aa4e8] [0ms]
12-18 19:31:31.991  3367  3367 V Summit-Android: com.summit.nexos.internal.SummitRcsFileTransferService: setupAfterAllServiceCreated <- void [0ms]
12-18 19:31:31.991  3367  3367 D Summit-Android: com.summit.nexos.api.SummitNexosClient: initServices: setup storage services, 3 to setup
12-18 19:31:31.991  3367  3367 D Summit-Android: com.summit.nexos.api.SummitNexosClient: initServices: setupAfterAllServiceCreated com.summit.nexos.internal.SummitMessageHistoryService@98aa4e8
12-18 19:31:31.992  3367  3367 V Summit-Android: com.summit.nexos.internal.SummitMessageHistoryService: setupAfterAllServiceCreated
12-18 19:31:31.992  3367  3367 V Summit-Android: com.summit.nexos.internal.SummitMessageHistoryService: setupAfterAllServiceCreated <- void [0ms]
12-18 19:31:31.992  3367  3367 D Summit-Android: com.summit.nexos.api.SummitNexosClient: initServices: setupAfterAllServiceCreated com.summit.nexos.internal.NativeContactUCEStorageService@1b71701
12-18 19:31:31.993  3367  3367 V Summit-Android: com.summit.nexos.internal.NativeContactUCEStorageService: setupAfterAllServiceCreated
12-18 19:31:31.993  3367  3367 V Summit-Android: com.summit.nexos.internal.NativeContactUCEStorageService: setupAfterAllServiceCreated <- void [0ms]
12-18 19:31:31.995  3367  3367 D Summit-Android: com.summit.nexos.api.SummitNexosClient: initServices: setupAfterAllServiceCreated com.summit.nexos.service.history.call.SummitCallHistory@69269da
12-18 19:31:31.997  3367  3367 V Summit-Android: com.summit.nexos.service.history.call.SummitCallHistory: setupAfterAllServiceCreated
12-18 19:31:31.997  3367  3367 V Summit-Android: com.summit.nexos.service.history.call.SummitCallHistory: setupAfterAllServiceCreated <- void [0ms]
12-18 19:31:31.997  3367  3367 D Summit-Android: com.summit.nexos.api.SummitNexosClient: initServices: setupAfterAllServiceCreated com.summit.nexos.service.history.call.nativedb.NativeCallHistory@133ae0b
12-18 19:31:31.998  3367  3367 V Summit-Android: com.summit.nexos.service.history.call.nativedb.NativeCallHistory: setupAfterAllServiceCreated
12-18 19:31:31.998  3367  3367 V Summit-Android: com.summit.nexos.service.history.call.nativedb.NativeCallHistory: setupAfterAllServiceCreated <- void [0ms]
12-18 19:31:31.998  3367  3367 V Summit-Android: com.summit.nexos.api.SummitNexosClient: initServices <- void [0ms]
12-18 19:31:31.998  3367  3367 V Summit-Android: com.summit.nexos.api.dagger.ExplicitCoreModule: provideNexosClient <- com.summit.nexos.api.SummitNexosClient@dd92794 [0ms]
12-18 19:31:31.999  3367  3367 V Summit-Android: com.summit.nexos.api.dagger.ExplicitCoreModule: provideNexosServer: context=com.summit.nexos.sdk.app.service.ServiceApp@bcba94a, client=com.summit.nexos.api.SummitNexosClient@dd92794
12-18 19:31:32.024  3367  3367 V Summit-Android: com.summit.nexos.utils.ThreadUtils: queueTaskDelayed: task=com.summit.nexos.api.SummitNexosServer$1@96424df, delay=1000
12-18 19:31:32.026  3367  3367 V Summit-Android: com.summit.nexos.utils.ThreadUtils: queueTaskDelayed <- java.util.concurrent.ScheduledThreadPoolExecutor$ScheduledFutureTask@f3b5bf5 [0ms]
12-18 19:31:32.027  3367  3367 V Summit-Android: com.summit.nexos.api.dagger.ExplicitCoreModule: provideNexosServer <- com.summit.nexos.api.SummitNexosServer@6c8fd8a [0ms]
12-18 19:31:32.055  3367  3367 V Summit-Android: com.summit.nexos.api.dagger.NexosSdkServiceModule: provideUCEService: client=com.summit.nexos.api.SummitNexosClient@dd92794
12-18 19:31:32.056  3367  3367 V Summit-Android: com.summit.nexos.api.SummitNexosClient: getBusinessService: service="uce"
12-18 19:31:32.057  3367  3367 D Summit-Android: com.summit.nexos.api.SummitNexosClient: getBusinessService: service=uce
12-18 19:31:32.057  3367  3367 V Summit-Android: com.summit.nexos.api.SummitNexosClient: getBusinessService <- com.summit.nexos.internal.SummitUCEService@ed537c9 [0ms]
12-18 19:31:32.057  3367  3367 V Summit-Android: com.summit.nexos.api.dagger.NexosSdkServiceModule: provideUCEService <- com.summit.nexos.internal.SummitUCEService@ed537c9 [0ms]
12-18 19:31:32.059  3367  3367 V Summit-Android: com.summit.nexos.internal.SummitUCEService: addListener: listener=com.summit.nexos.aidl.server.uce.IUCEServiceBinder$UCEServiceListenerImpl@3902ffb
12-18 19:31:32.061  3367  3367 V Summit-Android: com.summit.nexos.internal.SummitUCEService: addListener <- void [0ms]
12-18 19:31:32.062  3367  3367 V Summit-Android: com.summit.nexos.api.dagger.NexosSdkServiceModule: provideIUCEService: binder=com.summit.nexos.aidl.server.uce.IUCEServiceBinder@a251818
12-18 19:31:32.062  3367  3367 V Summit-Android: com.summit.nexos.api.dagger.NexosSdkServiceModule: provideIUCEService <- com.summit.nexos.aidl.server.uce.IUCEServiceBinder@a251818 [0ms]
12-18 19:31:32.072  3367  3367 V Summit-Android: com.summit.nexos.api.dagger.NexosSdkServiceModule: provideRcsFileTransferService: client=com.summit.nexos.api.SummitNexosClient@dd92794
12-18 19:31:32.072  3367  3367 V Summit-Android: com.summit.nexos.api.SummitNexosClient: getBusinessService: service="ft"
12-18 19:31:32.073  3367  3367 D Summit-Android: com.summit.nexos.api.SummitNexosClient: getBusinessService: service=ft
12-18 19:31:32.073  3367  3367 V Summit-Android: com.summit.nexos.api.SummitNexosClient: getBusinessService <- com.summit.nexos.internal.SummitRcsFileTransferService@63e2ece [0ms]
12-18 19:31:32.073  3367  3367 V Summit-Android: com.summit.nexos.api.dagger.NexosSdkServiceModule: provideRcsFileTransferService <- com.summit.nexos.internal.SummitRcsFileTransferService@63e2ece [0ms]
12-18 19:31:32.076  3367  3367 V Summit-Android: com.summit.nexos.internal.SummitRcsFileTransferService: addListener: listener=com.summit.nexos.aidl.server.filetransfer.IRcsFileTransferServiceBinder$RcsFileTransferServiceListenerImpl@9b2c271
12-18 19:31:32.076  3367  3367 V Summit-Android: com.summit.nexos.internal.SummitRcsFileTransferService: addListener <- void [0ms]
12-18 19:31:32.078  3367  3367 V Summit-Android: com.summit.nexos.api.dagger.NexosSdkServiceModule: provideIRcsFileTransferService: binder=com.summit.nexos.aidl.server.filetransfer.IRcsFileTransferServiceBinder@cc16856
12-18 19:31:32.078  3367  3367 V Summit-Android: com.summit.nexos.api.dagger.NexosSdkServiceModule: provideIRcsFileTransferService <- com.summit.nexos.aidl.server.filetransfer.IRcsFileTransferServiceBinder@cc16856 [0ms]
12-18 19:31:32.089  3367  3367 V Summit-Android: com.summit.nexos.api.dagger.NexosSdkServiceModule: provideRcsChatService: client=com.summit.nexos.api.SummitNexosClient@dd92794
12-18 19:31:32.089  3367  3367 V Summit-Android: com.summit.nexos.api.SummitNexosClient: getBusinessService: service="RcsChatService"
12-18 19:31:32.089  3367  3367 D Summit-Android: com.summit.nexos.api.SummitNexosClient: getBusinessService: service=RcsChatService
12-18 19:31:32.090  3367  3367 V Summit-Android: com.summit.nexos.api.SummitNexosClient: getBusinessService <- com.summit.nexos.internal.SummitRcsChatService@c10e1ef [0ms]
12-18 19:31:32.090  3367  3367 V Summit-Android: com.summit.nexos.api.dagger.NexosSdkServiceModule: provideRcsChatService <- com.summit.nexos.internal.SummitRcsChatService@c10e1ef [0ms]
12-18 19:31:32.095  3367  3367 V Summit-Android: com.summit.nexos.internal.SummitRcsChatService: addListener: listener=com.summit.nexos.aidl.server.chat.IRcsChatServiceBinder$RcsChatServiceListenerImpl@4a7d0d7
12-18 19:31:32.095  3367  3367 V Summit-Android: com.summit.nexos.internal.SummitRcsChatService: addListener <- void [0ms]
12-18 19:31:32.096  3367  3367 V Summit-Android: com.summit.nexos.api.dagger.NexosSdkServiceModule: provideIRcsChatService: binder=com.summit.nexos.aidl.server.chat.IRcsChatServiceBinder@a5f9dc4
12-18 19:31:32.097  3367  3367 V Summit-Android: com.summit.nexos.api.dagger.NexosSdkServiceModule: provideIRcsChatService <- com.summit.nexos.aidl.server.chat.IRcsChatServiceBinder@a5f9dc4 [0ms]
12-18 19:31:32.104  3367  3367 V Summit-Android: com.summit.nexos.api.dagger.NexosSdkServiceModule: provideRcsChatbotService: client=com.summit.nexos.api.SummitNexosClient@dd92794
12-18 19:31:32.105  3367  3367 V Summit-Android: com.summit.nexos.api.SummitNexosClient: getBusinessService: service="chatbot"
12-18 19:31:32.105  3367  3367 D Summit-Android: com.summit.nexos.api.SummitNexosClient: getBusinessService: service=chatbot
12-18 19:31:32.110  3367  3367 V Summit-Android: com.summit.nexos.servicemodel.exceptions.NexosException: getMessage
12-18 19:31:32.111  3367  3367 V Summit-Android: com.summit.nexos.servicemodel.exceptions.NexosException: getMessage <- "NexosException: ExceptionID=12, message=Service not found under business service: chatbot" [0ms]
12-18 19:31:32.111  3367  3367 W Summit-Android: com.summit.nexos.api.dagger.NexosSdkServiceModule: provideRcsChatBotService - NexosClient:getBusinessService error. Details:com.summit.nexos.servicemodel.exceptions.NexosException: NexosException: ExceptionID=12, message=Service not found under business service: chatbot
12-18 19:31:32.111  3367  3367 V Summit-Android: com.summit.nexos.api.dagger.NexosSdkServiceModule: provideRcsChatbotService <- com.summit.nexos.model.helper.ServiceStub$11@66014ad [0ms]
12-18 19:31:32.112  3367  3367 V Summit-Android: com.summit.nexos.model.helper.ServiceStub: access$000
12-18 19:31:32.113  3367  3367 V Summit-Android: com.summit.nexos.model.helper.ServiceStub: access$000 <- "com.summit.nexos.model.helper.ServiceStub" [0ms]
12-18 19:31:32.113  3367  3367 W Summit-Android: com.summit.nexos.model.helper.ServiceStub: using null chat bot sertvice
12-18 19:31:32.116  3367  3367 V Summit-Android: com.summit.nexos.api.dagger.NexosSdkServiceModule: provideIRcsChatbotService: binder=com.summit.nexos.aidl.server.chatbot.IRcsChatbotServiceBinder@803b3e2
12-18 19:31:32.116  3367  3367 V Summit-Android: com.summit.nexos.api.dagger.NexosSdkServiceModule: provideIRcsChatbotService <- com.summit.nexos.aidl.server.chatbot.IRcsChatbotServiceBinder@803b3e2 [0ms]
12-18 19:31:32.129  3367  3367 V Summit-Android: com.summit.nexos.api.dagger.NexosSdkServiceModule: provideRcsGroupChatService: client=com.summit.nexos.api.SummitNexosClient@dd92794
12-18 19:31:32.130  3367  3367 V Summit-Android: com.summit.nexos.api.SummitNexosClient: getBusinessService: service="groupchat"
12-18 19:31:32.130  3367  3367 D Summit-Android: com.summit.nexos.api.SummitNexosClient: getBusinessService: service=groupchat
12-18 19:31:32.130  3367  3367 V Summit-Android: com.summit.nexos.api.SummitNexosClient: getBusinessService <- com.summit.nexos.internal.SummitRcsGroupChatService@5e134fc [0ms]
12-18 19:31:32.130  3367  3367 V Summit-Android: com.summit.nexos.api.dagger.NexosSdkServiceModule: provideRcsGroupChatService <- com.summit.nexos.internal.SummitRcsGroupChatService@5e134fc [0ms]
12-18 19:31:32.132  3367  3367 V Summit-Android: com.summit.nexos.internal.SummitRcsGroupChatService: addGroupChatListener: listener=com.summit.nexos.aidl.server.groupchat.IRcsGroupChatServiceBinder$RcsGroupChatServiceListenerImpl@d2ea373
12-18 19:31:32.133  3367  3367 V Summit-Android: com.summit.nexos.internal.SummitRcsGroupChatService: addGroupChatListener <- void [0ms]
12-18 19:31:32.134  3367  3367 V Summit-Android: com.summit.nexos.api.dagger.NexosSdkServiceModule: provideIRcsGroupChatService: binder=com.summit.nexos.aidl.server.groupchat.IRcsGroupChatServiceBinder@9ad230
12-18 19:31:32.134  3367  3367 V Summit-Android: com.summit.nexos.api.dagger.NexosSdkServiceModule: provideIRcsGroupChatService <- com.summit.nexos.aidl.server.groupchat.IRcsGroupChatServiceBinder@9ad230 [0ms]
12-18 19:31:32.150  3367  3367 V Summit-Android: com.summit.nexos.api.dagger.NexosSdkServiceModule: provideTelephonyService: client=com.summit.nexos.api.SummitNexosClient@dd92794
12-18 19:31:32.150  3367  3367 V Summit-Android: com.summit.nexos.api.SummitNexosClient: getBusinessService: service="telephony"
12-18 19:31:32.151  3367  3367 D Summit-Android: com.summit.nexos.api.SummitNexosClient: getBusinessService: service=telephony
12-18 19:31:32.151  3367  3367 V Summit-Android: com.summit.nexos.servicemodel.exceptions.NexosException: getMessage
12-18 19:31:32.151  3367  3367 V Summit-Android: com.summit.nexos.servicemodel.exceptions.NexosException: getMessage <- "NexosException: ExceptionID=12, message=Service not found under business service: telephony" [0ms]
12-18 19:31:32.151  3367  3367 W Summit-Android: com.summit.nexos.api.dagger.NexosSdkServiceModule: provideTelephonyService: getBusinessService error. Details:com.summit.nexos.servicemodel.exceptions.NexosException: NexosException: ExceptionID=12, message=Service not found under business service: telephony
12-18 19:31:32.151  3367  3367 V Summit-Android: com.summit.nexos.api.dagger.NexosSdkServiceModule: provideTelephonyService <- com.summit.nexos.model.helper.ServiceStub$9@f164ea9 [0ms]
12-18 19:31:32.156  3367  3367 V Summit-Android: com.summit.nexos.model.helper.ServiceStub: access$000
12-18 19:31:32.156  3367  3367 V Summit-Android: com.summit.nexos.model.helper.ServiceStub: access$000 <- "com.summit.nexos.model.helper.ServiceStub" [0ms]
12-18 19:31:32.156  3367  3367 W Summit-Android: com.summit.nexos.model.helper.ServiceStub: using null telephony service
12-18 19:31:32.157  3367  3367 V Summit-Android: com.summit.nexos.api.dagger.NexosSdkServiceModule: provideITelephonyService: binder=com.summit.nexos.aidl.server.telephony.ITelephonyServiceBinder@82d2c2e
12-18 19:31:32.157  3367  3367 V Summit-Android: com.summit.nexos.api.dagger.NexosSdkServiceModule: provideITelephonyService <- com.summit.nexos.aidl.server.telephony.ITelephonyServiceBinder@82d2c2e [0ms]
12-18 19:31:32.165  3367  3367 V Summit-Android: com.summit.nexos.api.dagger.NexosSdkServiceModule: provideRcsLocationService: client=com.summit.nexos.api.SummitNexosClient@dd92794
12-18 19:31:32.165  3367  3367 V Summit-Android: com.summit.nexos.api.SummitNexosClient: getBusinessService: service="RcsLocationService"
12-18 19:31:32.165  3367  3367 D Summit-Android: com.summit.nexos.api.SummitNexosClient: getBusinessService: service=RcsLocationService
12-18 19:31:32.165  3367  3367 V Summit-Android: com.summit.nexos.api.SummitNexosClient: getBusinessService <- com.summit.nexos.internal.SummitRcsLocationService@5f08785 [0ms]
12-18 19:31:32.166  3367  3367 V Summit-Android: com.summit.nexos.api.dagger.NexosSdkServiceModule: provideRcsLocationService <- com.summit.nexos.internal.SummitRcsLocationService@5f08785 [0ms]
12-18 19:31:32.168  3367  3367 V Summit-Android: com.summit.nexos.internal.SummitRcsLocationService: addListener: listener=com.summit.nexos.aidl.server.location.IRcsLocationServiceBinder$RcsLocationServiceListenerImpl@84603cf
12-18 19:31:32.169  3367  3367 V Summit-Android: com.summit.nexos.internal.SummitRcsLocationService: addListener <- void [0ms]
12-18 19:31:32.169  3367  3367 V Summit-Android: com.summit.nexos.api.dagger.NexosSdkServiceModule: provideIRcsLocationService: binder=com.summit.nexos.aidl.server.location.IRcsLocationServiceBinder@c12e15c
12-18 19:31:32.170  3367  3367 V Summit-Android: com.summit.nexos.api.dagger.NexosSdkServiceModule: provideIRcsLocationService <- com.summit.nexos.aidl.server.location.IRcsLocationServiceBinder@c12e15c [0ms]
12-18 19:31:32.174  3367  3367 V Summit-Android: com.summit.nexos.core.receivers.IncomingRcsActionsBroadcastReceiver: register: context=com.summit.nexos.api.NexosSdkService@ddc2c65
12-18 19:31:32.175  3367  3367 D Summit-Android: com.summit.nexos.core.receivers.IncomingRcsActionsBroadcastReceiver: register
12-18 19:31:32.176  3367  3367 V Summit-Android: com.summit.nexos.core.receivers.IncomingRcsActionsBroadcastReceiver: register <- com.summit.nexos.core.receivers.IncomingRcsActionsBroadcastReceiver@763dd3a [0ms]
12-18 19:31:32.178  3367  3367 V Summit-Android: com.summit.nexos.api.SummitNexosServer: getNexosClient
12-18 19:31:32.178  3367  3367 V Summit-Android: com.summit.nexos.api.SummitNexosServer: getNexosClient <- com.summit.nexos.api.SummitNexosClient@dd92794 [0ms]
12-18 19:31:32.178  3367  3367 V Summit-Android: com.summit.nexos.core.receivers.IncomingRcsActionsBroadcastReceiver: setNexosClient: client=com.summit.nexos.api.SummitNexosClient@dd92794
12-18 19:31:32.178  3367  3367 V Summit-Android: com.summit.nexos.core.receivers.IncomingRcsActionsBroadcastReceiver: setNexosClient <- void [0ms]
12-18 19:31:32.179  3367  3367 V Summit-Android: com.summit.nexos.api.NexosSdkService: onCreate <- void [0ms]
12-18 19:31:32.180  3367  3367 V Summit-Android: com.summit.nexos.api.NexosSdkService: onStartCommand: intent=Intent { cmp=com.summit.nexos.sdk.app.service/com.summit.nexos.api.NexosSdkService }, flags=0, startId=1
12-18 19:31:32.180  3367  3367 D Summit-Android: com.summit.nexos.api.NexosSdkService: onStartCommand: flags=0, startId=1, action =null
12-18 19:31:32.181  3367  3367 V Summit-Android: com.summit.nexos.api.SummitNexosServer: turnOnStartupMachine
12-18 19:31:32.181  3367  3367 D Summit-Android: com.summit.nexos.api.SummitNexosServer: turnOnStartupMachine
12-18 19:31:32.182  3367  3367 V Summit-Android: com.summit.nexos.api.SummitNexosServer: checkAllMandatoryPermissions
12-18 19:31:32.182  3367  3367 V Summit-Android: com.summit.nexos.api.SummitNexosServer: getAllMandatoryPermissions
12-18 19:31:32.183  3367  3367 D Summit-Android: com.summit.nexos.api.SummitNexosServer: getAllMandatoryPermissions: 
12-18 19:31:32.183  3367  3367 V Summit-Android: com.summit.nexos.api.SummitNexosServer: getAllMandatoryPermissions <- [android.permission.READ_PHONE_STATE, android.permission.READ_CONTACTS] [0ms]
12-18 19:31:32.184  3367  3367 D Summit-Android: com.summit.nexos.api.SummitNexosServer: checkAllMandatoryPermissions
12-18 19:31:32.186  3367  3367 D Summit-Android: com.summit.nexos.api.SummitNexosServer: checkAllStartupPermissions: permission = android.permission.READ_PHONE_STATE hasPermission = 0
12-18 19:31:32.188  3367  3367 D Summit-Android: com.summit.nexos.api.SummitNexosServer: checkAllStartupPermissions: permission = android.permission.READ_CONTACTS hasPermission = 0
12-18 19:31:32.188  3367  3367 V Summit-Android: com.summit.nexos.api.SummitNexosServer: checkAllMandatoryPermissions <- true [0ms]
12-18 19:31:32.190  3367  3367 V Summit-Android: com.summit.nexos.api.SummitNexosServer: turnOnStartupMachineInNewThread
12-18 19:31:32.190  3367  3367 D Summit-Android: com.summit.nexos.api.SummitNexosServer: turnOnStartupMachineInNewThread
12-18 19:31:32.194  3367  3367 V Summit-Android: com.summit.nexos.utils.ThreadUtils: queueTask: task=com.summit.nexos.api.SummitNexosServer$2@7c90deb
12-18 19:31:32.196  3367  3367 V Summit-Android: com.summit.nexos.utils.ThreadUtils: queueTask <- java.util.concurrent.FutureTask@c6829e1 [0ms]
12-18 19:31:32.196  3367  3367 V Summit-Android: com.summit.nexos.api.SummitNexosServer: turnOnStartupMachineInNewThread <- void [0ms]
12-18 19:31:32.196  3367  3367 V Summit-Android: com.summit.nexos.api.SummitNexosServer: turnOnStartupMachine <- void [0ms]
12-18 19:31:32.196  3367  3367 V Summit-Android: com.summit.nexos.api.NexosSdkService: onStartCommand <- 1 [0ms]
12-18 19:31:32.197  3367  3392 V Summit-Android: com.summit.nexos.api.SummitNexosServer: access$100: x0=com.summit.nexos.api.SummitNexosServer@6c8fd8a [Thread:"pool-1-thread-1"]
12-18 19:31:32.197  3367  3392 V Summit-Android: com.summit.nexos.api.SummitNexosServer: access$100 <- null [0ms]
12-18 19:31:32.199  3367  3392 V Summit-Android: com.summit.nexos.api.SummitNexosServer: access$200 [Thread:"pool-1-thread-1"]
12-18 19:31:32.200  3367  3367 V Summit-Android: com.summit.nexos.api.NexosSdkService: onBind: intent=Intent { cmp=com.summit.nexos.sdk.app.service/com.summit.nexos.api.NexosSdkService }
12-18 19:31:32.200  3367  3367 D Summit-Android: com.summit.nexos.api.NexosSdkService: onBind: action = null
12-18 19:31:32.201  3367  3367 V Summit-Android: com.summit.nexos.api.SummitNexosServer: addNexosServiceStateListener: nexosServiceStateListener=com.summit.nexos.aidl.server.INexosServerBinder@a229306
12-18 19:31:32.201  3367  3392 V Summit-Android: com.summit.nexos.api.SummitNexosServer: access$200 <- "com.summit.nexos.api.SummitNexosServer" [1ms]
12-18 19:31:32.201  3367  3392 D Summit-Android: com.summit.nexos.api.SummitNexosServer: turnOnStartupMachineInNewThread: creating the startup state machine
12-18 19:31:32.202  3367  3367 V Summit-Android: com.summit.nexos.api.SummitNexosServer: addNexosServiceStateListener <- void [0ms]
12-18 19:31:32.203  3367  3367 V Summit-Android: com.summit.nexos.api.SummitNexosServer: addServiceStateListener: serviceStateListener=com.summit.nexos.aidl.server.INexosServerBinder@a229306
12-18 19:31:32.203  3367  3367 V Summit-Android: com.summit.nexos.api.SummitNexosServer: addServiceStateListener <- void [0ms]
12-18 19:31:32.202  3367  3392 V Summit-Android: com.summit.nexos.api.SummitNexosServer: access$300: x0=com.summit.nexos.api.SummitNexosServer@6c8fd8a [Thread:"pool-1-thread-1"]
12-18 19:31:32.204  3367  3367 V Summit-Android: com.summit.nexos.api.SummitNexosServer: turnOnStartupMachine
12-18 19:31:32.204  3367  3392 V Summit-Android: com.summit.nexos.api.SummitNexosServer: getStartingSteps [Thread:"pool-1-thread-1"]
12-18 19:31:32.204  3367  3367 D Summit-Android: com.summit.nexos.api.SummitNexosServer: turnOnStartupMachine
12-18 19:31:32.205  3367  3367 V Summit-Android: com.summit.nexos.api.SummitNexosServer: checkAllMandatoryPermissions
12-18 19:31:32.205  3367  3367 V Summit-Android: com.summit.nexos.api.SummitNexosServer: getAllMandatoryPermissions
12-18 19:31:32.205  3367  3367 D Summit-Android: com.summit.nexos.api.SummitNexosServer: getAllMandatoryPermissions: 
12-18 19:31:32.206  3367  3367 V Summit-Android: com.summit.nexos.api.SummitNexosServer: getAllMandatoryPermissions <- [android.permission.READ_PHONE_STATE, android.permission.READ_CONTACTS] [0ms]
12-18 19:31:32.206  3367  3367 D Summit-Android: com.summit.nexos.api.SummitNexosServer: checkAllMandatoryPermissions
12-18 19:31:32.208  3367  3367 D Summit-Android: com.summit.nexos.api.SummitNexosServer: checkAllStartupPermissions: permission = android.permission.READ_PHONE_STATE hasPermission = 0
12-18 19:31:32.210  3367  3367 D Summit-Android: com.summit.nexos.api.SummitNexosServer: checkAllStartupPermissions: permission = android.permission.READ_CONTACTS hasPermission = 0
12-18 19:31:32.210  3367  3367 V Summit-Android: com.summit.nexos.api.SummitNexosServer: checkAllMandatoryPermissions <- true [0ms]
12-18 19:31:32.210  3367  3367 D Summit-Android: com.summit.nexos.api.SummitNexosServer: turnOnStartupMachine: already initialized
12-18 19:31:32.210  3367  3367 V Summit-Android: com.summit.nexos.api.SummitNexosServer: turnOnStartupMachine <- void [0ms]
12-18 19:31:32.210  3367  3367 V Summit-Android: com.summit.nexos.api.NexosSdkService: onBind <- com.summit.nexos.aidl.server.INexosServerBinder@a229306 [0ms]
12-18 19:31:32.213  3367  3367 I Choreographer: Skipped 97 frames!  The application may be doing too much work on its main thread.
12-18 19:31:32.229  3367  3392 V Summit-Android: com.summit.nexos.api.SummitNexosServer: getStartingSteps <- [com.summit.nexos.provisioning.WebProvisioning@dff598c, com.summit.nexos.provisioning.Starting@a074f63, com.summit.nexos.provisioning.OtpCodeProvisioning@9433419, com.summit.nexos.provisioning.UserConfirmationLicence@7957ebf, com.summit.nexos.provisioning.OtpMsisdnProvisioning@fd2fcde, com.summit.nexos.provisioning.Registering@149f8d5, com.summit.nexos.provisioning.Provisioning@8df2760] [0ms]
12-18 19:31:32.229  3367  3392 V Summit-Android: com.summit.nexos.api.SummitNexosServer: access$300 <- [com.summit.nexos.provisioning.WebProvisioning@dff598c, com.summit.nexos.provisioning.Starting@a074f63, com.summit.nexos.provisioning.OtpCodeProvisioning@9433419, com.summit.nexos.provisioning.UserConfirmationLicence@7957ebf, com.summit.nexos.provisioning.OtpMsisdnProvisioning@fd2fcde, com.summit.nexos.provisioning.Registering@149f8d5, com.summit.nexos.provisioning.Provisioning@8df2760] [0ms]
12-18 19:31:32.230  3367  3392 V Summit-Android: com.summit.nexos.api.SummitNexosServer: access$400: x0=com.summit.nexos.api.SummitNexosServer@6c8fd8a [Thread:"pool-1-thread-1"]
12-18 19:31:32.230  3367  3392 V Summit-Android: com.summit.nexos.api.SummitNexosServer: getStartingStepsTransition [Thread:"pool-1-thread-1"]
12-18 19:31:32.231  3367  3392 V Summit-Android: com.summit.nexos.api.SummitNexosServer: getStartingStepsTransition <- {WEB_PAGE_PROVISIONING=[REGISTERING], INITIAL=[STARTING_UP], REGISTERING=[TERMINATED], STARTING_UP=[PROVISIONING], PROVISIONING=[REGISTERING], USER_CONFIRMATION_LICENCE=[REGISTERING], OTP_CODE_PROVISIONING=[REGISTERING], OTP_MSISDN_PROVISIONING=[OTP_CODE_PROVISIONING]} [0ms]
12-18 19:31:32.231  3367  3392 V Summit-Android: com.summit.nexos.api.SummitNexosServer: access$400 <- {WEB_PAGE_PROVISIONING=[REGISTERING], INITIAL=[STARTING_UP], REGISTERING=[TERMINATED], STARTING_UP=[PROVISIONING], PROVISIONING=[REGISTERING], USER_CONFIRMATION_LICENCE=[REGISTERING], OTP_CODE_PROVISIONING=[REGISTERING], OTP_MSISDN_PROVISIONING=[OTP_CODE_PROVISIONING]} [0ms]
12-18 19:31:32.235  3367  3392 V Summit-Android: com.summit.nexos.startupmachine.StartupStateMachine: create: nexosServer=com.summit.nexos.api.SummitNexosServer@6c8fd8a, steps=[com.summit.nexos.provisioning.WebProvisioning@dff598c, com.summit.nexos.provisioning.Starting@a074f63, com.summit.nexos.provisioning.OtpCodeProvisioning@9433419, com.summit.nexos.provisioning.UserConfirmationLicence@7957ebf, com.summit.nexos.provisioning.OtpMsisdnProvisioning@fd2fcde, com.summit.nexos.provisioning.Registering@149f8d5, com.summit.nexos.provisioning.Provisioning@8df2760], stepsTransition={WEB_PAGE_PROVISIONING=[REGISTERING], INITIAL=[STARTING_UP], REGISTERING=[TERMINATED], STARTING_UP=[PROVISIONING], PROVISIONING=[REGISTERING], USER_CONFIRMATION_LICENCE=[REGISTERING], OTP_CODE_PROVISIONING=[REGISTERING], OTP_MSISDN_PROVISIONING=[OTP_CODE_PROVISIONING]}, finishCallback=com.summit.nexos.api.SummitNexosServer$2$1@b2cb42 [Thread:"pool-1-thread-1"]
12-18 19:31:32.238  3367  3392 V Summit-Android: com.summit.nexos.startupmachine.StartupStateMachine: access$000 [Thread:"pool-1-thread-1"]
12-18 19:31:32.241  3367  3392 V Summit-Android: com.summit.nexos.startupmachine.StartupStateMachine: access$000 <- "com.summit.nexos.startupmachine.StartupStateMachine" [1ms]
12-18 19:31:32.241  3367  3392 V Summit-Android: com.summit.nexos.provisioning.WebProvisioning: getName [Thread:"pool-1-thread-1"]
12-18 19:31:32.242  3367  3392 V Summit-Android: com.summit.nexos.provisioning.WebProvisioning: getName <- WEB_PAGE_PROVISIONING [0ms]
12-18 19:31:32.244  3367  3392 V Summit-Android: com.summit.nexos.provisioning.Starting: getName [Thread:"pool-1-thread-1"]
12-18 19:31:32.244  3367  3392 V Summit-Android: com.summit.nexos.provisioning.Starting: getName <- STARTING_UP [0ms]
12-18 19:31:32.246  3367  3392 V Summit-Android: com.summit.nexos.provisioning.OtpCodeProvisioning: getName [Thread:"pool-1-thread-1"]
12-18 19:31:32.246  3367  3392 V Summit-Android: com.summit.nexos.provisioning.OtpCodeProvisioning: getName <- OTP_CODE_PROVISIONING [0ms]
12-18 19:31:32.248  3367  3392 V Summit-Android: com.summit.nexos.provisioning.UserConfirmationLicence: getName [Thread:"pool-1-thread-1"]
12-18 19:31:32.248  3367  3392 V Summit-Android: com.summit.nexos.provisioning.UserConfirmationLicence: getName <- USER_CONFIRMATION_LICENCE [0ms]
12-18 19:31:32.249  3367  3392 V Summit-Android: com.summit.nexos.provisioning.OtpMsisdnProvisioning: getName [Thread:"pool-1-thread-1"]
12-18 19:31:32.249  3367  3392 V Summit-Android: com.summit.nexos.provisioning.OtpMsisdnProvisioning: getName <- OTP_MSISDN_PROVISIONING [0ms]
12-18 19:31:32.250  3367  3392 V Summit-Android: com.summit.nexos.provisioning.Registering: getName [Thread:"pool-1-thread-1"]
12-18 19:31:32.250  3367  3392 V Summit-Android: com.summit.nexos.provisioning.Registering: getName <- REGISTERING [0ms]
12-18 19:31:32.251  3367  3392 V Summit-Android: com.summit.nexos.provisioning.Provisioning: getName [Thread:"pool-1-thread-1"]
12-18 19:31:32.251  3367  3392 V Summit-Android: com.summit.nexos.provisioning.Provisioning: getName <- PROVISIONING [0ms]
12-18 19:31:32.251  3367  3392 V Summit-Android: com.summit.nexos.startupmachine.StartupStateMachine: create <- com.summit.nexos.startupmachine.StartupStateMachine@1ec5589 [0ms]
12-18 19:31:32.253  3367  3392 V Summit-Android: com.summit.nexos.api.SummitNexosServer: access$102: x0=com.summit.nexos.api.SummitNexosServer@6c8fd8a, x1=com.summit.nexos.startupmachine.StartupStateMachine@1ec5589 [Thread:"pool-1-thread-1"]
12-18 19:31:32.253  3367  3392 V Summit-Android: com.summit.nexos.api.SummitNexosServer: access$102 <- com.summit.nexos.startupmachine.StartupStateMachine@1ec5589 [0ms]
12-18 19:31:32.253  3367  3392 V Summit-Android: com.summit.nexos.api.SummitNexosServer: access$100: x0=com.summit.nexos.api.SummitNexosServer@6c8fd8a [Thread:"pool-1-thread-1"]
12-18 19:31:32.253  3367  3392 V Summit-Android: com.summit.nexos.api.SummitNexosServer: access$100 <- com.summit.nexos.startupmachine.StartupStateMachine@1ec5589 [0ms]
12-18 19:31:32.254  3367  3392 V Summit-Android: com.summit.nexos.startupmachine.StartupStateMachine: start [Thread:"pool-1-thread-1"]
12-18 19:31:32.254  3367  3392 V Summit-Android: com.summit.nexos.startupmachine.StartupStateMachine: next: currentState=INITIAL, nextState=null [Thread:"pool-1-thread-1"]
12-18 19:31:32.254  3367  3392 D Summit-Android: com.summit.nexos.startupmachine.StartupStateMachine: next: no specific state provided, getting the first one as default
12-18 19:31:32.254  3367  3392 V Summit-Android: com.summit.nexos.provisioning.Starting: getName [Thread:"pool-1-thread-1"]
12-18 19:31:32.255  3367  3392 V Summit-Android: com.summit.nexos.provisioning.Starting: getName <- STARTING_UP [0ms]
12-18 19:31:32.255  3367  3392 D Summit-Android: com.summit.nexos.startupmachine.StartupStateMachine: next: step to run STARTING_UP
12-18 19:31:32.255  3367  3392 V Summit-Android: com.summit.nexos.provisioning.Starting: getName [Thread:"pool-1-thread-1"]
12-18 19:31:32.255  3367  3392 V Summit-Android: com.summit.nexos.provisioning.Starting: getName <- STARTING_UP [0ms]
12-18 19:31:32.256  3367  3392 V Summit-Android: com.summit.nexos.startupmachine.StartupStateMachine: updateServiceState: state=STARTING_UP [Thread:"pool-1-thread-1"]
12-18 19:31:32.258  3367  3392 V Summit-Android: com.summit.nexos.api.SummitNexosServer: setState: serviceState=1 [Thread:"pool-1-thread-1"]
12-18 19:31:32.259  3367  3392 D Summit-Android: com.summit.nexos.api.SummitNexosServer: setState: serviceState=1
12-18 19:31:32.259  3367  3392 V Summit-Android: com.summit.nexos.api.SummitNexosServer: setError: faultId=0, faultInfo="" [Thread:"pool-1-thread-1"]
12-18 19:31:32.259  3367  3392 D Summit-Android: com.summit.nexos.api.SummitNexosServer: setError: faultId=0, faultInfo=
12-18 19:31:32.259  3367  3392 V Summit-Android: com.summit.nexos.api.SummitNexosServer: setError <- void [0ms]
12-18 19:31:32.259  3367  3392 D Summit-Android: com.summit.nexos.api.SummitNexosServer: setState: sending notification for client state
12-18 19:31:32.259  3367  3392 V Summit-Android: com.summit.nexos.api.SummitNexosServer: getNexosClient [Thread:"pool-1-thread-1"]
12-18 19:31:32.260  3367  3392 V Summit-Android: com.summit.nexos.api.SummitNexosServer: getNexosClient <- com.summit.nexos.api.SummitNexosClient@dd92794 [0ms]
12-18 19:31:32.260  3367  3392 V Summit-Android: com.summit.nexos.api.SummitNexosClient: getContext [Thread:"pool-1-thread-1"]
12-18 19:31:32.261  3367  3392 V Summit-Android: com.summit.nexos.api.SummitNexosClient: getContext <- com.summit.nexos.sdk.app.service.ServiceApp@bcba94a [0ms]
12-18 19:31:32.262  3367  3392 V Summit-Android: com.summit.nexos.model.helper.BroadcastHelper: sendNotifyConnectionState: context=com.summit.nexos.sdk.app.service.ServiceApp@bcba94a, state=1 [Thread:"pool-1-thread-1"]
12-18 19:31:32.265  3367  3392 V Summit-Android: com.summit.nexos.model.helper.BroadcastHelper: sendNotifyConnectionState <- void [0ms]
12-18 19:31:32.266  3367  3392 V Summit-Android: com.summit.nexos.api.SummitNexosServer: getServiceStateListener [Thread:"pool-1-thread-1"]
12-18 19:31:32.266  3367  3392 V Summit-Android: com.summit.nexos.api.SummitNexosServer: getServiceStateListener <- [com.summit.nexos.aidl.server.INexosServerBinder@a229306] [0ms]
12-18 19:31:32.287  3367  3392 V Summit-Android: com.summit.nexos.aidl.server.INexosServerBinder: onNexosServiceStateChanged: serviceState=1 [Thread:"pool-1-thread-1"]
12-18 19:31:32.287  3367  3392 D Summit-Android: com.summit.nexos.aidl.server.INexosServerBinder : onNexosServiceStateChanged: serviceState=1
12-18 19:31:32.287  3367  3392 V Summit-Android: com.summit.nexos.aidl.server.INexosServerBinder: getNexosImsSdkListeners [Thread:"pool-1-thread-1"]
12-18 19:31:32.288  3367  3392 V Summit-Android: com.summit.nexos.aidl.server.INexosServerBinder: getNexosImsSdkListeners <- [] [0ms]
12-18 19:31:32.288  3367  3392 D Summit-Android: com.summit.nexos.aidl.server.INexosServerBinder : onNexosServiceStateChanged: no nexosImsSdkListeners
12-18 19:31:32.288  3367  3392 V Summit-Android: com.summit.nexos.aidl.server.INexosServerBinder: onNexosServiceStateChanged <- void [0ms]
12-18 19:31:32.288  3367  3392 V Summit-Android: com.summit.nexos.api.SummitNexosServer: setState <- void [0ms]
12-18 19:31:32.288  3367  3392 V Summit-Android: com.summit.nexos.startupmachine.StartupStateMachine: updateServiceState <- void [0ms]
12-18 19:31:32.289  3367  3392 V Summit-Android: com.summit.nexos.startupmachine.StartupStateMachine: next <- void [0ms]
12-18 19:31:32.290  3367  3392 V Summit-Android: com.summit.nexos.startupmachine.StartupStateMachine: start <- void [0ms]
12-18 19:31:32.308  3367  3394 V Summit-Android: com.summit.nexos.api.SummitNexosServer: getNexosClient [Thread:"Thread-4"]
12-18 19:31:32.308  3367  3394 V Summit-Android: com.summit.nexos.api.SummitNexosServer: getNexosClient <- com.summit.nexos.api.SummitNexosClient@dd92794 [0ms]
12-18 19:31:32.308  3367  3394 V Summit-Android: com.summit.nexos.api.SummitNexosServer: getNexosClient [Thread:"Thread-4"]
12-18 19:31:32.308  3367  3394 V Summit-Android: com.summit.nexos.api.SummitNexosServer: getNexosClient <- com.summit.nexos.api.SummitNexosClient@dd92794 [0ms]
12-18 19:31:32.309  3367  3394 V Summit-Android: com.summit.nexos.api.SummitNexosClient: addSipClientListener: handler=com.summit.nexos.provisioning.Starting@a074f63 [Thread:"Thread-4"]
12-18 19:31:32.309  3367  3394 D Summit-Android: com.summit.nexos.api.SummitNexosClient: addSipClientListener
12-18 19:31:32.309  3367  3394 V Summit-Android: com.summit.nexos.api.SummitNexosClient: getSipClient [Thread:"Thread-4"]
12-18 19:31:32.310  3367  3394 V Summit-Android: com.summit.nexos.api.SummitNexosClient: getSipClient <- com.summit.ndk.client.impl.SipClientImpl@ffd223d [0ms]
12-18 19:31:32.317  3367  3394 I Summit  : [INFO ] [    3394] 19:31:32.317: jni.sipclient: nativeGetClientState(): <= client @0xe7857000, state:0
12-18 19:31:32.318  3367  3394 I Summit  : [INFO ] [    3394] 19:31:32.318: jni.sipclient: nativeGetProvisioningState(): <= client @0xe7857000, state:40
12-18 19:31:32.320  3367  3394 I Summit  :         [    3394] SipClientImpl: addListener: STATE_UNREGISTERED STATE_AC_NEED_FIRST_TIME
12-18 19:31:32.320  3367  3394 I Summit  :         [    3394] SipClientImpl: addListener: Dispatch onClientStateChange
12-18 19:31:32.320  3367  3394 D Summit-Android: com.summit.nexos.startupmachine.Step: onClientStateChange: override on demand
12-18 19:31:32.321  3367  3394 I Summit  :         [    3394] SipClientImpl: addListener: onProvisioningStateChange
12-18 19:31:32.321  3367  3394 D Summit-Android: com.summit.nexos.startupmachine.Step: onProvisioningStateChange: override on demand
12-18 19:31:32.321  3367  3394 V Summit-Android: com.summit.nexos.api.SummitNexosClient: addSipClientListener <- void [0ms]
12-18 19:31:32.322  3367  3394 V Summit-Android: com.summit.nexos.provisioning.Starting: handle [Thread:"Thread-4"]
12-18 19:31:32.322  3367  3394 V Summit-Android: com.summit.nexos.provisioning.Starting: checkDeviceModel: model="generic_x86" [Thread:"Thread-4"]
12-18 19:31:32.323  3367  3394 V Summit-Android: com.summit.nexos.provisioning.Starting: checkDeviceModel <- void [0ms]
12-18 19:31:32.323  3367  3394 V Summit-Android: com.summit.nexos.provisioning.Starting: checkDeviceId [Thread:"Thread-4"]
12-18 19:31:32.323  3367  3394 V Summit-Android: com.summit.nexos.provisioning.Starting: checkDeviceId <- void [0ms]
12-18 19:31:32.324  3367  3394 V Summit-Android: com.summit.nexos.provisioning.Starting: checkForOtherRcsClients [Thread:"Thread-4"]
12-18 19:31:32.324  3367  3394 V Summit-Android: com.summit.nexos.provisioning.Starting: checkForOtherRcsClients <- void [0ms]
12-18 19:31:32.324  3367  3394 V Summit-Android: com.summit.nexos.provisioning.Starting: checkFirmware [Thread:"Thread-4"]
12-18 19:31:32.324  3367  3394 V Summit-Android: com.summit.nexos.provisioning.Starting: checkFirmware <- void [0ms]
12-18 19:31:32.325  3367  3394 V Summit-Android: com.summit.nexos.provisioning.Starting: checkClientLicensing: clientLicensingListener=com.summit.nexos.provisioning.Starting$1@5d23dbc [Thread:"Thread-4"]
12-18 19:31:32.325  3367  3394 V Summit-Android: com.summit.nexos.api.SummitNexosServer: getNexosClient [Thread:"Thread-4"]
12-18 19:31:32.325  3367  3394 V Summit-Android: com.summit.nexos.api.SummitNexosServer: getNexosClient <- com.summit.nexos.api.SummitNexosClient@dd92794 [0ms]
12-18 19:31:32.325  3367  3394 V Summit-Android: com.summit.nexos.api.SummitNexosClient: getClientLicensing [Thread:"Thread-4"]
12-18 19:31:32.326  3367  3394 V Summit-Android: com.summit.nexos.api.SummitNexosClient: getClientLicensing <- com.summit.ndk.client.impl.ClientLicensingImpl@4bbc145 [0ms]
12-18 19:31:32.326  3367  3394 W Summit-Android: com.summit.nexos.provisioning.Starting: checkClientLicensing: checking with licensing server
12-18 19:31:32.326  3367  3394 V Summit-Android: com.summit.nexos.api.SummitNexosServer: getNexosClient [Thread:"Thread-4"]
12-18 19:31:32.328  3367  3394 V Summit-Android: com.summit.nexos.api.SummitNexosServer: getNexosClient <- com.summit.nexos.api.SummitNexosClient@dd92794 [0ms]
12-18 19:31:32.328  3367  3394 V Summit-Android: com.summit.nexos.api.SummitNexosServer: getNexosClient [Thread:"Thread-4"]
12-18 19:31:32.328  3367  3394 V Summit-Android: com.summit.nexos.api.SummitNexosServer: getNexosClient <- com.summit.nexos.api.SummitNexosClient@dd92794 [0ms]
12-18 19:31:32.329  3367  3394 V Summit-Android: com.summit.nexos.api.SummitNexosClient: getConfig: key="Version.productName", defaultValue=null [Thread:"Thread-4"]
12-18 19:31:32.336  3367  3394 V Summit-Android: com.summit.nexos.api.SummitNexosClient: getConfigObject [Thread:"Thread-4"]
12-18 19:31:32.336  3367  3394 V Summit-Android: com.summit.nexos.api.SummitNexosClient: getConfigObject <- com.summit.ndk.sal.impl.ConfigObjectImpl@932809a [0ms]
12-18 19:31:32.337  3367  3394 I Summit  : [INFO ] [    3394] 19:31:32.336: jni.configobject: nativeGetConfig(): <= global key:Version.productName, val:ctc-demo-sdk
12-18 19:31:32.337  3367  3394 V Summit-Android: com.summit.nexos.api.SummitNexosClient: getConfig <- "ctc-demo-sdk" [0ms]
12-18 19:31:32.337  3367  3394 V Summit-Android: com.summit.nexos.api.SummitNexosServer: getNexosClient [Thread:"Thread-4"]
12-18 19:31:32.337  3367  3394 V Summit-Android: com.summit.nexos.api.SummitNexosServer: getNexosClient <- com.summit.nexos.api.SummitNexosClient@dd92794 [0ms]
12-18 19:31:32.338  3367  3394 V Summit-Android: com.summit.nexos.api.SummitNexosServer: getNexosClient [Thread:"Thread-4"]
12-18 19:31:32.339  3367  3394 V Summit-Android: com.summit.nexos.api.SummitNexosServer: getNexosClient <- com.summit.nexos.api.SummitNexosClient@dd92794 [0ms]
12-18 19:31:32.339  3367  3394 V Summit-Android: com.summit.nexos.api.SummitNexosClient: getConfig: key="Version.productVersion", defaultValue=null [Thread:"Thread-4"]
12-18 19:31:32.339  3367  3394 V Summit-Android: com.summit.nexos.api.SummitNexosClient: getConfigObject [Thread:"Thread-4"]
12-18 19:31:32.339  3367  3394 V Summit-Android: com.summit.nexos.api.SummitNexosClient: getConfigObject <- com.summit.ndk.sal.impl.ConfigObjectImpl@932809a [0ms]
12-18 19:31:32.340  3367  3394 I Summit  : [INFO ] [    3394] 19:31:32.340: jni.configobject: nativeGetConfig(): <= global key:Version.productVersion, val:0.0.01
12-18 19:31:32.346  3367  3384 I ConfigStore: android::hardware::configstore::V1_0::ISurfaceFlingerConfigs::hasWideColorDisplay retrieved: 0
12-18 19:31:32.340  3367  3394 V Summit-Android: com.summit.nexos.api.SummitNexosClient: getConfig <- "0.0.01" [0ms]
12-18 19:31:32.347  3367  3394 I Summit  :         [    3394] ClientLicensingImpl: checkLicense(ctc-demo-sdk,0.0.01)
12-18 19:31:32.348  3367  3384 I ConfigStore: android::hardware::configstore::V1_0::ISurfaceFlingerConfigs::hasHDRDisplay retrieved: 0
12-18 19:31:32.348  3367  3384 I OpenGLRenderer: Initialized EGL, version 1.4
12-18 19:31:32.348  3367  3384 D OpenGLRenderer: Swap behavior 1
12-18 19:31:32.353  3367  3394 I Summit  : [INFO ] [    3394] 19:31:32.353: jni.clientlicensing: nativeStartCheck(): <= @0xebe5e670, prod:ctc-demo-sdk, vers:0.0.01
12-18 19:31:32.353  3367  3394 I Summit  : [INFO ] [    3394] 19:31:32.353: sal.workerthread: stopWorkerThread(): @0xebeac1a0, thread @0x0, active: 0
12-18 19:31:32.353  3367  3394 I Summit  : [INFO ] [    3394] 19:31:32.353: sip.transport.http: HTTPTransport(): @0xebe9b7e0
12-18 19:31:32.369  3367  3394 I Summit  :         [    3394] AndroidDeviceImpl: getImei: 358240051111110
12-18 19:31:32.371  3367  3394 D Summit  : [DEBUG] [    3394] 19:31:32.370: sip.message.http: HTTPMessage(): Using host cgp3.summit-tech.ca
12-18 19:31:32.289  3367  3367 W RenderThread: type=1400 audit(0.0:238): avc: denied { search } for name="graphics" dev="tmpfs" ino=5067 scontext=u:r:untrusted_app_27:s0:c512,c768 tcontext=u:object_r:graphics_device:s0 tclass=dir permissive=0
12-18 19:31:32.371  3367  3394 I Summit  : [INFO ] [    3394] 19:31:32.371: sip.message.http: setFlag(): setNoPcapTrace: add:0x00000010, remove:0x00000000, flags:0x00000000 => 0x00000010
12-18 19:31:32.373  3367  3394 I Summit  : [INFO ] [    3394] 19:31:32.373: sip.host: isLinkLocal(): a: 254, b: 128
12-18 19:31:32.373  3367  3394 I Summit  : [INFO ] [    3394] 19:31:32.373: sal.socket: hasIPv6NetworkAccess(): Local has IPV6 access: local fe80::ff:fe44:5566
12-18 19:31:32.374  1663  1706 E SurfaceFlinger: ro.sf.lcd_density must be defined as a build property
