12-18 19:31:40.758 17272 17272 V Summit-Android: com.summit.nexos.service.lib.activities.ServiceControlActivity: access$100: x0=com.summit.nexos.service.lib.activities.ServiceControlActivity@f9be7f3
12-18 19:31:40.759 17272 17272 V Summit-Android: com.summit.nexos.service.lib.activities.ServiceControlActivity: access$100 <- com.summit.nexos.sdk.IMSSdk@fe033dc [0ms]
12-18 19:31:40.759 17272 17272 V Summit-Android: com.summit.nexos.service.lib.activities.ServiceControlActivity: access$100: x0=com.summit.nexos.service.lib.activities.ServiceControlActivity@f9be7f3
12-18 19:31:40.759 17272 17272 V Summit-Android: com.summit.nexos.service.lib.activities.ServiceControlActivity: access$100 <- com.summit.nexos.sdk.IMSSdk@fe033dc [0ms]
12-18 19:31:40.759 17272 17272 V Summit-Android: com.summit.nexos.sdk.IMSSdk: isReady
12-18 19:31:40.759 17272 17272 V Summit-Android: com.summit.nexos.sdk.IMSSdk: isReady <- true [0ms]
12-18 19:31:40.759 17272 17272 V Summit-Android: com.summit.nexos.service.lib.activities.ServiceControlActivity: access$100: x0=com.summit.nexos.service.lib.activities.ServiceControlActivity@f9be7f3
12-18 19:31:40.759 17272 17272 V Summit-Android: com.summit.nexos.service.lib.activities.ServiceControlActivity: access$100 <- com.summit.nexos.sdk.IMSSdk@fe033dc [0ms]
12-18 19:31:40.760 17272 17272 V Summit-Android: com.summit.nexos.sdk.IMSSdk: getClientManager
12-18 19:31:40.762 17272 17272 V Summit-Android: com.summit.nexos.sdk.IMSSdk: getManager: manager=com.summit.nexos.sdk.managers.ClientManager@fd1fa9d, loadManager=true
12-18 19:31:40.763 17272 17272 V Summit-Android: com.summit.nexos.sdk.IMSSdk: checkSdkState
12-18 19:31:40.790 17272 17272 V Summit-Android: com.summit.nexos.sdk.IMSSdk: isNotAvailable
12-18 19:31:40.790 17272 17272 V Summit-Android: com.summit.nexos.sdk.IMSSdk: isNotAvailable <- false [0ms]
12-18 19:31:40.790 17272 17272 V Summit-Android: com.summit.nexos.sdk.IMSSdk: isReady
12-18 19:31:40.791 17272 17272 V Summit-Android: com.summit.nexos.sdk.IMSSdk: isReady <- true [0ms]
12-18 19:31:40.791 17272 17272 V Summit-Android: com.summit.nexos.sdk.IMSSdk: checkSdkState <- void [0ms]
12-18 19:31:40.791 17272 17272 D Summit-Android: com.summit.nexos.sdk.managers.ClientManager: isConnected: true
12-18 19:31:40.791 17272 17272 V Summit-Android: com.summit.nexos.sdk.IMSSdk: isReady
12-18 19:31:40.791 17272 17272 V Summit-Android: com.summit.nexos.sdk.IMSSdk: isReady <- true [0ms]
12-18 19:31:40.791 17272 17272 V Summit-Android: com.summit.nexos.sdk.IMSSdk: getManager <- com.summit.nexos.sdk.managers.ClientManager@fd1fa9d [0ms]
12-18 19:31:40.791 17272 17272 V Summit-Android: com.summit.nexos.sdk.IMSSdk: getClientManager <- com.summit.nexos.sdk.managers.ClientManager@fd1fa9d [0ms]
12-18 19:31:40.820 17272 17272 V Summit-Android: com.summit.nexos.sdk.IMSSdk: onConnected <- void [0ms]
12-18 19:31:40.820 17272 17272 V Summit-Android: com.summit.nexos.sdk.IMSSdk: access$1000 <- void [0ms]
12-18 19:31:40.821 17272 17272 V Summit-Android: com.summit.nexos.sdk.IMSSdk: access$1100: x0=com.summit.nexos.sdk.IMSSdk@fe033dc
12-18 19:31:40.845 17272 17272 V Summit-Android: com.summit.nexos.sdk.IMSSdk: notifyManagersAvailability
12-18 19:31:40.846 17272 17272 D Summit-Android: com.summit.nexos.sdk.IMSSdk: notifyManagersAvailability
12-18 19:31:40.847 17272 17272 V Summit-Android: com.summit.nexos.sdk.IMSSdk: getManagerStateListeners
12-18 19:31:40.849 17272 17272 V Summit-Android: com.summit.nexos.sdk.IMSSdk: getManagerStateListeners <- [com.summit.nexos.service.lib.IMSSdkFactory$1@3c9aae] [1ms]
12-18 19:31:40.849 17272 17272 D Summit-Android: com.summit.nexos.sdk.managers.UCEManager: isConnected: true
12-18 19:31:40.850 17272 17272 V Summit-Android: com.summit.nexos.sdk.IMSSdk: isReady
12-18 19:31:40.853 17272 17272 V Summit-Android: com.summit.nexos.sdk.IMSSdk: isReady <- true [2ms]
12-18 19:31:40.853 17272 17272 V Summit-Android: com.summit.nexos.sdk.managers.UCEManager: getName
12-18 19:31:40.854 17272 17272 V Summit-Android: com.summit.nexos.sdk.managers.UCEManager: getName <- "uce" [0ms]
12-18 19:31:40.854 17272 17272 V Summit-Android: com.summit.nexos.service.lib.IMSSdkFactory: access$000
12-18 19:31:40.854 17272 17272 V Summit-Android: com.summit.nexos.service.lib.IMSSdkFactory: access$000 <- "com.summit.nexos.service.lib.IMSSdkFactory" [0ms]
12-18 19:31:40.854 17272 17272 D Summit-Android: com.summit.nexos.service.lib.IMSSdkFactory: Summit IMS Service uce is connected
12-18 19:31:40.854 17272 17272 D Summit-Android: com.summit.nexos.sdk.managers.ChatManager: isConnected: true
12-18 19:31:40.855 17272 17272 V Summit-Android: com.summit.nexos.sdk.IMSSdk: isReady
12-18 19:31:40.855 17272 17272 V Summit-Android: com.summit.nexos.sdk.IMSSdk: isReady <- true [0ms]
12-18 19:31:40.856 17272 17272 V Summit-Android: com.summit.nexos.sdk.managers.ChatManager: getName
12-18 19:31:40.856 17272 17272 V Summit-Android: com.summit.nexos.sdk.managers.ChatManager: getName <- "RcsChatService" [0ms]
12-18 19:31:40.856 17272 17272 V Summit-Android: com.summit.nexos.service.lib.IMSSdkFactory: access$000
12-18 19:31:40.856 17272 17272 V Summit-Android: com.summit.nexos.service.lib.IMSSdkFactory: access$000 <- "com.summit.nexos.service.lib.IMSSdkFactory" [0ms]
12-18 19:31:40.856 17272 17272 D Summit-Android: com.summit.nexos.service.lib.IMSSdkFactory: Summit IMS Service RcsChatService is connected
12-18 19:31:40.856 17272 17272 D Summit-Android: com.summit.nexos.sdk.managers.GroupChatManager: isConnected: true
12-18 19:31:40.857 17272 17272 V Summit-Android: com.summit.nexos.sdk.IMSSdk: isReady
12-18 19:31:40.857 17272 17272 V Summit-Android: com.summit.nexos.sdk.IMSSdk: isReady <- true [0ms]
12-18 19:31:40.857 17272 17272 V Summit-Android: com.summit.nexos.sdk.managers.GroupChatManager: getName
12-18 19:31:40.857 17272 17272 V Summit-Android: com.summit.nexos.sdk.managers.GroupChatManager: getName <- "groupchat" [0ms]
12-18 19:31:40.857 17272 17272 V Summit-Android: com.summit.nexos.service.lib.IMSSdkFactory: access$000
12-18 19:31:40.858 17272 17272 V Summit-Android: com.summit.nexos.service.lib.IMSSdkFactory: access$000 <- "com.summit.nexos.service.lib.IMSSdkFactory" [0ms]
12-18 19:31:40.858 17272 17272 D Summit-Android: com.summit.nexos.service.lib.IMSSdkFactory: Summit IMS Service groupchat is connected
12-18 19:31:40.858 17272 17272 D Summit-Android: com.summit.nexos.sdk.managers.FileTransferManager: isConnected: true
12-18 19:31:40.858 17272 17272 V Summit-Android: com.summit.nexos.sdk.IMSSdk: isReady
12-18 19:31:40.858 17272 17272 V Summit-Android: com.summit.nexos.sdk.IMSSdk: isReady <- true [0ms]
12-18 19:31:40.859 17272 17272 V Summit-Android: com.summit.nexos.sdk.managers.FileTransferManager: getName
12-18 19:31:40.859 17272 17272 V Summit-Android: com.summit.nexos.sdk.managers.FileTransferManager: getName <- "ft" [0ms]
12-18 19:31:40.859 17272 17272 V Summit-Android: com.summit.nexos.service.lib.IMSSdkFactory: access$000
12-18 19:31:40.859 17272 17272 V Summit-Android: com.summit.nexos.service.lib.IMSSdkFactory: access$000 <- "com.summit.nexos.service.lib.IMSSdkFactory" [0ms]
12-18 19:31:40.859 17272 17272 D Summit-Android: com.summit.nexos.service.lib.IMSSdkFactory: Summit IMS Service ft is connected
12-18 19:31:40.859 17272 17272 D Summit-Android: com.summit.nexos.sdk.managers.LocationManager: isConnected: true
12-18 19:31:40.859 17272 17272 V Summit-Android: com.summit.nexos.sdk.IMSSdk: isReady
12-18 19:31:40.861 17272 17272 V Summit-Android: com.summit.nexos.sdk.IMSSdk: isReady <- true [0ms]
12-18 19:31:40.861 17272 17272 V Summit-Android: com.summit.nexos.sdk.managers.LocationManager: getName
12-18 19:31:40.862 17272 17272 V Summit-Android: com.summit.nexos.sdk.managers.LocationManager: getName <- "RcsLocationService" [0ms]
12-18 19:31:40.862 17272 17272 V Summit-Android: com.summit.nexos.service.lib.IMSSdkFactory: access$000
12-18 19:31:40.862 17272 17272 V Summit-Android: com.summit.nexos.service.lib.IMSSdkFactory: access$000 <- "com.summit.nexos.service.lib.IMSSdkFactory" [0ms]
12-18 19:31:40.862 17272 17272 D Summit-Android: com.summit.nexos.service.lib.IMSSdkFactory: Summit IMS Service RcsLocationService is connected
12-18 19:31:40.862 17272 17272 D Summit-Android: com.summit.nexos.sdk.managers.ChatbotManager: isConnected: true
12-18 19:31:40.862 17272 17272 V Summit-Android: com.summit.nexos.sdk.IMSSdk: isReady
12-18 19:31:40.863 17272 17272 V Summit-Android: com.summit.nexos.sdk.IMSSdk: isReady <- true [0ms]
12-18 19:31:40.863 17272 17272 V Summit-Android: com.summit.nexos.sdk.managers.ChatbotManager: getName
12-18 19:31:40.863 17272 17272 V Summit-Android: com.summit.nexos.sdk.managers.ChatbotManager: getName <- "chatbot" [0ms]
12-18 19:31:40.863 17272 17272 V Summit-Android: com.summit.nexos.service.lib.IMSSdkFactory: access$000
12-18 19:31:40.863 17272 17272 V Summit-Android: com.summit.nexos.service.lib.IMSSdkFactory: access$000 <- "com.summit.nexos.service.lib.IMSSdkFactory" [0ms]
12-18 19:31:40.864 17272 17272 D Summit-Android: com.summit.nexos.service.lib.IMSSdkFactory: Summit IMS Service chatbot is connected
12-18 19:31:40.864 17272 17272 D Summit-Android: com.summit.nexos.sdk.managers.TelephonyManager: isConnected: true
12-18 19:31:40.864 17272 17272 V Summit-Android: com.summit.nexos.sdk.IMSSdk: isReady
12-18 19:31:40.864 17272 17272 V Summit-Android: com.summit.nexos.sdk.IMSSdk: isReady <- true [0ms]
12-18 19:31:40.865 17272 17272 V Summit-Android: com.summit.nexos.sdk.managers.TelephonyManager: getName
12-18 19:31:40.865 17272 17272 V Summit-Android: com.summit.nexos.sdk.managers.TelephonyManager: getName <- "telephony" [0ms]
12-18 19:31:40.865 17272 17272 V Summit-Android: com.summit.nexos.service.lib.IMSSdkFactory: access$000
12-18 19:31:40.865 17272 17272 V Summit-Android: com.summit.nexos.service.lib.IMSSdkFactory: access$000 <- "com.summit.nexos.service.lib.IMSSdkFactory" [0ms]
12-18 19:31:40.865 17272 17272 D Summit-Android: com.summit.nexos.service.lib.IMSSdkFactory: Summit IMS Service telephony is connected
12-18 19:31:40.865 17272 17272 D Summit-Android: com.summit.nexos.sdk.managers.LogManager: isConnected: true
12-18 19:31:40.865 17272 17272 V Summit-Android: com.summit.nexos.sdk.IMSSdk: isReady
12-18 19:31:40.865 17272 17272 V Summit-Android: com.summit.nexos.sdk.IMSSdk: isReady <- true [0ms]
12-18 19:31:40.866 17272 17272 V Summit-Android: com.summit.nexos.sdk.managers.LogManager: getName
12-18 19:31:40.866 17272 17272 V Summit-Android: com.summit.nexos.sdk.managers.LogManager: getName <- "client" [0ms]
12-18 19:31:40.866 17272 17272 V Summit-Android: com.summit.nexos.service.lib.IMSSdkFactory: access$000
12-18 19:31:40.866 17272 17272 V Summit-Android: com.summit.nexos.service.lib.IMSSdkFactory: access$000 <- "com.summit.nexos.service.lib.IMSSdkFactory" [0ms]
12-18 19:31:40.866 17272 17272 D Summit-Android: com.summit.nexos.service.lib.IMSSdkFactory: Summit IMS Service client is connected
12-18 19:31:40.866 17272 17272 D Summit-Android: com.summit.nexos.sdk.managers.ClientManager: isConnected: true
12-18 19:31:40.866 17272 17272 V Summit-Android: com.summit.nexos.sdk.IMSSdk: isReady
12-18 19:31:40.867 17272 17272 V Summit-Android: com.summit.nexos.sdk.IMSSdk: isReady <- true [0ms]
12-18 19:31:40.867 17272 17272 V Summit-Android: com.summit.nexos.sdk.managers.ClientManager: getName
12-18 19:31:40.867 17272 17272 V Summit-Android: com.summit.nexos.sdk.managers.ClientManager: getName <- "client" [0ms]
12-18 19:31:40.867 17272 17272 V Summit-Android: com.summit.nexos.service.lib.IMSSdkFactory: access$000
12-18 19:31:40.867 17272 17272 V Summit-Android: com.summit.nexos.service.lib.IMSSdkFactory: access$000 <- "com.summit.nexos.service.lib.IMSSdkFactory" [0ms]
12-18 19:31:40.867 17272 17272 D Summit-Android: com.summit.nexos.service.lib.IMSSdkFactory: Summit IMS Service client is connected
12-18 19:31:40.867 17272 17272 D Summit-Android: com.summit.nexos.sdk.managers.ProvisioningManager: isConnected: true
12-18 19:31:40.868 17272 17272 V Summit-Android: com.summit.nexos.sdk.IMSSdk: isReady
12-18 19:31:40.868 17272 17272 V Summit-Android: com.summit.nexos.sdk.IMSSdk: isReady <- true [0ms]
12-18 19:31:40.868 17272 17272 V Summit-Android: com.summit.nexos.sdk.managers.ProvisioningManager: getName
12-18 19:31:40.868 17272 17272 V Summit-Android: com.summit.nexos.sdk.managers.ProvisioningManager: getName <- "client" [0ms]
12-18 19:31:40.868 17272 17272 V Summit-Android: com.summit.nexos.service.lib.IMSSdkFactory: access$000
12-18 19:31:40.868 17272 17272 V Summit-Android: com.summit.nexos.service.lib.IMSSdkFactory: access$000 <- "com.summit.nexos.service.lib.IMSSdkFactory" [0ms]
12-18 19:31:40.868 17272 17272 D Summit-Android: com.summit.nexos.service.lib.IMSSdkFactory: Summit IMS Service client is connected
12-18 19:31:40.869 17272 17272 D Summit-Android: com.summit.nexos.sdk.managers.PhoneNumberManager: isConnected: true
12-18 19:31:40.869 17272 17272 V Summit-Android: com.summit.nexos.sdk.IMSSdk: isReady
12-18 19:31:40.869 17272 17272 V Summit-Android: com.summit.nexos.sdk.IMSSdk: isReady <- true [0ms]
12-18 19:31:40.869 17272 17272 V Summit-Android: com.summit.nexos.sdk.managers.PhoneNumberManager: getName
12-18 19:31:40.869 17272 17272 V Summit-Android: com.summit.nexos.sdk.managers.PhoneNumberManager: getName <- "client" [0ms]
12-18 19:31:40.869 17272 17272 V Summit-Android: com.summit.nexos.service.lib.IMSSdkFactory: access$000
12-18 19:31:40.870 17272 17272 V Summit-Android: com.summit.nexos.service.lib.IMSSdkFactory: access$000 <- "com.summit.nexos.service.lib.IMSSdkFactory" [0ms]
12-18 19:31:40.870 17272 17272 D Summit-Android: com.summit.nexos.service.lib.IMSSdkFactory: Summit IMS Service client is connected
12-18 19:31:40.871 17272 17272 V Summit-Android: com.summit.nexos.sdk.IMSSdk: notifyManagersAvailability <- void [0ms]
12-18 19:31:40.872 17272 17272 V Summit-Android: com.summit.nexos.sdk.IMSSdk: access$1100 <- void [0ms]
12-18 19:31:40.872 17272 17272 V Summit-Android: com.summit.nexos.sdk.IMSSdk: access$000
12-18 19:31:40.872 17272 17272 V Summit-Android: com.summit.nexos.sdk.IMSSdk: access$000 <- "com.summit.nexos.sdk.IMSSdk" [0ms]
12-18 19:31:40.872 17272 17272 D Summit-Android: com.summit.nexos.sdk.IMSSdk: onServiceConnected: end
12-18 19:31:40.882 17272 17272 I Choreographer: Skipped 71 frames!  The application may be doing too much work on its main thread.
12-18 19:31:40.942 17272 17291 I Summit  : [INFO ] [   17291] 19:31:40.942: jni.mobilemanager: getIsRoaming(): => @0xe9f65420, env:@0xed76ff80, peer:@0x2692
12-18 19:31:41.023 17272 17291 I Summit  : [INFO ] [   17291] 19:31:41.022: jni.mobilemanager: getIsRoaming(): => @0xe9f65420, roaming:0
12-18 19:31:41.023 17272 17291 I Summit  : [INFO ] [   17291] 19:31:41.023: jni.mobilemanager: getMobileTechnology(): => @0xe9f65420, env:@0xed76ff80, peer:@0x2692
12-18 19:31:41.028 17272 17291 I Summit  :         [   17291] AndroidMobileManagerImpl: readNetTechnology: info=[type: WIFI[], state: CONNECTED/CONNECTED, reason: (unspecified), extra: (none), failover: false, available: true, roaming: false]
12-18 19:31:41.029 17272 17291 I Summit  : [INFO ] [   17291] 19:31:41.029: jni.mobilemanager: getMobileTechnology(): => @0xe9f65420, tech:100
12-18 19:31:41.029 17272 17291 I Summit  : [INFO ] [   17291] 19:31:41.029: jni.mobilemanager: getIsRoaming(): => @0xe9f65420, env:@0xed76ff80, peer:@0x2692
12-18 19:31:41.105 17272 17291 I Summit  : [INFO ] [   17291] 19:31:41.105: jni.mobilemanager: getIsRoaming(): => @0xe9f65420, roaming:0
12-18 19:31:41.105 17272 17291 I Summit  : [INFO ] [   17291] 19:31:41.105: jni.mobilemanager: getNetworkAccessString(): => @0xe9f65420, env:@0xed76ff80, peer:@0x2692
12-18 19:31:41.110 17272 17291 I Summit  :         [   17291] AndroidMobileManagerImpl: P-Access-Network-Info: IEEE-802.11; i-wlan-node-id=020000000000
12-18 19:31:41.110 17272 17291 I Summit  : [INFO ] [   17291] 19:31:41.110: jni.mobilemanager: getNetworkAccessString(): => @0xe9f65420, pani:IEEE-802.11; i-wlan-node-id=020000000000
12-18 19:31:41.111 17272 17291 I Summit  : [INFO ] [   17291] 19:31:41.110: mobile.tech.simple: setupNetworkAccess(): Pani is IEEE-802.11; i-wlan-node-id=020000000000
12-18 19:31:41.111 17272 17291 D Summit  : [DEBUG] [   17291] 19:31:41.111: mobile.tech.simple: isNetworkAccessGood(): Found CELLID in PANI
12-18 19:31:41.111 17272 17291 I Summit  : [INFO ] [   17291] 19:31:41.111: mobile.tech.simple: setNetworkAccess(): new PANI = IEEE-802.11; i-wlan-node-id=020000000000
12-18 19:31:41.111 17272 17291 I Summit  : [INFO ] [   17291] 19:31:41.111: mobile.tech.simple: refresh(): 0xe9f65420 Tech 100 => 100, roaming 0 => 0, pani IEEE-802.11; i-wlan-node-id=020000000000 -- sending onPreMobileTechChanged
12-18 19:31:41.111 17272 17291 I Summit  : [INFO ] [   17291] 19:31:41.111: mobile.tech.simple: refresh(): 0xe9f65420 Tech 100 => 100, roaming 0 => 0, pani IEEE-802.11; i-wlan-node-id=020000000000 -- sending onMobileTechChanged
12-18 19:31:41.111 17272 17291 I Summit  : [INFO ] [   17291] 19:31:41.111: jni.mobilemanager: getMobileTechnology(): => @0xe9f65420, env:@0xed76ff80, peer:@0x2692
12-18 19:31:41.113 17272 17291 I Summit  :         [   17291] AndroidMobileManagerImpl: readNetTechnology: info=[type: WIFI[], state: CONNECTED/CONNECTED, reason: (unspecified), extra: (none), failover: false, available: true, roaming: false]
12-18 19:31:41.116 17272 17291 I Summit  : [INFO ] [   17291] 19:31:41.116: jni.mobilemanager: getMobileTechnology(): => @0xe9f65420, tech:100
12-18 19:31:41.118 17272 17291 I Summit  : [INFO ] [   17291] 19:31:41.117: jni.mobilemanager: getIsRoaming(): => @0xe9f65420, env:@0xed76ff80, peer:@0x2692
12-18 19:31:41.131 17272 17291 I Summit  : [INFO ] [   17291] 19:31:41.131: jni.mobilemanager: getIsRoaming(): => @0xe9f65420, roaming:0
12-18 19:31:41.131 17272 17291 I Summit  : [INFO ] [   17291] 19:31:41.131: sip.ua.clientmanager: onTimer(): onRoutingChanged - trigger onMobileTechnologyChanged
12-18 19:31:41.131 17272 17291 I Summit  : [INFO ] [   17291] 19:31:41.131: sip.ua.clientmanager: onMobileTechnologyChanged(): tech 100 roaming 0
12-18 19:31:41.131 17272 17291 W Summit  : [WARN ] [   17291] 19:31:41.131: sal.config: setInt(): @0xed73fa70: Config CurrentTech is not a local config
12-18 19:31:41.131 17272 17291 D Summit  : [DEBUG] [   17291] 19:31:41.131: service.scheme: getAdvertisedCaps(): Tech:100, caps:CHAT, SIMPLE-IM, FT, FT-Thumb, FT-HTTP, GEO/PUSH, GEO/PULL-FT, VS, IS, VOIP/VOICE, VOIP/VIDEO
12-18 19:31:41.131 17272 17291 I Summit  : [INFO ] [   17291] 19:31:41.131: sip.ua.client: updateTransportType(): tech 100
12-18 19:31:41.132 17272 17291 D Summit  : [DEBUG] [   17291] 19:31:41.132: sip.ua.client: handleMobileTechnologyChanged(): old tech = 0, current tech = 100
12-18 19:31:41.132 17272 17291 I Summit  : [INFO ] [   17291] 19:31:41.132: sip.ua.clientmanager: setLastMobileTech(): mobileTechSimple 0x0, mobileMgr 0xe9f65420
12-18 19:31:41.132 17272 17291 I Summit  : [INFO ] [   17291] 19:31:41.132: mobile.tech.simple: setLastMobileTech(): Setting last mobile tech as 100
12-18 19:31:41.132 17272 17291 D Summit  : [DEBUG] [   17291] 19:31:41.132: sip.ua.client: handleMobileTechnologyChanged(): Last valid tech was 0, 1545179501 seconds ago, current tech 100
12-18 19:31:41.132 17272 17291 D Summit  : [DEBUG] [   17291] 19:31:41.132: sip.ua.client: handleMobileTechnologyChanged(): new tech is wifi(100) disconnect tcp sockets
12-18 19:31:41.132 17272 17291 I Summit  : [INFO ] [   17291] 19:31:41.132: sal.dns.impl: resetNameServer(): 
12-18 19:31:41.132 17272 17291 I Summit  : [INFO ] [   17291] 19:31:41.132: sal.dns.impl: resetNameServer(): UsingPlatformResolver
12-18 19:31:41.132 17272 17291 I Summit  : [INFO ] [   17291] 19:31:41.132: sal.dns.android: getPlatformNameServers(): 0x0
12-18 19:31:41.133 17272 17291 I Summit  : [INFO ] [   17291] 19:31:41.133: sal.dns.android: getPlatformNameServers(): if 0 : lo
12-18 19:31:41.133 17272 17291 I Summit  : [INFO ] [   17291] 19:31:41.133: sal.dns.android: getPlatformNameServers(): if 1 : wlan0
12-18 19:31:41.133 17272 17291 I Summit  : [INFO ] [   17291] 19:31:41.133: sal.dns.android: getPlatformNameServers(): if 2 : radio0
12-18 19:31:41.133 17272 17291 I Summit  : [INFO ] [   17291] 19:31:41.133: sip.host: isLinkLocal(): a: 254, b: 128
12-18 19:31:41.133 17272 17291 I Summit  : [INFO ] [   17291] 19:31:41.133: sal.socket: hasIPv6NetworkAccess(): Local has IPV6 access: local fe80::ff:fe44:5566
12-18 19:31:41.133 17272 17291 I Summit  : [INFO ] [   17291] 19:31:41.133: sal.dns.android: getPlatformNameServers(): Has IPv6 network address, won't drop IPv6 DNS servers
12-18 19:31:41.134 17272 17291 I Summit  : [INFO ] [   17291] 19:31:41.134: sal.dns.android: getPlatformNameServers(): (0x0): nameserver [0/1] 8.8.8.8
12-18 19:31:41.134 17272 17291 D Summit  : [DEBUG] [   17291] 19:31:41.134: sal.dns.impl: setNameServersInternal(): Nameserver [1] = 8.8.8.8:53
12-18 19:31:41.134 17272 17291 I Summit  : [INFO ] [   17291] 19:31:41.134: sip.stack: disconnectTcpSockets(): 
12-18 19:31:41.134 17272 17291 I Summit  : [INFO ] [   17291] 19:31:41.134: jni.mobilemanager: getMobileTechnology(): => @0xe9f65420, env:@0xed76ff80, peer:@0x2692
12-18 19:31:41.136 17272 17291 I Summit  :         [   17291] AndroidMobileManagerImpl: readNetTechnology: info=[type: WIFI[], state: CONNECTED/CONNECTED, reason: (unspecified), extra: (none), failover: false, available: true, roaming: false]
12-18 19:31:41.141 17272 17291 I Summit  : [INFO ] [   17291] 19:31:41.140: jni.mobilemanager: getMobileTechnology(): => @0xe9f65420, tech:100
12-18 19:31:41.141 17272 17291 I Summit  : [INFO ] [   17291] 19:31:41.141: service.scheme: onMobileTechnologyChanged(): 100 => 100
12-18 19:31:41.141 17272 17291 D Summit  : [DEBUG] [   17291] 19:31:41.141: service.scheme: getRegisterFeatureTags(): REGISTER tags for WiFi [0/10]: +g.3gpp.iari-ref="urn%3Aurn-7%3A3gpp-application.ims.iari.rcse.im"
12-18 19:31:41.141 17272 17291 D Summit  : [DEBUG] [   17291] 19:31:41.141: service.scheme: getRegisterFeatureTags(): REGISTER tags for WiFi [1/10]: +g.oma.sip-im
12-18 19:31:41.141 17272 17291 D Summit  : [DEBUG] [   17291] 19:31:41.141: service.scheme: getRegisterFeatureTags(): REGISTER tags for WiFi [2/10]: +g.3gpp.cs-voice
12-18 19:31:41.141 17272 17291 D Summit  : [DEBUG] [   17291] 19:31:41.141: service.scheme: getRegisterFeatureTags(): REGISTER tags for WiFi [3/10]: +g.3gpp.iari-ref="urn%3Aurn-7%3A3gpp-application.ims.iari.gsma-is"
12-18 19:31:41.141 17272 17291 D Summit  : [DEBUG] [   17291] 19:31:41.141: service.scheme: getRegisterFeatureTags(): REGISTER tags for WiFi [4/10]: +g.3gpp.iari-ref="urn%3Aurn-7%3A3gpp-application.ims.iari.rcse.ft"
12-18 19:31:41.141 17272 17291 D Summit  : [DEBUG] [   17291] 19:31:41.141: service.scheme: getRegisterFeatureTags(): REGISTER tags for WiFi [5/10]: +g.3gpp.iari-ref="urn%3Aurn-7%3A3gpp-application.ims.iari.rcs.fthttp"
12-18 19:31:41.141 17272 17291 D Summit  : [DEBUG] [   17291] 19:31:41.141: service.scheme: getRegisterFeatureTags(): REGISTER tags for WiFi [6/10]: +g.3gpp.iari-ref="urn%3Aurn-7%3A3gpp-application.ims.iari.rcse.im"
12-18 19:31:41.141 17272 17291 D Summit  : [DEBUG] [   17291] 19:31:41.141: service.scheme: getRegisterFeatureTags(): REGISTER tags for WiFi [7/10]: +g.3gpp.icsi-ref="urn%3Aurn-7%3A3gpp-service.ims.icsi.mmtel"
12-18 19:31:41.142 17272 17291 D Summit  : [DEBUG] [   17291] 19:31:41.141: service.scheme: getRegisterFeatureTags(): REGISTER tags for WiFi [8/10]: video
12-18 19:31:41.142 17272 17291 D Summit  : [DEBUG] [   17291] 19:31:41.142: service.scheme: getRegisterFeatureTags(): REGISTER tags for WiFi [9/10]: +g.3gpp.iari-ref="urn%3Aurn-7%3A3gpp-application.ims.iari.rcs.geopush"
12-18 19:31:41.142 17272 17291 I Summit  : [INFO ] [   17291] 19:31:41.142: registration.manager: checkIfNeedToRegister(): Feature tags changed; re-REGISTER will be needed
12-18 19:31:41.142 17272 17291 I Summit  : [INFO ] [   17291] 19:31:41.142: rcse.capabilities: getDiscoveryMethod(): current discoveryMethod = 0
12-18 19:31:41.142 17272 17291 I Summit  : [INFO ] [   17291] 19:31:41.142: rcse.capabilities: getDiscoveryMethod(): current discoveryConfig = options
12-18 19:31:41.142 17272 17291 I Summit  : [INFO ] [   17291] 19:31:41.142: rcse.capabilities: getDiscoveryMethod(): current discoveryMethod set by config = 1
12-18 19:31:41.142 17272 17291 I Summit  : [INFO ] [   17291] 19:31:41.142: rcse.capabilities: getDiscoveryMethod(): current discoveryMethod = 0
12-18 19:31:41.142 17272 17291 I Summit  : [INFO ] [   17291] 19:31:41.142: rcse.capabilities: getDiscoveryMethod(): current discoveryConfig = options
12-18 19:31:41.142 17272 17291 I Summit  : [INFO ] [   17291] 19:31:41.142: rcse.capabilities: getDiscoveryMethod(): current discoveryMethod set by config = 1
12-18 19:31:41.143 17272 17291 D Summit  : [DEBUG] [   17291] 19:31:41.143: rcse.capabilities: setMyCapabilities(): Caps set to 0x4a53078 'CHAT, SIMPLE-IM, FT, FT-Thumb, FT-HTTP, GEO/PUSH, GEO/PULL-FT, VS, IS, VOIP/VOICE, VOIP/VIDEO'
12-18 19:31:41.143 17272 17291 I Summit  : [INFO ] [   17291] 19:31:41.143: jni.uceservice: onMyCapsChanged(): => 0x04a53878, 
12-18 19:31:41.143 17272 17291 D Summit  : [DEBUG] [   17291] 19:31:41.143: rcse.capabilities: handleMobileTechChanged(): WiFi: CHAT, SIMPLE-IM, FT, FT-Thumb, FT-HTTP, GEO/PUSH, GEO/PULL-FT, VS, IS, VOIP/VOICE, VOIP/VIDEO, +g.gsma.rcs.bevoicevideo, iari="urn%3Aurn-7%3A3gppapplication.ims.iari.rcs.fullsfgroupchat"  (0x04a53478 => 0x04a53078)
12-18 19:31:41.144 17272 17291 D Summit  : [DEBUG] [   17291] 19:31:41.144: sip.ua.client: handleMobileTechnologyChanged(): 1258 state:10 (Provisioning), tech:100
12-18 19:31:41.144 17272 17291 I Summit  : [INFO ] [   17291] 19:31:41.144: jni.mobilemanager: getMobileTechnology(): => @0xe9f65420, env:@0xed76ff80, peer:@0x2692
12-18 19:31:41.148 17272 17291 I Summit  :         [   17291] AndroidMobileManagerImpl: readNetTechnology: info=[type: WIFI[], state: CONNECTED/CONNECTED, reason: (unspecified), extra: (none), failover: false, available: true, roaming: false]
12-18 19:31:41.150 17272 17291 I Summit  : [INFO ] [   17291] 19:31:41.150: jni.mobilemanager: getMobileTechnology(): => @0xe9f65420, tech:100
12-18 19:31:41.150 17272 17291 I Summit  : [INFO ] [   17291] 19:31:41.150: jni.mobilemanager: getIsRoaming(): => @0xe9f65420, env:@0xed76ff80, peer:@0x2692
12-18 19:31:41.215 17272 17291 I Summit  : [INFO ] [   17291] 19:31:41.215: jni.mobilemanager: getIsRoaming(): => @0xe9f65420, roaming:0
12-18 19:31:41.215 17272 17291 I Summit  : [INFO ] [   17291] 19:31:41.215: sip.ua.client: connectionEvent(): (event:15, refresh:0), state:10, tech:100, stack address:
12-18 19:31:41.215 17272 17291 D Summit  : [DEBUG] [   17291] 19:31:41.215: sip.ua.client: connectionEvent(): Updating local IP address 773
12-18 19:31:41.216 17272 17291 D Summit  : [DEBUG] [   17291] 19:31:41.215: sip.stack: updateLocalAddressPrivate(): 
12-18 19:31:41.216 17272 17291 I Summit  : [INFO ] [   17291] 19:31:41.216: sip.stack: getProxy(): TCP, no proxies,  
12-18 19:31:41.216 17272 17291 I Summit  : [INFO ] [   17291] 19:31:41.216: linux.socket.udp: create(): Created socket fd: 60  type: Generic
12-18 19:31:41.216 17272 17291 I Summit  : [INFO ] [   17291] 19:31:41.216: linux.socket: close(): for UDP socket 60
12-18 19:31:41.217 17272 17291 I Summit  : [INFO ] [   17291] 19:31:41.217: sip.stack: updateLocalAddressPrivate(): Local address based on UDP connect: 192.168.232.2:53701
12-18 19:31:41.217 17272 17291 I Summit  : [INFO ] [   17291] 19:31:41.217: sip.stack: updateLocalAddressPrivate(): if= 
12-18 19:31:41.217 17272 17291 I Summit  : [INFO ] [   17291] 19:31:41.217: sip.stack: updateLocalAddressPrivate(): local= 192.168.232.2
12-18 19:31:41.217 17272 17291 I Summit  : [INFO ] [   17291] 19:31:41.217: sip.host: isLinkLocal(): a: 192, b: 168
12-18 19:31:41.217 17272 17291 I Summit  : [INFO ] [   17291] 19:31:41.217: sip.stack: triggerStackEvent(): Event 2
12-18 19:31:41.217 17272 17291 I Summit  : [INFO ] [   17291] 19:31:41.217: sip.ua.client: onStackEvent(): Event 2
12-18 19:31:41.217 17272 17291 I Summit  : [INFO ] [   17291] 19:31:41.217: sip.ua.client: ipAddressDidChanged(): Client state Provisioning, IP: 192.168.232.2:53701, rebind: 0
12-18 19:31:41.217 17272 17291 I Summit  : [INFO ] [   17291] 19:31:41.217: sip.ua.client: ipAddressDidChanged(): disconnecting TCP connection to proxy
12-18 19:31:41.217 17272 17291 I Summit  : [INFO ] [   17291] 19:31:41.217: sal.dns.impl: resetNameServer(): 
12-18 19:31:41.217 17272 17291 I Summit  : [INFO ] [   17291] 19:31:41.217: sal.dns.impl: resetNameServer(): UsingPlatformResolver
12-18 19:31:41.217 17272 17291 I Summit  : [INFO ] [   17291] 19:31:41.217: sal.dns.android: getPlatformNameServers(): 0x0
12-18 19:31:41.217 17272 17291 I Summit  : [INFO ] [   17291] 19:31:41.217: sal.dns.android: getPlatformNameServers(): if 0 : lo
12-18 19:31:41.217 17272 17291 I Summit  : [INFO ] [   17291] 19:31:41.217: sal.dns.android: getPlatformNameServers(): if 1 : wlan0
12-18 19:31:41.218 17272 17291 I Summit  : [INFO ] [   17291] 19:31:41.217: sal.dns.android: getPlatformNameServers(): if 2 : radio0
12-18 19:31:41.218 17272 17291 I Summit  : [INFO ] [   17291] 19:31:41.218: sip.host: isLinkLocal(): a: 254, b: 128
12-18 19:31:41.218 17272 17291 I Summit  : [INFO ] [   17291] 19:31:41.218: sal.socket: hasIPv6NetworkAccess(): Local has IPV6 access: local fe80::ff:fe44:5566
12-18 19:31:41.218 17272 17291 I Summit  : [INFO ] [   17291] 19:31:41.218: sal.dns.android: getPlatformNameServers(): Has IPv6 network address, won't drop IPv6 DNS servers
12-18 19:31:41.218 17272 17291 I Summit  : [INFO ] [   17291] 19:31:41.218: sal.dns.android: getPlatformNameServers(): (0x0): nameserver [0/1] 8.8.8.8
12-18 19:31:41.221 17272 17291 D Summit  : [DEBUG] [   17291] 19:31:41.221: sal.dns.impl: setNameServersInternal(): Nameserver [1] = 8.8.8.8:53
12-18 19:31:41.221 17272 17291 I Summit  : [INFO ] [   17291] 19:31:41.221: sip.stack: disconnectTcpSockets(): 
12-18 19:31:41.221 17272 17291 I Summit  : [INFO ] [   17291] 19:31:41.221: jni.mobilemanager: getMobileTechnology(): => @0xe9f65420, env:@0xed76ff80, peer:@0x2692
12-18 19:31:41.229 17272 17287 I service:servic: Waiting for a blocking GC ProfileSaver
12-18 19:31:41.244 17272 17291 I Summit  :         [   17291] AndroidMobileManagerImpl: readNetTechnology: info=[type: WIFI[], state: CONNECTED/CONNECTED, reason: (unspecified), extra: (none), failover: false, available: true, roaming: false]
12-18 19:31:41.247 17272 17291 I Summit  : [INFO ] [   17291] 19:31:41.247: jni.mobilemanager: getMobileTechnology(): => @0xe9f65420, tech:100
12-18 19:31:41.247 17272 17291 I Summit  : [INFO ] [   17291] 19:31:41.247: jni.mobilemanager: getIsRoaming(): => @0xe9f65420, env:@0xed76ff80, peer:@0x2692
12-18 19:31:41.251 17272 17291 I Summit  : [INFO ] [   17291] 19:31:41.250: jni.mobilemanager: getIsRoaming(): => @0xe9f65420, roaming:0
12-18 19:31:41.251 17272 17291 I Summit  : [INFO ] [   17291] 19:31:41.251: jni.mobilemanager: getNetworkAccessString(): => @0xe9f65420, env:@0xed76ff80, peer:@0x2692
12-18 19:31:41.292 17272 17291 I Summit  :         [   17291] AndroidMobileManagerImpl: P-Access-Network-Info: IEEE-802.11; i-wlan-node-id=020000000000
12-18 19:31:41.292 17272 17291 I Summit  : [INFO ] [   17291] 19:31:41.292: jni.mobilemanager: getNetworkAccessString(): => @0xe9f65420, pani:IEEE-802.11; i-wlan-node-id=020000000000
12-18 19:31:41.293 17272 17291 I Summit  : [INFO ] [   17291] 19:31:41.293: mobile.tech.simple: setupNetworkAccess(): Pani is IEEE-802.11; i-wlan-node-id=020000000000
12-18 19:31:41.293 17272 17291 D Summit  : [DEBUG] [   17291] 19:31:41.293: mobile.tech.simple: isNetworkAccessGood(): Found CELLID in PANI
12-18 19:31:41.293 17272 17291 I Summit  : [INFO ] [   17291] 19:31:41.293: mobile.tech.simple: setNetworkAccess(): new PANI = IEEE-802.11; i-wlan-node-id=020000000000
12-18 19:31:41.293 17272 17291 I Summit  : [INFO ] [   17291] 19:31:41.293: mobile.tech.simple: refresh(): 0xe9f65420 Tech 100 => 100, roaming 0 => 0, pani IEEE-802.11; i-wlan-node-id=020000000000 -- sending onPreMobileTechChanged
12-18 19:31:41.293 17272 17291 I Summit  : [INFO ] [   17291] 19:31:41.293: mobile.tech.simple: refresh(): 0xe9f65420 Tech 100 => 100, roaming 0 => 0, pani IEEE-802.11; i-wlan-node-id=020000000000 -- sending onMobileTechChanged
12-18 19:31:41.294 17272 17291 D Summit  : [DEBUG] [   17291] 19:31:41.294: sip.ua.client: ipAddressDidChanged(): No identity
12-18 19:31:41.294 17272 17291 I Summit  : [INFO ] [   17291] 19:31:41.294: rcs.services: onRoutingChange(): Leaving active MSRP dialogs
12-18 19:31:41.294 17272 17291 D Summit  : [DEBUG] [   17291] 19:31:41.294: sip.media.dialog.manager: leaveAll(): (2): 0 dialogs
12-18 19:31:41.294 17272 17291 I Summit  : [INFO ] [   17291] 19:31:41.294: jni.mobilemanager: getMobileTechnology(): => @0xe9f65420, env:@0xed76ff80, peer:@0x2692
12-18 19:31:41.296 17272 17291 I Summit  :         [   17291] AndroidMobileManagerImpl: readNetTechnology: info=[type: WIFI[], state: CONNECTED/CONNECTED, reason: (unspecified), extra: (none), failover: false, available: true, roaming: false]
12-18 19:31:41.298 17272 17291 I Summit  : [INFO ] [   17291] 19:31:41.298: jni.mobilemanager: getMobileTechnology(): => @0xe9f65420, tech:100
12-18 19:31:41.298 17272 17291 I Summit  : [INFO ] [   17291] 19:31:41.298: sip.stack: updateLocalAddressPrivate(): Set local stack address: 192.168.232.2:53701 (TCP)
12-18 19:31:41.298 17272 17291 D Summit  : [DEBUG] [   17291] 19:31:41.298: sal.perf: ScopedTimer:   updateLocalAddressPrivate, elapsed: 82.42ms
12-18 19:31:41.298 17272 17291 I Summit  : [INFO ] [   17291] 19:31:41.298: sip.ua.client: connectionEvent(): Fetching new DNS servers
12-18 19:31:41.298 17272 17291 I Summit  : [INFO ] [   17291] 19:31:41.298: sal.dns.impl: resetNameServer(): 
12-18 19:31:41.298 17272 17291 I Summit  : [INFO ] [   17291] 19:31:41.298: sal.dns.impl: resetNameServer(): UsingPlatformResolver
12-18 19:31:41.299 17272 17291 I Summit  : [INFO ] [   17291] 19:31:41.298: sal.dns.android: getPlatformNameServers(): 0x0
12-18 19:31:41.299 17272 17291 I Summit  : [INFO ] [   17291] 19:31:41.299: sal.dns.android: getPlatformNameServers(): if 0 : lo
12-18 19:31:41.303 17272 17283 I service:servic: Background concurrent copying GC freed 26432(1726KB) AllocSpace objects, 0(0B) LOS objects, 49% free, 2MB/4MB, paused 947us total 130.418ms
12-18 19:31:41.303 17272 17291 I Summit  : [INFO ] [   17291] 19:31:41.299: sal.dns.android: getPlatformNameServers(): if 1 : wlan0
12-18 19:31:41.303 17272 17291 I Summit  : [INFO ] [   17291] 19:31:41.303: sal.dns.android: getPlatformNameServers(): if 2 : radio0
12-18 19:31:41.304 17272 17291 I Summit  : [INFO ] [   17291] 19:31:41.304: sip.host: isLinkLocal(): a: 254, b: 128
12-18 19:31:41.304 17272 17291 I Summit  : [INFO ] [   17291] 19:31:41.304: sal.socket: hasIPv6NetworkAccess(): Local has IPV6 access: local fe80::ff:fe44:5566
12-18 19:31:41.304 17272 17291 I Summit  : [INFO ] [   17291] 19:31:41.304: sal.dns.android: getPlatformNameServers(): Has IPv6 network address, won't drop IPv6 DNS servers
12-18 19:31:41.304 17272 17291 I Summit  : [INFO ] [   17291] 19:31:41.304: sal.dns.android: getPlatformNameServers(): (0x0): nameserver [0/1] 8.8.8.8
12-18 19:31:41.304 17272 17291 D Summit  : [DEBUG] [   17291] 19:31:41.304: sal.dns.impl: setNameServersInternal(): Nameserver [1] = 8.8.8.8:53
12-18 19:31:41.304 17272 17291 D Summit  : [DEBUG] [   17291] 19:31:41.304: sip.ua.client: connectionEvent(): No transport
12-18 19:31:41.305 17272 17291 I Summit  : [INFO ] [   17291] 19:31:41.304: jni.mobilemanager: getMobileTechnology(): => @0xe9f65420, env:@0xed76ff80, peer:@0x2692
12-18 19:31:41.337 17272 17291 I Summit  :         [   17291] AndroidMobileManagerImpl: readNetTechnology: info=[type: WIFI[], state: CONNECTED/CONNECTED, reason: (unspecified), extra: (none), failover: false, available: true, roaming: false]
12-18 19:31:41.339 17272 17291 I Summit  : [INFO ] [   17291] 19:31:41.339: jni.mobilemanager: getMobileTechnology(): => @0xe9f65420, tech:100
12-18 19:31:41.339 17272 17291 I Summit  : [INFO ] [   17291] 19:31:41.339: jni.mobilemanager: getIsRoaming(): => @0xe9f65420, env:@0xed76ff80, peer:@0x2692
12-18 19:31:41.342 17272 17291 I Summit  : [INFO ] [   17291] 19:31:41.341: jni.mobilemanager: getIsRoaming(): => @0xe9f65420, roaming:0
12-18 19:31:41.342 17272 17291 I Summit  : [INFO ] [   17291] 19:31:41.342: sip.ua.client: connectionEvent(): (event:15, refresh:0), state:10, tech:100, stack address:192.168.232.2:53701
12-18 19:31:41.342 17272 17291 D Summit  : [DEBUG] [   17291] 19:31:41.342: sip.ua.client: connectionEvent(): Updating local IP address 773
12-18 19:31:41.342 17272 17291 D Summit  : [DEBUG] [   17291] 19:31:41.342: sip.stack: updateLocalAddressPrivate(): 
12-18 19:31:41.342 17272 17291 I Summit  : [INFO ] [   17291] 19:31:41.342: sip.stack: getProxy(): TCP, no proxies,  
12-18 19:31:41.342 17272 17291 I Summit  : [INFO ] [   17291] 19:31:41.342: linux.socket.udp: create(): Created socket fd: 60  type: Generic
12-18 19:31:41.343 17272 17287 I service:servic: WaitForGcToComplete blocked ProfileSaver on HeapTrim for 114.209ms
12-18 19:31:41.361 17272 17291 I Summit  : [INFO ] [   17291] 19:31:41.361: linux.socket: close(): for UDP socket 60
12-18 19:31:41.361 17272 17291 I Summit  : [INFO ] [   17291] 19:31:41.361: sip.stack: updateLocalAddressPrivate(): Local address based on UDP connect: 192.168.232.2:42314
12-18 19:31:41.362 17272 17291 I Summit  : [INFO ] [   17291] 19:31:41.361: sip.stack: updateLocalAddressPrivate(): if= 
12-18 19:31:41.362 17272 17291 I Summit  : [INFO ] [   17291] 19:31:41.362: sip.stack: updateLocalAddressPrivate(): local= 192.168.232.2
12-18 19:31:41.376 17272 17291 I Summit  : [INFO ] [   17291] 19:31:41.376: sip.host: isLinkLocal(): a: 192, b: 168
12-18 19:31:41.377 17272 17291 I Summit  : [INFO ] [   17291] 19:31:41.376: sip.stack: updateLocalAddressPrivate(): Set local stack address: 192.168.232.2:42314 (TCP)
12-18 19:31:41.382 17272 17291 D Summit  : [DEBUG] [   17291] 19:31:41.382: sal.perf: ScopedTimer:   updateLocalAddressPrivate, elapsed: 34.69ms
12-18 19:31:41.382 17272 17291 I Summit  : [INFO ] [   17291] 19:31:41.382: sip.ua.client: connectionEvent(): Fetching new DNS servers
12-18 19:31:41.382 17272 17291 I Summit  : [INFO ] [   17291] 19:31:41.382: sal.dns.impl: resetNameServer(): 
12-18 19:31:41.382 17272 17291 I Summit  : [INFO ] [   17291] 19:31:41.382: sal.dns.impl: resetNameServer(): UsingPlatformResolver
12-18 19:31:41.383 17272 17291 I Summit  : [INFO ] [   17291] 19:31:41.382: sal.dns.android: getPlatformNameServers(): 0x0
12-18 19:31:41.383 17272 17291 I Summit  : [INFO ] [   17291] 19:31:41.383: sal.dns.android: getPlatformNameServers(): if 0 : lo
12-18 19:31:41.383 17272 17291 I Summit  : [INFO ] [   17291] 19:31:41.383: sal.dns.android: getPlatformNameServers(): if 1 : wlan0
12-18 19:31:41.383 17272 17291 I Summit  : [INFO ] [   17291] 19:31:41.383: sal.dns.android: getPlatformNameServers(): if 2 : radio0
12-18 19:31:41.384 17272 17291 I Summit  : [INFO ] [   17291] 19:31:41.384: sip.host: isLinkLocal(): a: 254, b: 128
12-18 19:31:41.384 17272 17291 I Summit  : [INFO ] [   17291] 19:31:41.384: sal.socket: hasIPv6NetworkAccess(): Local has IPV6 access: local fe80::ff:fe44:5566
12-18 19:31:41.384 17272 17291 I Summit  : [INFO ] [   17291] 19:31:41.384: sal.dns.android: getPlatformNameServers(): Has IPv6 network address, won't drop IPv6 DNS servers
12-18 19:31:41.384 17272 17291 I Summit  : [INFO ] [   17291] 19:31:41.384: sal.dns.android: getPlatformNameServers(): (0x0): nameserver [0/1] 8.8.8.8
12-18 19:31:41.384 17272 17291 D Summit  : [DEBUG] [   17291] 19:31:41.384: sal.dns.impl: setNameServersInternal(): Nameserver [1] = 8.8.8.8:53
12-18 19:31:41.384 17272 17291 D Summit  : [DEBUG] [   17291] 19:31:41.384: sip.ua.client: connectionEvent(): No transport
12-18 19:31:41.384 17272 17291 E Summit  : [ERROR] [   17291] 19:31:41.384: sal.timer.event: onTimer for handler:0xe9f2548c ( CHECK_ROUTING) blocked timer thread for 442ms
12-18 19:31:41.384 17272 17291 I Summit  : [INFO ] [   17291] 19:31:41.384: jni.powerlockmanager: scheduleWakeUp(): => @0xe8d0ce40, env:@0xed76ff80, peer:@0x25da, delayMs:4760
12-18 19:31:41.386 17272 17291 I Summit  :         [   17291] PowerLockManagerImpl: setAlarm: delay=4760, nextAlarm = 19:31:46.145
12-18 19:31:42.846 17303 17303 D OpenGLRenderer: HWUI GL Pipeline
12-18 19:31:42.959 17303 17303 V Summit-Android: com.summit.nexos.sdk.IMSSdk: init: context=com.summit.nexos.sdk.receiver.ReceiverActivity@562ead4, sdkCallBack=com.summit.nexos.sdk.receiver.ReceiverActivity$onCreate$1@2a2c47d, managerStateListener=com.summit.nexos.sdk.receiver.ReceiverActivity$onCreate$2@cd9ef72, connectionStateListener=com.summit.nexos.sdk.receiver.ReceiverActivity$onCreate$3@3ebdfc3
12-18 19:31:42.963 17303 17303 V Summit-Android: com.summit.nexos.sdk.IMSSdk: init: context=com.summit.nexos.sdk.receiver.ReceiverActivity@562ead4, sdkCallBack=com.summit.nexos.sdk.receiver.ReceiverActivity$onCreate$1@2a2c47d
12-18 19:31:42.967 17303 17303 D Summit-Android: com.summit.nexos.sdk.IMSSdk: initializing the Nexos SDK
12-18 19:31:42.970 17303 17303 V Summit-Android: com.summit.nexos.sdk.IMSSdk: connectToServiceApi
12-18 19:31:42.970 17303 17303 D Summit-Android: com.summit.nexos.sdk.IMSSdk: connectToServiceApi: service package provided
12-18 19:31:42.972 17303 17303 V Summit-Android: com.summit.nexos.sdk.IMSSdk: connectToServiceApi <- void [0ms]
12-18 19:31:42.972 17303 17303 V Summit-Android: com.summit.nexos.sdk.IMSSdk: init <- com.summit.nexos.sdk.IMSSdk@39c2b79 [0ms]
12-18 19:31:42.973 17303 17303 V Summit-Android: com.summit.nexos.sdk.IMSSdk: init <- com.summit.nexos.sdk.IMSSdk@39c2b79 [0ms]
12-18 19:31:42.985 17303 17303 V Summit-Android: com.summit.nexos.sdk.IMSSdk: isReady
12-18 19:31:42.987 17303 17303 V Summit-Android: com.summit.nexos.sdk.IMSSdk: isReady <- false [0ms]
12-18 19:31:43.000  1798  1807 E SurfaceFlinger: ro.sf.lcd_density must be defined as a build property
12-18 19:31:43.012 17303 17303 V Summit-Android: com.summit.nexos.sdk.IMSSdk: access$000
12-18 19:31:43.012 17303 17303 V Summit-Android: com.summit.nexos.sdk.IMSSdk: access$000 <- "com.summit.nexos.sdk.IMSSdk" [0ms]
12-18 19:31:43.012 17303 17303 D Summit-Android: com.summit.nexos.sdk.IMSSdk: onServiceConnected: setting up all sdk components
12-18 19:31:43.016 17303 17303 V Summit-Android: com.summit.nexos.sdk.IMSSdk: access$102: x0=com.summit.nexos.sdk.IMSSdk@39c2b79, x1=com.summit.nexos.aidl.INexosServer$Stub$Proxy@2b0635
12-18 19:31:43.017 17303 17303 V Summit-Android: com.summit.nexos.sdk.IMSSdk: access$102 <- com.summit.nexos.aidl.INexosServer$Stub$Proxy@2b0635 [0ms]
12-18 19:31:43.017 17303 17303 V Summit-Android: com.summit.nexos.sdk.IMSSdk: access$100: x0=com.summit.nexos.sdk.IMSSdk@39c2b79
12-18 19:31:43.018 17303 17303 V Summit-Android: com.summit.nexos.sdk.IMSSdk: access$100 <- com.summit.nexos.aidl.INexosServer$Stub$Proxy@2b0635 [0ms]
12-18 19:31:43.019 17303 17303 V Summit-Android: com.summit.nexos.sdk.IMSSdk: access$202: x0=com.summit.nexos.sdk.IMSSdk@39c2b79, x1=com.summit.nexos.sdk.IMSSdk$1$1@33faca
12-18 19:31:43.020 17303 17303 V Summit-Android: com.summit.nexos.sdk.IMSSdk: access$202 <- com.summit.nexos.sdk.IMSSdk$1$1@33faca [0ms]
12-18 19:31:43.021 17303 17303 V Summit-Android: com.summit.nexos.sdk.IMSSdk: access$100: x0=com.summit.nexos.sdk.IMSSdk@39c2b79
12-18 19:31:43.022 17303 17303 V Summit-Android: com.summit.nexos.sdk.IMSSdk: access$100 <- com.summit.nexos.aidl.INexosServer$Stub$Proxy@2b0635 [0ms]
12-18 19:31:43.022 17303 17303 V Summit-Android: com.summit.nexos.sdk.IMSSdk: access$200: x0=com.summit.nexos.sdk.IMSSdk@39c2b79
12-18 19:31:43.023 17303 17303 V Summit-Android: com.summit.nexos.sdk.IMSSdk: access$200 <- com.summit.nexos.sdk.IMSSdk$1$1@33faca [0ms]
12-18 19:31:43.024 17272 17285 V Summit-Android: com.summit.nexos.aidl.server.INexosServerBinder: addNexosServiceStateListener: listener=com.summit.nexos.aidl.INexosServiceStateListener$Stub$Proxy@92ea4e0 [Thread:"Binder:17272_2"]
12-18 19:31:43.024 17272 17285 V Summit-Android: com.summit.nexos.aidl.server.INexosServerBinder: addNexosServiceStateListener <- void [0ms]
12-18 19:31:43.027 17303 17303 V Summit-Android: com.summit.nexos.sdk.IMSSdk: access$602: x0=com.summit.nexos.sdk.IMSSdk@39c2b79, x1=com.summit.nexos.sdk.IMSSdk$1$2@ec7843b
12-18 19:31:43.027 17303 17303 V Summit-Android: com.summit.nexos.sdk.IMSSdk: access$602 <- com.summit.nexos.sdk.IMSSdk$1$2@ec7843b [0ms]
12-18 19:31:43.027 17303 17303 V Summit-Android: com.summit.nexos.sdk.IMSSdk: access$100: x0=com.summit.nexos.sdk.IMSSdk@39c2b79
12-18 19:31:43.028 17303 17303 V Summit-Android: com.summit.nexos.sdk.IMSSdk: access$100 <- com.summit.nexos.aidl.INexosServer$Stub$Proxy@2b0635 [0ms]
12-18 19:31:43.030 17272 17285 V Summit-Android: com.summit.nexos.aidl.server.INexosServerBinder: getServiceState [Thread:"Binder:17272_2"]
12-18 19:31:43.045 17272 17285 V Summit-Android: com.summit.nexos.api.SummitNexosServer: getState [Thread:"Binder:17272_2"]
12-18 19:31:43.045 17272 17285 D Summit-Android: com.summit.nexos.api.SummitNexosServer: getState: mServiceState=2
12-18 19:31:43.046 17272 17285 V Summit-Android: com.summit.nexos.api.SummitNexosServer: getState <- 2 [0ms]
12-18 19:31:43.046 17272 17285 V Summit-Android: com.summit.nexos.aidl.server.INexosServerBinder: getServiceState <- 2 [0ms]
12-18 19:31:43.047 17303 17303 V Summit-Android: com.summit.nexos.sdk.IMSSdk: access$100: x0=com.summit.nexos.sdk.IMSSdk@39c2b79
12-18 19:31:43.047 17303 17303 V Summit-Android: com.summit.nexos.sdk.IMSSdk: access$100 <- com.summit.nexos.aidl.INexosServer$Stub$Proxy@2b0635 [0ms]
12-18 19:31:43.048 17272 17285 V Summit-Android: com.summit.nexos.aidl.server.INexosServerBinder: getServiceState [Thread:"Binder:17272_2"]
12-18 19:31:43.048 17272 17285 V Summit-Android: com.summit.nexos.api.SummitNexosServer: getState [Thread:"Binder:17272_2"]
12-18 19:31:43.048 17272 17285 D Summit-Android: com.summit.nexos.api.SummitNexosServer: getState: mServiceState=2
12-18 19:31:43.048 17272 17285 V Summit-Android: com.summit.nexos.api.SummitNexosServer: getState <- 2 [0ms]
12-18 19:31:43.048 17272 17285 V Summit-Android: com.summit.nexos.aidl.server.INexosServerBinder: getServiceState <- 2 [0ms]
12-18 19:31:43.052 17303 17303 V Summit-Android: com.summit.nexos.sdk.IMSSdk: access$700: x0=com.summit.nexos.sdk.IMSSdk@39c2b79, x1=2
12-18 19:31:43.074 17303 17303 V Summit-Android: com.summit.nexos.sdk.IMSSdk: callConnectionStateListener: state=2
12-18 19:31:43.075 17303 17303 V Summit-Android: com.summit.nexos.sdk.IMSSdk: callConnectionStateListener <- void [0ms]
12-18 19:31:43.079 17303 17303 V Summit-Android: com.summit.nexos.sdk.IMSSdk: access$700 <- void [0ms]
12-18 19:31:43.080 17303 17303 V Summit-Android: com.summit.nexos.sdk.IMSSdk: access$100: x0=com.summit.nexos.sdk.IMSSdk@39c2b79
12-18 19:31:43.081 17303 17303 V Summit-Android: com.summit.nexos.sdk.IMSSdk: access$100 <- com.summit.nexos.aidl.INexosServer$Stub$Proxy@2b0635 [0ms]
12-18 19:31:43.082 17303 17303 V Summit-Android: com.summit.nexos.sdk.IMSSdk: access$600: x0=com.summit.nexos.sdk.IMSSdk@39c2b79
12-18 19:31:43.082 17303 17303 V Summit-Android: com.summit.nexos.sdk.IMSSdk: access$600 <- com.summit.nexos.sdk.IMSSdk$1$2@ec7843b [0ms]
12-18 19:31:43.083 17272 17285 V Summit-Android: com.summit.nexos.aidl.server.INexosServerBinder: addListener: listener=com.summit.nexos.aidl.INexosImsSDKListener$Stub$Proxy@458a399 [Thread:"Binder:17272_2"]
12-18 19:31:43.084 17272 17285 V Summit-Android: com.summit.nexos.aidl.server.INexosServerBinder: addListener <- void [0ms]
12-18 19:31:43.085 17303 17303 V Summit-Android: com.summit.nexos.sdk.IMSSdk: access$900: x0=com.summit.nexos.sdk.IMSSdk@39c2b79
12-18 19:31:43.085 17303 17303 V Summit-Android: com.summit.nexos.sdk.IMSSdk: loadManagers
12-18 19:31:43.086 17303 17303 D Summit-Android: com.summit.nexos.sdk.IMSSdk: loading UCEManager
12-18 19:31:43.117 17303 17303 V Summit-Android: com.summit.nexos.sdk.managers.UCEManager: bindToService
12-18 19:31:43.118 17272 17285 V Summit-Android: com.summit.nexos.aidl.server.INexosServerBinder: getNexosClient [Thread:"Binder:17272_2"]
12-18 19:31:43.118 17272 17285 V Summit-Android: com.summit.nexos.aidl.server.INexosServerBinder: getNexosClient <- com.summit.nexos.aidl.server.INexosClientBinder@bc0ac2d [0ms]
12-18 19:31:43.136 17272 17285 V Summit-Android: com.summit.nexos.aidl.server.INexosServerBinder: getNexosClient [Thread:"Binder:17272_2"]
12-18 19:31:43.136 17272 17285 V Summit-Android: com.summit.nexos.aidl.server.INexosServerBinder: getNexosClient <- com.summit.nexos.aidl.server.INexosClientBinder@bc0ac2d [0ms]
12-18 19:31:43.137 17272 17285 V Summit-Android: com.summit.nexos.aidl.server.INexosClientBinder: getUCEService [Thread:"Binder:17272_2"]
12-18 19:31:43.137 17272 17285 V Summit-Android: com.summit.nexos.aidl.server.INexosClientBinder: getUCEService <- com.summit.nexos.aidl.server.uce.IUCEServiceBinder@62a73a1 [0ms]
12-18 19:31:43.150 17272 17285 V Summit-Android: com.summit.nexos.aidl.server.INexosServerBinder: getNexosClient [Thread:"Binder:17272_2"]
12-18 19:31:43.151 17272 17285 V Summit-Android: com.summit.nexos.aidl.server.INexosServerBinder: getNexosClient <- com.summit.nexos.aidl.server.INexosClientBinder@bc0ac2d [0ms]
12-18 19:31:43.152 17272 17285 V Summit-Android: com.summit.nexos.aidl.server.INexosClientBinder: getUCEService [Thread:"Binder:17272_2"]
12-18 19:31:43.152 17272 17285 V Summit-Android: com.summit.nexos.aidl.server.INexosClientBinder: getUCEService <- com.summit.nexos.aidl.server.uce.IUCEServiceBinder@62a73a1 [0ms]
