12-18 19:31:43.656 17272 17285 V Summit-Android: com.summit.nexos.api.SummitNexosClient: formatToSipFormat: remotePhoneNumber="+15145550041", uriFormatUse=null [Thread:"Binder:17272_2"]
12-18 19:31:43.656 17272 17285 D Summit-Android: com.summit.nexos.api.SummitNexosClient: formatToSipFormat: formatting regular phone number
12-18 19:31:43.656 17272 17285 V Summit-Android: com.summit.nexos.api.SummitNexosClient: getSipClient [Thread:"Binder:17272_2"]
12-18 19:31:43.656 17272 17285 V Summit-Android: com.summit.nexos.api.SummitNexosClient: getSipClient <- com.summit.ndk.client.impl.SipClientImpl@7cf16a2 [0ms]
12-18 19:31:43.656 17272 17285 D Summit  : [DEBUG] [   17285] 19:31:43.656: client.numberformatter.mgr: formatSipUriFromPhoneNumber(): number:+15145550041, use:0, result:tel:+15145550041
12-18 19:31:43.656 17272 17285 I Summit  : [INFO ] [   17285] 19:31:43.656: jni.sipclient: nativeFormatUriFromPhoneNumber(): <= @0xd5ed5100, digits:+15145550041, use:0, ret:tel:+15145550041
12-18 19:31:43.656 17272 17285 D Summit  : [DEBUG] [   17285] 19:31:43.656: jni.sipuri: newJSipUri(): env:@0xeb719600, uri:@0xd67e03dc, cls:@0x2876, mid:@0xf1a73870
12-18 19:31:43.657 17272 17285 I Summit  :         [   17285] SipUriImpl: SipUriImpl() null, nativeSipUri=@0xffffffffd67e03dc
12-18 19:31:43.657 17272 17285 I Summit  : [INFO ] [   17285] 19:31:43.657: jni.sipuri: JSipUriImpl(): @0xeb759260
12-18 19:31:43.657 17272 17285 D Summit  : [DEBUG] [   17285] 19:31:43.657: jni.sipuri: nativeNew(): <= @0xeb759260, sipuri:@0xd67e03dc, uri:<tel:+15145550041>
12-18 19:31:43.657 17272 17285 V Summit-Android: com.summit.nexos.api.SummitNexosClient: formatToSipFormat <- <tel:+15145550041> [0ms]
12-18 19:31:43.657 17272 17285 W Summit  : [WARN ] [   17285] 19:31:43.657: rcs.chat.blocklist: removeFromList(): uri 'tel:+15145550041' not in list, removing from database anyways
12-18 19:31:43.667 17272 17285 I Summit  : [INFO ] [   17285] 19:31:43.667: jni.chat: nativeRemoveFromBlockList(): <= @0xd5e99160, remote:tel:+15145550041, ret:1
12-18 19:31:43.667 17272 17285 V Summit-Android: com.summit.nexos.internal.SummitRcsChatService: removeFromBlockList <- true [0ms]
12-18 19:31:43.667 17272 17285 V Summit-Android: com.summit.nexos.aidl.server.chat.IRcsChatServiceBinder: removeFromBlockList <- true [0ms]
12-18 19:31:43.668 17303 17303 V Summit-Android: com.summit.nexos.aidl.client.chat.RcsChatServiceProxy: removeFromBlockList <- true [0ms]
12-18 19:31:43.668 17303 17303 V Summit-Android: com.summit.nexos.sdk.managers.UCEManager: removeFromBlackList <- true [0ms]
12-18 19:31:43.668 17303 17303 V Summit-Android: com.summit.nexos.sdk.IMSSdk: getUCEManager
12-18 19:31:43.669 17303 17303 V Summit-Android: com.summit.nexos.sdk.IMSSdk: getManager: manager=com.summit.nexos.sdk.managers.UCEManager@65b1c9c, loadManager=true
12-18 19:31:43.669 17303 17303 V Summit-Android: com.summit.nexos.sdk.IMSSdk: checkSdkState
12-18 19:31:43.670 17303 17303 V Summit-Android: com.summit.nexos.sdk.IMSSdk: isNotAvailable
12-18 19:31:43.670 17303 17303 V Summit-Android: com.summit.nexos.sdk.IMSSdk: isNotAvailable <- false [0ms]
12-18 19:31:43.670 17303 17303 V Summit-Android: com.summit.nexos.sdk.IMSSdk: isReady
12-18 19:31:43.670 17303 17303 V Summit-Android: com.summit.nexos.sdk.IMSSdk: isReady <- true [0ms]
12-18 19:31:43.671 17303 17303 V Summit-Android: com.summit.nexos.sdk.IMSSdk: checkSdkState <- void [0ms]
12-18 19:31:43.671 17303 17303 D Summit-Android: com.summit.nexos.sdk.managers.UCEManager: isConnected: true
12-18 19:31:43.671 17303 17303 V Summit-Android: com.summit.nexos.sdk.IMSSdk: isReady
12-18 19:31:43.672 17303 17303 V Summit-Android: com.summit.nexos.sdk.IMSSdk: isReady <- true [0ms]
12-18 19:31:43.674 17303 17303 V Summit-Android: com.summit.nexos.sdk.IMSSdk: getManager <- com.summit.nexos.sdk.managers.UCEManager@65b1c9c [0ms]
12-18 19:31:43.674 17303 17303 V Summit-Android: com.summit.nexos.sdk.IMSSdk: getUCEManager <- com.summit.nexos.sdk.managers.UCEManager@65b1c9c [0ms]
12-18 19:31:43.675 17303 17303 V Summit-Android: com.summit.nexos.sdk.managers.UCEManager: removeFromBlackList: remotePhoneNumber="+15145550042"
12-18 19:31:43.675 17303 17303 D Summit-Android: com.summit.nexos.sdk.managers.UCEManager: isConnected: true
12-18 19:31:43.676 17303 17303 V Summit-Android: com.summit.nexos.sdk.IMSSdk: isReady
12-18 19:31:43.676 17303 17303 V Summit-Android: com.summit.nexos.sdk.IMSSdk: isReady <- true [0ms]
12-18 19:31:43.676 17303 17303 V Summit-Android: com.summit.nexos.sdk.IMSSdk: getChatManager
12-18 19:31:43.677 17303 17303 V Summit-Android: com.summit.nexos.sdk.IMSSdk: getManager: manager=com.summit.nexos.sdk.managers.ChatManager@6d9d970, loadManager=true
12-18 19:31:43.677 17303 17303 V Summit-Android: com.summit.nexos.sdk.IMSSdk: checkSdkState
12-18 19:31:43.678 17303 17303 V Summit-Android: com.summit.nexos.sdk.IMSSdk: isNotAvailable
12-18 19:31:43.678 17303 17303 V Summit-Android: com.summit.nexos.sdk.IMSSdk: isNotAvailable <- false [0ms]
12-18 19:31:43.679 17303 17303 V Summit-Android: com.summit.nexos.sdk.IMSSdk: isReady
12-18 19:31:43.679 17303 17303 V Summit-Android: com.summit.nexos.sdk.IMSSdk: isReady <- true [0ms]
12-18 19:31:43.680 17303 17303 V Summit-Android: com.summit.nexos.sdk.IMSSdk: checkSdkState <- void [0ms]
12-18 19:31:43.680 17303 17303 D Summit-Android: com.summit.nexos.sdk.managers.ChatManager: isConnected: true
12-18 19:31:43.680 17303 17303 V Summit-Android: com.summit.nexos.sdk.IMSSdk: isReady
12-18 19:31:43.681 17303 17303 V Summit-Android: com.summit.nexos.sdk.IMSSdk: isReady <- true [0ms]
12-18 19:31:43.681 17303 17303 V Summit-Android: com.summit.nexos.sdk.IMSSdk: getManager <- com.summit.nexos.sdk.managers.ChatManager@6d9d970 [0ms]
12-18 19:31:43.682 17303 17303 V Summit-Android: com.summit.nexos.sdk.IMSSdk: getChatManager <- com.summit.nexos.sdk.managers.ChatManager@6d9d970 [0ms]
12-18 19:31:43.682 17303 17303 V Summit-Android: com.summit.nexos.sdk.managers.ChatManager: getRcsChatService
12-18 19:31:43.683 17303 17303 V Summit-Android: com.summit.nexos.sdk.managers.ChatManager: getRcsChatService <- com.summit.nexos.aidl.client.chat.RcsChatServiceProxy@42ae6a5 [0ms]
12-18 19:31:43.683 17303 17303 V Summit-Android: com.summit.nexos.aidl.client.chat.RcsChatServiceProxy: removeFromBlockList: remotePhoneNumber="+15145550042"
12-18 19:31:43.684 17272 17285 V Summit-Android: com.summit.nexos.aidl.server.chat.IRcsChatServiceBinder: removeFromBlockList: remoteUri="+15145550042" [Thread:"Binder:17272_2"]
12-18 19:31:43.684 17272 17285 V Summit-Android: com.summit.nexos.internal.SummitRcsChatService: removeFromBlockList: remotePhoneNumber="+15145550042" [Thread:"Binder:17272_2"]
12-18 19:31:43.685 17272 17285 V Summit-Android: com.summit.nexos.internal.SummitRcsChatService: getChatService [Thread:"Binder:17272_2"]
12-18 19:31:43.685 17272 17285 V Summit-Android: com.summit.nexos.internal.SummitRcsChatService: getChatService <- com.summit.ndk.rcs.impl.ChatServiceImpl@e282069 [0ms]
12-18 19:31:43.685 17272 17285 V Summit-Android: com.summit.nexos.internal.SummitRcsChatService: getNexosClient [Thread:"Binder:17272_2"]
12-18 19:31:43.685 17272 17285 V Summit-Android: com.summit.nexos.internal.SummitRcsChatService: getNexosClient <- com.summit.nexos.api.SummitNexosClient@2044a6d [0ms]
12-18 19:31:43.686 17272 17285 V Summit-Android: com.summit.nexos.api.SummitNexosClient: formatToSipFormat: remotePhoneNumber="+15145550042", uriFormatUse=null [Thread:"Binder:17272_2"]
12-18 19:31:43.686 17272 17285 D Summit-Android: com.summit.nexos.api.SummitNexosClient: formatToSipFormat: formatting regular phone number
12-18 19:31:43.686 17272 17285 V Summit-Android: com.summit.nexos.api.SummitNexosClient: getSipClient [Thread:"Binder:17272_2"]
12-18 19:31:43.686 17272 17285 V Summit-Android: com.summit.nexos.api.SummitNexosClient: getSipClient <- com.summit.ndk.client.impl.SipClientImpl@7cf16a2 [0ms]
12-18 19:31:43.686 17272 17285 D Summit  : [DEBUG] [   17285] 19:31:43.686: client.numberformatter.mgr: formatSipUriFromPhoneNumber(): number:+15145550042, use:0, result:tel:+15145550042
12-18 19:31:43.686 17272 17285 I Summit  : [INFO ] [   17285] 19:31:43.686: jni.sipclient: nativeFormatUriFromPhoneNumber(): <= @0xd5ed5100, digits:+15145550042, use:0, ret:tel:+15145550042
12-18 19:31:43.687 17272 17285 D Summit  : [DEBUG] [   17285] 19:31:43.687: jni.sipuri: newJSipUri(): env:@0xeb719600, uri:@0xd67e03dc, cls:@0x2876, mid:@0xf1a73870
12-18 19:31:43.687 17272 17285 I Summit  :         [   17285] SipUriImpl: SipUriImpl() null, nativeSipUri=@0xffffffffd67e03dc
12-18 19:31:43.687 17272 17285 I Summit  : [INFO ] [   17285] 19:31:43.687: jni.sipuri: JSipUriImpl(): @0xeb759300
12-18 19:31:43.687 17272 17285 D Summit  : [DEBUG] [   17285] 19:31:43.687: jni.sipuri: nativeNew(): <= @0xeb759300, sipuri:@0xd67e03dc, uri:<tel:+15145550042>
12-18 19:31:43.688 17272 17285 V Summit-Android: com.summit.nexos.api.SummitNexosClient: formatToSipFormat <- <tel:+15145550042> [0ms]
12-18 19:31:43.688 17272 17285 W Summit  : [WARN ] [   17285] 19:31:43.688: rcs.chat.blocklist: removeFromList(): uri 'tel:+15145550042' not in list, removing from database anyways
12-18 19:31:43.695 17272 17285 I Summit  : [INFO ] [   17285] 19:31:43.695: jni.chat: nativeRemoveFromBlockList(): <= @0xd5e99160, remote:tel:+15145550042, ret:1
12-18 19:31:43.696 17272 17285 V Summit-Android: com.summit.nexos.internal.SummitRcsChatService: removeFromBlockList <- true [0ms]
12-18 19:31:43.696 17272 17285 V Summit-Android: com.summit.nexos.aidl.server.chat.IRcsChatServiceBinder: removeFromBlockList <- true [0ms]
12-18 19:31:43.697 17303 17303 V Summit-Android: com.summit.nexos.aidl.client.chat.RcsChatServiceProxy: removeFromBlockList <- true [0ms]
12-18 19:31:43.698 17303 17303 V Summit-Android: com.summit.nexos.sdk.managers.UCEManager: removeFromBlackList <- true [0ms]
12-18 19:31:43.698 17303 17303 V Summit-Android: com.summit.nexos.sdk.IMSSdk: getUCEManager
12-18 19:31:43.699 17303 17303 V Summit-Android: com.summit.nexos.sdk.IMSSdk: getManager: manager=com.summit.nexos.sdk.managers.UCEManager@65b1c9c, loadManager=true
12-18 19:31:43.700 17303 17303 V Summit-Android: com.summit.nexos.sdk.IMSSdk: checkSdkState
12-18 19:31:43.701 17303 17303 V Summit-Android: com.summit.nexos.sdk.IMSSdk: isNotAvailable
12-18 19:31:43.701 17303 17303 V Summit-Android: com.summit.nexos.sdk.IMSSdk: isNotAvailable <- false [0ms]
12-18 19:31:43.701 17303 17303 V Summit-Android: com.summit.nexos.sdk.IMSSdk: isReady
12-18 19:31:43.702 17303 17303 V Summit-Android: com.summit.nexos.sdk.IMSSdk: isReady <- true [0ms]
12-18 19:31:43.702 17303 17303 V Summit-Android: com.summit.nexos.sdk.IMSSdk: checkSdkState <- void [0ms]
12-18 19:31:43.702 17303 17303 D Summit-Android: com.summit.nexos.sdk.managers.UCEManager: isConnected: true
12-18 19:31:43.703 17303 17303 V Summit-Android: com.summit.nexos.sdk.IMSSdk: isReady
12-18 19:31:43.703 17303 17303 V Summit-Android: com.summit.nexos.sdk.IMSSdk: isReady <- true [0ms]
12-18 19:31:43.704 17303 17303 V Summit-Android: com.summit.nexos.sdk.IMSSdk: getManager <- com.summit.nexos.sdk.managers.UCEManager@65b1c9c [0ms]
12-18 19:31:43.704 17303 17303 V Summit-Android: com.summit.nexos.sdk.IMSSdk: getUCEManager <- com.summit.nexos.sdk.managers.UCEManager@65b1c9c [0ms]
12-18 19:31:43.705 17303 17303 V Summit-Android: com.summit.nexos.sdk.managers.UCEManager: removeFromBlackList: remotePhoneNumber="+15145550043"
12-18 19:31:43.705 17303 17303 D Summit-Android: com.summit.nexos.sdk.managers.UCEManager: isConnected: true
12-18 19:31:43.706 17303 17303 V Summit-Android: com.summit.nexos.sdk.IMSSdk: isReady
12-18 19:31:43.706 17303 17303 V Summit-Android: com.summit.nexos.sdk.IMSSdk: isReady <- true [0ms]
12-18 19:31:43.706 17303 17303 V Summit-Android: com.summit.nexos.sdk.IMSSdk: getChatManager
12-18 19:31:43.707 17303 17303 V Summit-Android: com.summit.nexos.sdk.IMSSdk: getManager: manager=com.summit.nexos.sdk.managers.ChatManager@6d9d970, loadManager=true
12-18 19:31:43.707 17303 17303 V Summit-Android: com.summit.nexos.sdk.IMSSdk: checkSdkState
12-18 19:31:43.708 17303 17303 V Summit-Android: com.summit.nexos.sdk.IMSSdk: isNotAvailable
12-18 19:31:43.708 17303 17303 V Summit-Android: com.summit.nexos.sdk.IMSSdk: isNotAvailable <- false [0ms]
12-18 19:31:43.709 17303 17303 V Summit-Android: com.summit.nexos.sdk.IMSSdk: isReady
12-18 19:31:43.709 17303 17303 V Summit-Android: com.summit.nexos.sdk.IMSSdk: isReady <- true [0ms]
12-18 19:31:43.709 17303 17303 V Summit-Android: com.summit.nexos.sdk.IMSSdk: checkSdkState <- void [0ms]
12-18 19:31:43.709 17303 17303 D Summit-Android: com.summit.nexos.sdk.managers.ChatManager: isConnected: true
12-18 19:31:43.710 17303 17303 V Summit-Android: com.summit.nexos.sdk.IMSSdk: isReady
12-18 19:31:43.711 17303 17303 V Summit-Android: com.summit.nexos.sdk.IMSSdk: isReady <- true [0ms]
12-18 19:31:43.711 17303 17303 V Summit-Android: com.summit.nexos.sdk.IMSSdk: getManager <- com.summit.nexos.sdk.managers.ChatManager@6d9d970 [0ms]
12-18 19:31:43.711 17303 17303 V Summit-Android: com.summit.nexos.sdk.IMSSdk: getChatManager <- com.summit.nexos.sdk.managers.ChatManager@6d9d970 [0ms]
12-18 19:31:43.712 17303 17303 V Summit-Android: com.summit.nexos.sdk.managers.ChatManager: getRcsChatService
12-18 19:31:43.712 17303 17303 V Summit-Android: com.summit.nexos.sdk.managers.ChatManager: getRcsChatService <- com.summit.nexos.aidl.client.chat.RcsChatServiceProxy@42ae6a5 [0ms]
12-18 19:31:43.713 17303 17303 V Summit-Android: com.summit.nexos.aidl.client.chat.RcsChatServiceProxy: removeFromBlockList: remotePhoneNumber="+15145550043"
12-18 19:31:43.713 17272 17285 V Summit-Android: com.summit.nexos.aidl.server.chat.IRcsChatServiceBinder: removeFromBlockList: remoteUri="+15145550043" [Thread:"Binder:17272_2"]
12-18 19:31:43.714 17272 17285 V Summit-Android: com.summit.nexos.internal.SummitRcsChatService: removeFromBlockList: remotePhoneNumber="+15145550043" [Thread:"Binder:17272_2"]
12-18 19:31:43.714 17272 17285 V Summit-Android: com.summit.nexos.internal.SummitRcsChatService: getChatService [Thread:"Binder:17272_2"]
12-18 19:31:43.714 17272 17285 V Summit-Android: com.summit.nexos.internal.SummitRcsChatService: getChatService <- com.summit.ndk.rcs.impl.ChatServiceImpl@e282069 [0ms]
12-18 19:31:43.715 17272 17285 V Summit-Android: com.summit.nexos.internal.SummitRcsChatService: getNexosClient [Thread:"Binder:17272_2"]
12-18 19:31:43.715 17272 17285 V Summit-Android: com.summit.nexos.internal.SummitRcsChatService: getNexosClient <- com.summit.nexos.api.SummitNexosClient@2044a6d [0ms]
12-18 19:31:43.715 17272 17285 V Summit-Android: com.summit.nexos.api.SummitNexosClient: formatToSipFormat: remotePhoneNumber="+15145550043", uriFormatUse=null [Thread:"Binder:17272_2"]
12-18 19:31:43.715 17272 17285 D Summit-Android: com.summit.nexos.api.SummitNexosClient: formatToSipFormat: formatting regular phone number
12-18 19:31:43.715 17272 17285 V Summit-Android: com.summit.nexos.api.SummitNexosClient: getSipClient [Thread:"Binder:17272_2"]
12-18 19:31:43.715 17272 17285 V Summit-Android: com.summit.nexos.api.SummitNexosClient: getSipClient <- com.summit.ndk.client.impl.SipClientImpl@7cf16a2 [0ms]
12-18 19:31:43.716 17272 17285 D Summit  : [DEBUG] [   17285] 19:31:43.716: client.numberformatter.mgr: formatSipUriFromPhoneNumber(): number:+15145550043, use:0, result:tel:+15145550043
12-18 19:31:43.716 17272 17285 I Summit  : [INFO ] [   17285] 19:31:43.716: jni.sipclient: nativeFormatUriFromPhoneNumber(): <= @0xd5ed5100, digits:+15145550043, use:0, ret:tel:+15145550043
12-18 19:31:43.716 17272 17285 D Summit  : [DEBUG] [   17285] 19:31:43.716: jni.sipuri: newJSipUri(): env:@0xeb719600, uri:@0xd67e03dc, cls:@0x2876, mid:@0xf1a73870
12-18 19:31:43.716 17272 17285 I Summit  :         [   17285] SipUriImpl: SipUriImpl() null, nativeSipUri=@0xffffffffd67e03dc
12-18 19:31:43.716 17272 17285 I Summit  : [INFO ] [   17285] 19:31:43.716: jni.sipuri: JSipUriImpl(): @0xeb7593a0
12-18 19:31:43.717 17272 17285 D Summit  : [DEBUG] [   17285] 19:31:43.716: jni.sipuri: nativeNew(): <= @0xeb7593a0, sipuri:@0xd67e03dc, uri:<tel:+15145550043>
12-18 19:31:43.717 17272 17285 V Summit-Android: com.summit.nexos.api.SummitNexosClient: formatToSipFormat <- <tel:+15145550043> [0ms]
12-18 19:31:43.717 17272 17285 W Summit  : [WARN ] [   17285] 19:31:43.717: rcs.chat.blocklist: removeFromList(): uri 'tel:+15145550043' not in list, removing from database anyways
12-18 19:31:43.724 17272 17285 I Summit  : [INFO ] [   17285] 19:31:43.724: jni.chat: nativeRemoveFromBlockList(): <= @0xd5e99160, remote:tel:+15145550043, ret:1
12-18 19:31:43.725 17272 17285 V Summit-Android: com.summit.nexos.internal.SummitRcsChatService: removeFromBlockList <- true [0ms]
12-18 19:31:43.725 17272 17285 V Summit-Android: com.summit.nexos.aidl.server.chat.IRcsChatServiceBinder: removeFromBlockList <- true [0ms]
12-18 19:31:43.730 17303 17303 V Summit-Android: com.summit.nexos.aidl.client.chat.RcsChatServiceProxy: removeFromBlockList <- true [0ms]
12-18 19:31:43.731 17303 17303 V Summit-Android: com.summit.nexos.sdk.managers.UCEManager: removeFromBlackList <- true [0ms]
12-18 19:31:43.731 17303 17303 V Summit-Android: com.summit.nexos.sdk.IMSSdk: getUCEManager
12-18 19:31:43.732 17303 17303 V Summit-Android: com.summit.nexos.sdk.IMSSdk: getManager: manager=com.summit.nexos.sdk.managers.UCEManager@65b1c9c, loadManager=true
12-18 19:31:43.732 17303 17303 V Summit-Android: com.summit.nexos.sdk.IMSSdk: checkSdkState
12-18 19:31:43.733 17303 17303 V Summit-Android: com.summit.nexos.sdk.IMSSdk: isNotAvailable
12-18 19:31:43.733 17303 17303 V Summit-Android: com.summit.nexos.sdk.IMSSdk: isNotAvailable <- false [0ms]
12-18 19:31:43.733 17303 17303 V Summit-Android: com.summit.nexos.sdk.IMSSdk: isReady
12-18 19:31:43.734 17303 17303 V Summit-Android: com.summit.nexos.sdk.IMSSdk: isReady <- true [0ms]
12-18 19:31:43.734 17303 17303 V Summit-Android: com.summit.nexos.sdk.IMSSdk: checkSdkState <- void [0ms]
12-18 19:31:43.734 17303 17303 D Summit-Android: com.summit.nexos.sdk.managers.UCEManager: isConnected: true
12-18 19:31:43.734 17303 17303 V Summit-Android: com.summit.nexos.sdk.IMSSdk: isReady
12-18 19:31:43.735 17303 17303 V Summit-Android: com.summit.nexos.sdk.IMSSdk: isReady <- true [0ms]
12-18 19:31:43.735 17303 17303 V Summit-Android: com.summit.nexos.sdk.IMSSdk: getManager <- com.summit.nexos.sdk.managers.UCEManager@65b1c9c [0ms]
12-18 19:31:43.735 17303 17303 V Summit-Android: com.summit.nexos.sdk.IMSSdk: getUCEManager <- com.summit.nexos.sdk.managers.UCEManager@65b1c9c [0ms]
12-18 19:31:43.736 17303 17303 V Summit-Android: com.summit.nexos.sdk.managers.UCEManager: removeFromBlackList: remotePhoneNumber="<sip:firstavenue@botplatform.mnc000.mcc000.3gppnetwork.org>"
12-18 19:31:43.736 17303 17303 D Summit-Android: com.summit.nexos.sdk.managers.UCEManager: isConnected: true
12-18 19:31:43.737 17303 17303 V Summit-Android: com.summit.nexos.sdk.IMSSdk: isReady
12-18 19:31:43.737 17303 17303 V Summit-Android: com.summit.nexos.sdk.IMSSdk: isReady <- true [0ms]
12-18 19:31:43.737 17303 17303 V Summit-Android: com.summit.nexos.sdk.IMSSdk: getChatManager
12-18 19:31:43.738 17303 17303 V Summit-Android: com.summit.nexos.sdk.IMSSdk: getManager: manager=com.summit.nexos.sdk.managers.ChatManager@6d9d970, loadManager=true
12-18 19:31:43.738 17303 17303 V Summit-Android: com.summit.nexos.sdk.IMSSdk: checkSdkState
12-18 19:31:43.738 17303 17303 V Summit-Android: com.summit.nexos.sdk.IMSSdk: isNotAvailable
12-18 19:31:43.739 17303 17303 V Summit-Android: com.summit.nexos.sdk.IMSSdk: isNotAvailable <- false [0ms]
12-18 19:31:43.739 17303 17303 V Summit-Android: com.summit.nexos.sdk.IMSSdk: isReady
12-18 19:31:43.740 17303 17303 V Summit-Android: com.summit.nexos.sdk.IMSSdk: isReady <- true [0ms]
12-18 19:31:43.740 17303 17303 V Summit-Android: com.summit.nexos.sdk.IMSSdk: checkSdkState <- void [0ms]
12-18 19:31:43.740 17303 17303 D Summit-Android: com.summit.nexos.sdk.managers.ChatManager: isConnected: true
12-18 19:31:43.740 17303 17303 V Summit-Android: com.summit.nexos.sdk.IMSSdk: isReady
12-18 19:31:43.740 17303 17303 V Summit-Android: com.summit.nexos.sdk.IMSSdk: isReady <- true [0ms]
12-18 19:31:43.741 17303 17303 V Summit-Android: com.summit.nexos.sdk.IMSSdk: getManager <- com.summit.nexos.sdk.managers.ChatManager@6d9d970 [0ms]
12-18 19:31:43.741 17303 17303 V Summit-Android: com.summit.nexos.sdk.IMSSdk: getChatManager <- com.summit.nexos.sdk.managers.ChatManager@6d9d970 [0ms]
12-18 19:31:43.741 17303 17303 V Summit-Android: com.summit.nexos.sdk.managers.ChatManager: getRcsChatService
12-18 19:31:43.741 17303 17303 V Summit-Android: com.summit.nexos.sdk.managers.ChatManager: getRcsChatService <- com.summit.nexos.aidl.client.chat.RcsChatServiceProxy@42ae6a5 [0ms]
12-18 19:31:43.742 17303 17303 V Summit-Android: com.summit.nexos.aidl.client.chat.RcsChatServiceProxy: removeFromBlockList: remotePhoneNumber="<sip:firstavenue@botplatform.mnc000.mcc000.3gppnetwork.org>"
12-18 19:31:43.743 17272 17285 V Summit-Android: com.summit.nexos.aidl.server.chat.IRcsChatServiceBinder: removeFromBlockList: remoteUri="<sip:firstavenue@botplatform.mnc000.mcc000.3gppnetwork.org>" [Thread:"Binder:17272_2"]
12-18 19:31:43.743 17272 17285 V Summit-Android: com.summit.nexos.internal.SummitRcsChatService: removeFromBlockList: remotePhoneNumber="<sip:firstavenue@botplatform.mnc000.mcc000.3gppnetwork.org>" [Thread:"Binder:17272_2"]
12-18 19:31:43.743 17272 17285 V Summit-Android: com.summit.nexos.internal.SummitRcsChatService: getChatService [Thread:"Binder:17272_2"]
12-18 19:31:43.743 17272 17285 V Summit-Android: com.summit.nexos.internal.SummitRcsChatService: getChatService <- com.summit.ndk.rcs.impl.ChatServiceImpl@e282069 [0ms]
12-18 19:31:43.743 17272 17285 V Summit-Android: com.summit.nexos.internal.SummitRcsChatService: getNexosClient [Thread:"Binder:17272_2"]
12-18 19:31:43.743 17272 17285 V Summit-Android: com.summit.nexos.internal.SummitRcsChatService: getNexosClient <- com.summit.nexos.api.SummitNexosClient@2044a6d [0ms]
12-18 19:31:43.744 17272 17285 V Summit-Android: com.summit.nexos.api.SummitNexosClient: formatToSipFormat: remotePhoneNumber="<sip:firstavenue@botplatform.mnc000.mcc000.3gppnetwork.org>", uriFormatUse=null [Thread:"Binder:17272_2"]
12-18 19:31:43.744 17272 17285 D Summit-Android: com.summit.nexos.api.SummitNexosClient: formatToSipFormat: formatting regular phone number
12-18 19:31:43.744 17272 17285 V Summit-Android: com.summit.nexos.api.SummitNexosClient: getSipClient [Thread:"Binder:17272_2"]
12-18 19:31:43.744 17272 17285 V Summit-Android: com.summit.nexos.api.SummitNexosClient: getSipClient <- com.summit.ndk.client.impl.SipClientImpl@7cf16a2 [0ms]
12-18 19:31:43.744 17272 17285 D Summit  : [DEBUG] [   17285] 19:31:43.744: client.numberformatter.mgr: formatSipUriFromPhoneNumber(): Stripping domain from '<sip:firstavenue@botplatform.mnc000.mcc000.3gppnetwork.org>'
12-18 19:31:43.744 17272 17285 D Summit  : [DEBUG] [   17285] 19:31:43.744: client.numberformatter.mgr: formatSipUriFromPhoneNumber(): number:<sip:firstavenue@botplatform.mnc000.mcc000.3gppnetwork.org>, use:0, result:
12-18 19:31:43.744 17272 17285 I Summit  : [INFO ] [   17285] 19:31:43.744: jni.sipclient: nativeFormatUriFromPhoneNumber(): <= @0xd5ed5100, digits:<sip:firstavenue@botplatform.mnc000.mcc000.3gppnetwork.org>, use:0, ret:
12-18 19:31:43.744 17272 17285 D Summit  : [DEBUG] [   17285] 19:31:43.744: jni.sipuri: newJSipUri(): env:@0xeb719600, uri:@0xd67e03dc, cls:@0x2876, mid:@0xf1a73870
12-18 19:31:43.745 17272 17285 I Summit  :         [   17285] SipUriImpl: SipUriImpl() null, nativeSipUri=@0xffffffffd67e03dc
12-18 19:31:43.745 17272 17285 I Summit  : [INFO ] [   17285] 19:31:43.745: jni.sipuri: JSipUriImpl(): @0xeb759440
12-18 19:31:43.745 17272 17285 D Summit  : [DEBUG] [   17285] 19:31:43.745: jni.sipuri: nativeNew(): <= @0xeb759440, sipuri:@0xd67e03dc, uri:
12-18 19:31:43.745 17272 17285 I Summit  : [INFO ] [   17285] 19:31:43.745: jni.sipuri: JSipUriImpl(): @0xeb7594e0
12-18 19:31:43.746 17272 17285 D Summit  : [DEBUG] [   17285] 19:31:43.746: jni.sipuri: nativeNew(): <= @0xeb7594e0, sipuri:@0x0, uri:null
12-18 19:31:43.746 17272 17285 D Summit  : [DEBUG] [   17285] 19:31:43.746: jni.sipuri: nativeParse(): <= @0xeb7594e0, self:@0xd67dfd9c, str:<sip:firstavenue@botplatform.mnc000.mcc000.3gppnetwork.org>, ret:1
12-18 19:31:43.746 17272 17285 V Summit-Android: com.summit.nexos.api.SummitNexosClient: formatToSipFormat <- <sip:firstavenue@botplatform.mnc000.mcc000.3gppnetwork.org> [0ms]
12-18 19:31:43.746 17272 17285 W Summit  : [WARN ] [   17285] 19:31:43.746: rcs.chat.blocklist: removeFromList(): uri 'sip:firstavenue@botplatform.mnc000.mcc000.3gppnetwork.org' not in list, removing from database anyways
12-18 19:31:43.758 17272 17285 I Summit  : [INFO ] [   17285] 19:31:43.758: jni.chat: nativeRemoveFromBlockList(): <= @0xd5e99160, remote:sip:firstavenue@botplatform.mnc000.mcc000.3gppnetwork.org, ret:1
12-18 19:31:43.758 17272 17285 V Summit-Android: com.summit.nexos.internal.SummitRcsChatService: removeFromBlockList <- true [0ms]
12-18 19:31:43.758 17272 17285 V Summit-Android: com.summit.nexos.aidl.server.chat.IRcsChatServiceBinder: removeFromBlockList <- true [0ms]
12-18 19:31:43.759 17303 17303 V Summit-Android: com.summit.nexos.aidl.client.chat.RcsChatServiceProxy: removeFromBlockList <- true [0ms]
12-18 19:31:43.759 17303 17303 V Summit-Android: com.summit.nexos.sdk.managers.UCEManager: removeFromBlackList <- true [0ms]
12-18 19:31:43.759 17303 17303 V Summit-Android: com.summit.nexos.sdk.IMSSdk: getUCEManager
12-18 19:31:43.760 17303 17303 V Summit-Android: com.summit.nexos.sdk.IMSSdk: getManager: manager=com.summit.nexos.sdk.managers.UCEManager@65b1c9c, loadManager=true
12-18 19:31:43.760 17303 17303 V Summit-Android: com.summit.nexos.sdk.IMSSdk: checkSdkState
12-18 19:31:43.761 17303 17303 V Summit-Android: com.summit.nexos.sdk.IMSSdk: isNotAvailable
12-18 19:31:43.761 17303 17303 V Summit-Android: com.summit.nexos.sdk.IMSSdk: isNotAvailable <- false [0ms]
12-18 19:31:43.761 17303 17303 V Summit-Android: com.summit.nexos.sdk.IMSSdk: isReady
12-18 19:31:43.761 17303 17303 V Summit-Android: com.summit.nexos.sdk.IMSSdk: isReady <- true [0ms]
12-18 19:31:43.762 17303 17303 V Summit-Android: com.summit.nexos.sdk.IMSSdk: checkSdkState <- void [0ms]
12-18 19:31:43.762 17303 17303 D Summit-Android: com.summit.nexos.sdk.managers.UCEManager: isConnected: true
12-18 19:31:43.762 17303 17303 V Summit-Android: com.summit.nexos.sdk.IMSSdk: isReady
12-18 19:31:43.762 17303 17303 V Summit-Android: com.summit.nexos.sdk.IMSSdk: isReady <- true [0ms]
12-18 19:31:43.763 17303 17303 V Summit-Android: com.summit.nexos.sdk.IMSSdk: getManager <- com.summit.nexos.sdk.managers.UCEManager@65b1c9c [0ms]
12-18 19:31:43.763 17303 17303 V Summit-Android: com.summit.nexos.sdk.IMSSdk: getUCEManager <- com.summit.nexos.sdk.managers.UCEManager@65b1c9c [0ms]
12-18 19:31:43.764 17303 17303 V Summit-Android: com.summit.nexos.sdk.managers.UCEManager: removeFromBlackList: remotePhoneNumber="+12345678910"
12-18 19:31:43.764 17303 17303 D Summit-Android: com.summit.nexos.sdk.managers.UCEManager: isConnected: true
12-18 19:31:43.765 17303 17303 V Summit-Android: com.summit.nexos.sdk.IMSSdk: isReady
12-18 19:31:43.765 17303 17303 V Summit-Android: com.summit.nexos.sdk.IMSSdk: isReady <- true [0ms]
12-18 19:31:43.765 17303 17303 V Summit-Android: com.summit.nexos.sdk.IMSSdk: getChatManager
12-18 19:31:43.766 17303 17303 V Summit-Android: com.summit.nexos.sdk.IMSSdk: getManager: manager=com.summit.nexos.sdk.managers.ChatManager@6d9d970, loadManager=true
12-18 19:31:43.766 17303 17303 V Summit-Android: com.summit.nexos.sdk.IMSSdk: checkSdkState
12-18 19:31:43.766 17303 17303 V Summit-Android: com.summit.nexos.sdk.IMSSdk: isNotAvailable
12-18 19:31:43.767 17303 17303 V Summit-Android: com.summit.nexos.sdk.IMSSdk: isNotAvailable <- false [0ms]
12-18 19:31:43.767 17303 17303 V Summit-Android: com.summit.nexos.sdk.IMSSdk: isReady
12-18 19:31:43.767 17303 17303 V Summit-Android: com.summit.nexos.sdk.IMSSdk: isReady <- true [0ms]
12-18 19:31:43.768 17303 17303 V Summit-Android: com.summit.nexos.sdk.IMSSdk: checkSdkState <- void [0ms]
12-18 19:31:43.768 17303 17303 D Summit-Android: com.summit.nexos.sdk.managers.ChatManager: isConnected: true
12-18 19:31:43.768 17303 17303 V Summit-Android: com.summit.nexos.sdk.IMSSdk: isReady
12-18 19:31:43.768 17303 17303 V Summit-Android: com.summit.nexos.sdk.IMSSdk: isReady <- true [0ms]
12-18 19:31:43.769 17303 17303 V Summit-Android: com.summit.nexos.sdk.IMSSdk: getManager <- com.summit.nexos.sdk.managers.ChatManager@6d9d970 [0ms]
12-18 19:31:43.769 17303 17303 V Summit-Android: com.summit.nexos.sdk.IMSSdk: getChatManager <- com.summit.nexos.sdk.managers.ChatManager@6d9d970 [0ms]
12-18 19:31:43.769 17303 17303 V Summit-Android: com.summit.nexos.sdk.managers.ChatManager: getRcsChatService
12-18 19:31:43.770 17303 17303 V Summit-Android: com.summit.nexos.sdk.managers.ChatManager: getRcsChatService <- com.summit.nexos.aidl.client.chat.RcsChatServiceProxy@42ae6a5 [0ms]
12-18 19:31:43.770 17303 17303 V Summit-Android: com.summit.nexos.aidl.client.chat.RcsChatServiceProxy: removeFromBlockList: remotePhoneNumber="+12345678910"
12-18 19:31:43.771 17272 17285 V Summit-Android: com.summit.nexos.aidl.server.chat.IRcsChatServiceBinder: removeFromBlockList: remoteUri="+12345678910" [Thread:"Binder:17272_2"]
12-18 19:31:43.771 17272 17285 V Summit-Android: com.summit.nexos.internal.SummitRcsChatService: removeFromBlockList: remotePhoneNumber="+12345678910" [Thread:"Binder:17272_2"]
12-18 19:31:43.771 17272 17285 V Summit-Android: com.summit.nexos.internal.SummitRcsChatService: getChatService [Thread:"Binder:17272_2"]
12-18 19:31:43.771 17272 17285 V Summit-Android: com.summit.nexos.internal.SummitRcsChatService: getChatService <- com.summit.ndk.rcs.impl.ChatServiceImpl@e282069 [0ms]
12-18 19:31:43.771 17272 17285 V Summit-Android: com.summit.nexos.internal.SummitRcsChatService: getNexosClient [Thread:"Binder:17272_2"]
12-18 19:31:43.771 17272 17285 V Summit-Android: com.summit.nexos.internal.SummitRcsChatService: getNexosClient <- com.summit.nexos.api.SummitNexosClient@2044a6d [0ms]
12-18 19:31:43.772 17272 17285 V Summit-Android: com.summit.nexos.api.SummitNexosClient: formatToSipFormat: remotePhoneNumber="+12345678910", uriFormatUse=null [Thread:"Binder:17272_2"]
12-18 19:31:43.772 17272 17285 D Summit-Android: com.summit.nexos.api.SummitNexosClient: formatToSipFormat: formatting regular phone number
12-18 19:31:43.772 17272 17285 V Summit-Android: com.summit.nexos.api.SummitNexosClient: getSipClient [Thread:"Binder:17272_2"]
12-18 19:31:43.772 17272 17285 V Summit-Android: com.summit.nexos.api.SummitNexosClient: getSipClient <- com.summit.ndk.client.impl.SipClientImpl@7cf16a2 [0ms]
12-18 19:31:43.772 17272 17285 D Summit  : [DEBUG] [   17285] 19:31:43.772: client.numberformatter.mgr: formatSipUriFromPhoneNumber(): number:+12345678910, use:0, result:tel:+12345678910
12-18 19:31:43.772 17272 17285 I Summit  : [INFO ] [   17285] 19:31:43.772: jni.sipclient: nativeFormatUriFromPhoneNumber(): <= @0xd5ed5100, digits:+12345678910, use:0, ret:tel:+12345678910
12-18 19:31:43.772 17272 17285 D Summit  : [DEBUG] [   17285] 19:31:43.772: jni.sipuri: newJSipUri(): env:@0xeb719600, uri:@0xd67e03dc, cls:@0x2876, mid:@0xf1a73870
12-18 19:31:43.773 17272 17285 I Summit  :         [   17285] SipUriImpl: SipUriImpl() null, nativeSipUri=@0xffffffffd67e03dc
12-18 19:31:43.773 17272 17285 I Summit  : [INFO ] [   17285] 19:31:43.773: jni.sipuri: JSipUriImpl(): @0xeb759580
12-18 19:31:43.773 17272 17285 D Summit  : [DEBUG] [   17285] 19:31:43.773: jni.sipuri: nativeNew(): <= @0xeb759580, sipuri:@0xd67e03dc, uri:<tel:+12345678910>
12-18 19:31:43.773 17272 17285 V Summit-Android: com.summit.nexos.api.SummitNexosClient: formatToSipFormat <- <tel:+12345678910> [0ms]
12-18 19:31:43.773 17272 17285 W Summit  : [WARN ] [   17285] 19:31:43.773: rcs.chat.blocklist: removeFromList(): uri 'tel:+12345678910' not in list, removing from database anyways
12-18 19:31:43.780 17272 17285 I Summit  : [INFO ] [   17285] 19:31:43.780: jni.chat: nativeRemoveFromBlockList(): <= @0xd5e99160, remote:tel:+12345678910, ret:1
12-18 19:31:43.780 17272 17285 V Summit-Android: com.summit.nexos.internal.SummitRcsChatService: removeFromBlockList <- true [0ms]
12-18 19:31:43.781 17272 17285 V Summit-Android: com.summit.nexos.aidl.server.chat.IRcsChatServiceBinder: removeFromBlockList <- true [0ms]
12-18 19:31:43.781 17303 17303 V Summit-Android: com.summit.nexos.aidl.client.chat.RcsChatServiceProxy: removeFromBlockList <- true [0ms]
12-18 19:31:43.781 17303 17303 V Summit-Android: com.summit.nexos.sdk.managers.UCEManager: removeFromBlackList <- true [0ms]
12-18 19:31:43.782 17303 17303 V Summit-Android: com.summit.nexos.sdk.IMSSdk: getClientManager
12-18 19:31:43.783 17303 17303 V Summit-Android: com.summit.nexos.sdk.IMSSdk: getManager: manager=com.summit.nexos.sdk.managers.ClientManager@128aa7a, loadManager=true
12-18 19:31:43.783 17303 17303 V Summit-Android: com.summit.nexos.sdk.IMSSdk: checkSdkState
12-18 19:31:43.783 17303 17303 V Summit-Android: com.summit.nexos.sdk.IMSSdk: isNotAvailable
12-18 19:31:43.784 17303 17303 V Summit-Android: com.summit.nexos.sdk.IMSSdk: isNotAvailable <- false [0ms]
12-18 19:31:43.784 17303 17303 V Summit-Android: com.summit.nexos.sdk.IMSSdk: isReady
12-18 19:31:43.784 17303 17303 V Summit-Android: com.summit.nexos.sdk.IMSSdk: isReady <- true [0ms]
12-18 19:31:43.784 17303 17303 V Summit-Android: com.summit.nexos.sdk.IMSSdk: checkSdkState <- void [0ms]
12-18 19:31:43.784 17303 17303 D Summit-Android: com.summit.nexos.sdk.managers.ClientManager: isConnected: true
12-18 19:31:43.785 17303 17303 V Summit-Android: com.summit.nexos.sdk.IMSSdk: isReady
12-18 19:31:43.785 17303 17303 V Summit-Android: com.summit.nexos.sdk.IMSSdk: isReady <- true [0ms]
12-18 19:31:43.785 17303 17303 V Summit-Android: com.summit.nexos.sdk.IMSSdk: getManager <- com.summit.nexos.sdk.managers.ClientManager@128aa7a [0ms]
12-18 19:31:43.785 17303 17303 V Summit-Android: com.summit.nexos.sdk.IMSSdk: getClientManager <- com.summit.nexos.sdk.managers.ClientManager@128aa7a [0ms]
12-18 19:31:43.786 17303 17303 V Summit-Android: com.summit.nexos.sdk.managers.ClientManager: isProvisioned
12-18 19:31:43.786 17303 17303 D Summit-Android: com.summit.nexos.sdk.managers.ClientManager: isProvisioned
12-18 19:31:43.786 17303 17303 D Summit-Android: com.summit.nexos.sdk.managers.ClientManager: isConnected: true
12-18 19:31:43.786 17303 17303 V Summit-Android: com.summit.nexos.sdk.IMSSdk: isReady
12-18 19:31:43.786 17303 17303 V Summit-Android: com.summit.nexos.sdk.IMSSdk: isReady <- true [0ms]
12-18 19:31:43.787 17303 17303 V Summit-Android: com.summit.nexos.aidl.client.NexosClientProxy: getClientState
12-18 19:31:43.787 17272 17285 V Summit-Android: com.summit.nexos.aidl.server.INexosClientBinder: getClientState [Thread:"Binder:17272_2"]
12-18 19:31:43.788 17272 17285 V Summit-Android: com.summit.nexos.api.SummitNexosClient: getClientState [Thread:"Binder:17272_2"]
12-18 19:31:43.788 17272 17285 V Summit-Android: com.summit.nexos.api.SummitNexosClient: getSipClient [Thread:"Binder:17272_2"]
12-18 19:31:43.788 17272 17285 V Summit-Android: com.summit.nexos.api.SummitNexosClient: getSipClient <- com.summit.ndk.client.impl.SipClientImpl@7cf16a2 [0ms]
12-18 19:31:43.788 17272 17285 I Summit  : [INFO ] [   17285] 19:31:43.788: jni.sipclient: nativeGetClientState(): <= client @0xed773a00, state:10
12-18 19:31:43.788 17272 17285 V Summit-Android: com.summit.nexos.api.SummitNexosClient: getClientState <- STATE_PROVISIONING [0ms]
12-18 19:31:43.788 17272 17285 V Summit-Android: com.summit.nexos.aidl.server.INexosClientBinder: getClientState <- 10 [0ms]
12-18 19:31:43.790 17303 17303 V Summit-Android: com.summit.nexos.aidl.client.NexosClientProxy: getClientState <- STATE_PROVISIONING [0ms]
12-18 19:31:43.791 17303 17303 V Summit-Android: com.summit.nexos.aidl.client.NexosClientProxy: getClientState
12-18 19:31:43.791 17272 17285 V Summit-Android: com.summit.nexos.aidl.server.INexosClientBinder: getClientState [Thread:"Binder:17272_2"]
12-18 19:31:43.791 17272 17285 V Summit-Android: com.summit.nexos.api.SummitNexosClient: getClientState [Thread:"Binder:17272_2"]
12-18 19:31:43.792 17272 17285 V Summit-Android: com.summit.nexos.api.SummitNexosClient: getSipClient [Thread:"Binder:17272_2"]
12-18 19:31:43.792 17272 17285 V Summit-Android: com.summit.nexos.api.SummitNexosClient: getSipClient <- com.summit.ndk.client.impl.SipClientImpl@7cf16a2 [0ms]
12-18 19:31:43.792 17272 17285 I Summit  : [INFO ] [   17285] 19:31:43.792: jni.sipclient: nativeGetClientState(): <= client @0xed773a00, state:10
12-18 19:31:43.792 17272 17285 V Summit-Android: com.summit.nexos.api.SummitNexosClient: getClientState <- STATE_PROVISIONING [0ms]
12-18 19:31:43.792 17272 17285 V Summit-Android: com.summit.nexos.aidl.server.INexosClientBinder: getClientState <- 10 [0ms]
12-18 19:31:43.793 17303 17303 V Summit-Android: com.summit.nexos.aidl.client.NexosClientProxy: getClientState <- STATE_PROVISIONING [0ms]
12-18 19:31:43.793 17303 17303 V Summit-Android: com.summit.nexos.sdk.managers.ClientManager: isProvisioned <- false [0ms]
12-18 19:31:43.793 17303 17303 V Summit-Android: com.summit.nexos.sdk.IMSSdk: onConnected <- void [0ms]
12-18 19:31:43.794 17303 17303 V Summit-Android: com.summit.nexos.sdk.IMSSdk: access$1000 <- void [0ms]
12-18 19:31:43.795 17303 17303 V Summit-Android: com.summit.nexos.sdk.IMSSdk: access$1100: x0=com.summit.nexos.sdk.IMSSdk@39c2b79
12-18 19:31:43.795 17303 17303 V Summit-Android: com.summit.nexos.sdk.IMSSdk: notifyManagersAvailability
12-18 19:31:43.795 17303 17303 D Summit-Android: com.summit.nexos.sdk.IMSSdk: notifyManagersAvailability
12-18 19:31:43.796 17303 17303 V Summit-Android: com.summit.nexos.sdk.IMSSdk: getManagerStateListeners
12-18 19:31:43.797 17303 17303 V Summit-Android: com.summit.nexos.sdk.IMSSdk: getManagerStateListeners <- [com.summit.nexos.sdk.receiver.ReceiverActivity$onCreate$2@cd9ef72] [0ms]
12-18 19:31:43.797 17303 17303 D Summit-Android: com.summit.nexos.sdk.managers.UCEManager: isConnected: true
12-18 19:31:43.797 17303 17303 V Summit-Android: com.summit.nexos.sdk.IMSSdk: isReady
12-18 19:31:43.797 17303 17303 V Summit-Android: com.summit.nexos.sdk.IMSSdk: isReady <- true [0ms]
12-18 19:31:43.798 17303 17303 V Summit-Android: com.summit.nexos.sdk.managers.UCEManager: getName
12-18 19:31:43.798 17303 17303 V Summit-Android: com.summit.nexos.sdk.managers.UCEManager: getName <- "uce" [0ms]
12-18 19:31:43.803 17303 17303 D Summit-Android: com.summit.nexos.sdk.managers.ChatManager: isConnected: true
12-18 19:31:43.804 17303 17303 V Summit-Android: com.summit.nexos.sdk.IMSSdk: isReady
12-18 19:31:43.804 17303 17303 V Summit-Android: com.summit.nexos.sdk.IMSSdk: isReady <- true [0ms]
12-18 19:31:43.805 17303 17303 V Summit-Android: com.summit.nexos.sdk.managers.ChatManager: getName
12-18 19:31:43.805 17303 17303 V Summit-Android: com.summit.nexos.sdk.managers.ChatManager: getName <- "RcsChatService" [0ms]
12-18 19:31:43.809 17303 17303 D Summit-Android: com.summit.nexos.sdk.managers.GroupChatManager: isConnected: true
12-18 19:31:43.809 17303 17303 V Summit-Android: com.summit.nexos.sdk.IMSSdk: isReady
12-18 19:31:43.810 17303 17303 V Summit-Android: com.summit.nexos.sdk.IMSSdk: isReady <- true [0ms]
12-18 19:31:43.810 17303 17303 V Summit-Android: com.summit.nexos.sdk.managers.GroupChatManager: getName
12-18 19:31:43.810 17303 17303 V Summit-Android: com.summit.nexos.sdk.managers.GroupChatManager: getName <- "groupchat" [0ms]
12-18 19:31:43.815 17303 17303 D Summit-Android: com.summit.nexos.sdk.managers.FileTransferManager: isConnected: true
12-18 19:31:43.815 17303 17303 V Summit-Android: com.summit.nexos.sdk.IMSSdk: isReady
12-18 19:31:43.815 17303 17303 V Summit-Android: com.summit.nexos.sdk.IMSSdk: isReady <- true [0ms]
12-18 19:31:43.816 17303 17303 V Summit-Android: com.summit.nexos.sdk.managers.FileTransferManager: getName
12-18 19:31:43.816 17303 17303 V Summit-Android: com.summit.nexos.sdk.managers.FileTransferManager: getName <- "ft" [0ms]
12-18 19:31:43.822 17303 17303 D Summit-Android: com.summit.nexos.sdk.managers.LocationManager: isConnected: true
12-18 19:31:43.823 17303 17303 V Summit-Android: com.summit.nexos.sdk.IMSSdk: isReady
12-18 19:31:43.823 17303 17303 V Summit-Android: com.summit.nexos.sdk.IMSSdk: isReady <- true [0ms]
12-18 19:31:43.823 17303 17303 V Summit-Android: com.summit.nexos.sdk.managers.LocationManager: getName
12-18 19:31:43.824 17303 17303 V Summit-Android: com.summit.nexos.sdk.managers.LocationManager: getName <- "RcsLocationService" [0ms]
12-18 19:31:43.829 17303 17303 D Summit-Android: com.summit.nexos.sdk.managers.ChatbotManager: isConnected: true
12-18 19:31:43.829 17303 17303 V Summit-Android: com.summit.nexos.sdk.IMSSdk: isReady
12-18 19:31:43.829 17303 17303 V Summit-Android: com.summit.nexos.sdk.IMSSdk: isReady <- true [0ms]
12-18 19:31:43.830 17303 17303 V Summit-Android: com.summit.nexos.sdk.managers.ChatbotManager: getName
12-18 19:31:43.830 17303 17303 V Summit-Android: com.summit.nexos.sdk.managers.ChatbotManager: getName <- "chatbot" [0ms]
12-18 19:31:43.838 17303 17303 D Summit-Android: com.summit.nexos.sdk.managers.TelephonyManager: isConnected: true
12-18 19:31:43.839 17303 17303 V Summit-Android: com.summit.nexos.sdk.IMSSdk: isReady
12-18 19:31:43.839 17303 17303 V Summit-Android: com.summit.nexos.sdk.IMSSdk: isReady <- true [0ms]
12-18 19:31:43.839 17303 17303 V Summit-Android: com.summit.nexos.sdk.managers.TelephonyManager: getName
12-18 19:31:43.840 17303 17303 V Summit-Android: com.summit.nexos.sdk.managers.TelephonyManager: getName <- "telephony" [0ms]
12-18 19:31:43.867 17303 17303 D Summit-Android: com.summit.nexos.sdk.managers.LogManager: isConnected: true
12-18 19:31:43.867 17303 17303 V Summit-Android: com.summit.nexos.sdk.IMSSdk: isReady
12-18 19:31:43.867 17303 17303 V Summit-Android: com.summit.nexos.sdk.IMSSdk: isReady <- true [0ms]
12-18 19:31:43.868 17303 17303 V Summit-Android: com.summit.nexos.sdk.managers.LogManager: getName
12-18 19:31:43.868 17303 17303 V Summit-Android: com.summit.nexos.sdk.managers.LogManager: getName <- "client" [0ms]
12-18 19:31:43.873 17303 17303 D Summit-Android: com.summit.nexos.sdk.managers.ClientManager: isConnected: true
12-18 19:31:43.873 17303 17303 V Summit-Android: com.summit.nexos.sdk.IMSSdk: isReady
12-18 19:31:43.873 17303 17303 V Summit-Android: com.summit.nexos.sdk.IMSSdk: isReady <- true [0ms]
12-18 19:31:43.874 17303 17303 V Summit-Android: com.summit.nexos.sdk.managers.ClientManager: getName
12-18 19:31:43.874 17303 17303 V Summit-Android: com.summit.nexos.sdk.managers.ClientManager: getName <- "client" [0ms]
12-18 19:31:43.879 17303 17303 D Summit-Android: com.summit.nexos.sdk.managers.ProvisioningManager: isConnected: true
12-18 19:31:43.879 17303 17303 V Summit-Android: com.summit.nexos.sdk.IMSSdk: isReady
12-18 19:31:43.880 17303 17303 V Summit-Android: com.summit.nexos.sdk.IMSSdk: isReady <- true [0ms]
12-18 19:31:43.880 17303 17303 V Summit-Android: com.summit.nexos.sdk.managers.ProvisioningManager: getName
12-18 19:31:43.880 17303 17303 V Summit-Android: com.summit.nexos.sdk.managers.ProvisioningManager: getName <- "client" [0ms]
12-18 19:31:43.885 17303 17303 D Summit-Android: com.summit.nexos.sdk.managers.PhoneNumberManager: isConnected: true
12-18 19:31:43.885 17303 17303 V Summit-Android: com.summit.nexos.sdk.IMSSdk: isReady
12-18 19:31:43.885 17303 17303 V Summit-Android: com.summit.nexos.sdk.IMSSdk: isReady <- true [0ms]
12-18 19:31:43.886 17303 17303 V Summit-Android: com.summit.nexos.sdk.managers.PhoneNumberManager: getName
12-18 19:31:43.886 17303 17303 V Summit-Android: com.summit.nexos.sdk.managers.PhoneNumberManager: getName <- "client" [0ms]
12-18 19:31:43.892 17303 17303 V Summit-Android: com.summit.nexos.sdk.IMSSdk: notifyManagersAvailability <- void [0ms]
12-18 19:31:43.892 17303 17303 V Summit-Android: com.summit.nexos.sdk.IMSSdk: access$1100 <- void [0ms]
12-18 19:31:43.892 17303 17303 V Summit-Android: com.summit.nexos.sdk.IMSSdk: access$000
12-18 19:31:43.893 17303 17303 V Summit-Android: com.summit.nexos.sdk.IMSSdk: access$000 <- "com.summit.nexos.sdk.IMSSdk" [0ms]
12-18 19:31:43.893 17303 17303 D Summit-Android: com.summit.nexos.sdk.IMSSdk: onServiceConnected: end
12-18 19:31:43.894 17303 17303 I Choreographer: Skipped 53 frames!  The application may be doing too much work on its main thread.
12-18 19:31:43.930 17303 17326 I ConfigStore: android::hardware::configstore::V1_0::ISurfaceFlingerConfigs::hasWideColorDisplay retrieved: 0
12-18 19:31:43.930 17303 17326 I ConfigStore: android::hardware::configstore::V1_0::ISurfaceFlingerConfigs::hasHDRDisplay retrieved: 0
12-18 19:31:43.930 17303 17326 I OpenGLRenderer: Initialized EGL, version 1.4
12-18 19:31:43.930 17303 17326 D OpenGLRenderer: Swap behavior 1
12-18 19:31:43.937  1798  1803 E SurfaceFlinger: ro.sf.lcd_density must be defined as a build property
12-18 19:31:43.972 17303 17303 V Summit-Android: com.summit.nexos.sdk.IMSSdk: access$1400: x0=com.summit.nexos.sdk.IMSSdk@39c2b79
12-18 19:31:43.972 17303 17303 V Summit-Android: com.summit.nexos.sdk.IMSSdk: getConnectionStateListeners
12-18 19:31:43.973 17303 17303 V Summit-Android: com.summit.nexos.sdk.IMSSdk: getConnectionStateListeners <- [com.summit.nexos.sdk.receiver.ReceiverActivity$onCreate$3@3ebdfc3] [0ms]
12-18 19:31:43.973 17303 17303 V Summit-Android: com.summit.nexos.sdk.IMSSdk: access$1400 <- [com.summit.nexos.sdk.receiver.ReceiverActivity$onCreate$3@3ebdfc3] [0ms]
12-18 19:31:44.116  1852  1866 E memtrack: Couldn't load memtrack module
12-18 19:31:44.116  1852  1866 W android.os.Debug: failed to get memory consumption info: -1
12-18 19:31:43.912 17303 17303 W RenderThread: type=1400 audit(0.0:3271): avc: denied { search } for name="graphics" dev="tmpfs" ino=4931 scontext=u:r:untrusted_app_27:s0:c512,c768 tcontext=u:object_r:graphics_device:s0 tclass=dir permissive=0
12-18 19:31:45.235 17303 17326 D gralloc_ranchu: Emulator without host-side GPU emulation detected. Loading gralloc.default.so from /vendor/lib/hw/gralloc.goldfish.default.so...
12-18 19:31:45.254 17272 17289 D gralloc_ranchu: Emulator without host-side GPU emulation detected. Loading gralloc.default.so from /vendor/lib/hw/gralloc.goldfish.default.so...
12-18 19:31:45.263 17303 17326 I OpenGLRenderer: Davey! duration=1353ms; Flags=0, IntendedVsync=31801021224229, Vsync=31801087890893, OldestInputEvent=9223372036854775807, NewestInputEvent=0, HandleInputStart=31801102234650, AnimationStart=31801102350540, PerformTraversalsStart=31801103515470, DrawStart=31801106731420, SyncQueued=31801112321710, SyncStart=31801112404670, IssueDrawCommandsStart=31801112472240, SwapBuffers=31802323741590, FrameCompleted=31802375099350, DequeueBufferDuration=111000, QueueBufferDuration=2917000, 
12-18 19:31:45.349  1852  1875 I ActivityManager: Displayed com.summit.nexos.sdk.test/com.summit.nexos.sdk.receiver.ReceiverActivity: +5s399ms (total +11s834ms)
12-18 19:31:45.408  1969  1969 I GoogleInputMethod: onFinishInput() : Dummy InputConnection bound
12-18 19:31:45.457  1969  1969 I GoogleInputMethod: onStartInput() : Dummy InputConnection bound
12-18 19:31:45.480 17272 17289 I OpenGLRenderer: Davey! duration=5781ms; Flags=0, IntendedVsync=31796797915222, Vsync=31797981248508, OldestInputEvent=9223372036854775807, NewestInputEvent=0, HandleInputStart=31797994049440, AnimationStart=31797994144810, PerformTraversalsStart=31798022693240, DrawStart=31798030809250, SyncQueued=31798040112850, SyncStart=31798052430550, IssueDrawCommandsStart=31798210057630, SwapBuffers=31802327478430, FrameCompleted=31802592229690, DequeueBufferDuration=1478000, QueueBufferDuration=13781000, 
12-18 19:31:45.522 17272 17272 V Summit-Android: com.summit.nexos.sdk.IMSSdk: access$1400: x0=com.summit.nexos.sdk.IMSSdk@fe033dc
12-18 19:31:45.522 17272 17272 V Summit-Android: com.summit.nexos.sdk.IMSSdk: getConnectionStateListeners
12-18 19:31:45.523 17272 17272 V Summit-Android: com.summit.nexos.sdk.IMSSdk: getConnectionStateListeners <- [com.summit.nexos.service.lib.activities.ServiceControlActivity$2@21c6729] [0ms]
12-18 19:31:45.523 17272 17272 V Summit-Android: com.summit.nexos.sdk.IMSSdk: access$1400 <- [com.summit.nexos.service.lib.activities.ServiceControlActivity$2@21c6729] [0ms]
12-18 19:31:45.523 17272 17272 V Summit-Android: com.summit.nexos.service.lib.activities.ServiceControlActivity: access$000: x0=com.summit.nexos.service.lib.activities.ServiceControlActivity@f9be7f3
12-18 19:31:45.523 17272 17272 V Summit-Android: com.summit.nexos.service.lib.activities.ServiceControlActivity: refreshServiceStatus
12-18 19:31:45.523 17272 17272 D Summit-Android: com.summit.nexos.service.lib.activities.ServiceControlActivity: refreshServiceStatus
12-18 19:31:45.523 17272 17272 V Summit-Android: com.summit.nexos.sdk.IMSSdk: isReady
12-18 19:31:45.523 17272 17272 V Summit-Android: com.summit.nexos.sdk.IMSSdk: isReady <- true [0ms]
12-18 19:31:45.524 17272 17272 V Summit-Android: com.summit.nexos.sdk.IMSSdk: getServiceState
12-18 19:31:45.524 17272 17272 V Summit-Android: com.summit.nexos.aidl.server.INexosServerBinder: getServiceState
12-18 19:31:45.524 17272 17272 V Summit-Android: com.summit.nexos.api.SummitNexosServer: getState
12-18 19:31:45.524 17272 17272 D Summit-Android: com.summit.nexos.api.SummitNexosServer: getState: mServiceState=2
12-18 19:31:45.524 17272 17272 V Summit-Android: com.summit.nexos.api.SummitNexosServer: getState <- 2 [0ms]
12-18 19:31:45.524 17272 17272 V Summit-Android: com.summit.nexos.aidl.server.INexosServerBinder: getServiceState <- 2 [0ms]
12-18 19:31:45.524 17272 17272 V Summit-Android: com.summit.nexos.sdk.IMSSdk: getServiceState <- PROVISIONING_ONGOING [0ms]
