--------- beginning of main
12-18 19:31:24.542  1816  1816 I GnssLocationProvider: WakeLock acquired by sendMessage(SET_REQUEST, 0, com.android.server.location.GnssLocationProvider$GpsRequest@39e72d8)
12-18 19:31:24.543  1816  1830 I GnssLocationProvider: WakeLock released by handleMessage(SET_REQUEST, 0, com.android.server.location.GnssLocationProvider$GpsRequest@39e72d8)
--------- beginning of system
12-18 19:31:14.470  2784 26515 I chatty  : uid=10028(com.google.android.googlequicksearchbox) UserFacing38 expire 1 line
12-18 19:31:19.537  2784 26515 E ActivityThread: Failed to find provider info for com.google.android.apps.gsa.testing.ui.audio.recorded
12-18 19:31:24.552  1507  1515 D vold    : Remounting 10099 as mode default
12-18 19:31:24.563  2784  2784 I MicroDetectionWorker: #startMicroDetector [speakerMode: 0]
12-18 19:31:24.563  2784  2784 I AudioController: Using mInputStreamFactoryBuilder
12-18 19:31:24.563  2784  2784 I AudioController: Created new AudioSource
12-18 19:31:24.565  2784  2784 I MicroDetectionWorker: onReady
12-18 19:31:24.592  2784 11587 I MicroRecognitionRunner: Starting detection.
12-18 19:31:24.593  2784 26515 I MicrophoneInputStream: mic_starting  SR : 16000 CC : 16 SO : 6
12-18 19:31:24.615  1576  1642 E AudioFlinger: not enough memory for AudioTrack size=131296
12-18 19:31:24.615  1576  1642 D MemoryDealer:   AudioTrack (0xee69cc30, size=4194304)
12-18 19:31:24.615  1576  1642 D MemoryDealer:     0: 0xee69cc40 | 0x00000000 | 0x000200E0 | A 
12-18 19:31:24.615  1576  1642 D MemoryDealer:     1: 0xee69cdd0 | 0x000200E0 | 0x000200E0 | A 
12-18 19:31:24.615  1576  1642 D MemoryDealer:     2: 0xee69cf80 | 0x000401C0 | 0x000200E0 | A 
12-18 19:31:24.615  1576  1642 D MemoryDealer:     3: 0xed1de1c0 | 0x000602A0 | 0x000200E0 | A 
12-18 19:31:24.615  1576  1642 D MemoryDealer:     4: 0xed1de390 | 0x00080380 | 0x000200E0 | A 
12-18 19:31:24.615  1576  1642 D MemoryDealer:     5: 0xed1de650 | 0x000A0460 | 0x000200E0 | A 
12-18 19:31:24.615  1576  1642 D MemoryDealer:     6: 0xee3082f0 | 0x000C0540 | 0x000200E0 | A 
12-18 19:31:24.615  1576  1642 D MemoryDealer:     7: 0xee308470 | 0x000E0620 | 0x000200E0 | A 
12-18 19:31:24.615  1576  1642 D MemoryDealer:     8: 0xee308630 | 0x00100700 | 0x000200E0 | A 
12-18 19:31:24.615  1576  1642 D MemoryDealer:     9: 0xee3087a0 | 0x001207E0 | 0x000200E0 | A 
12-18 19:31:24.615  1576  1642 D MemoryDealer:    10: 0xee308990 | 0x001408C0 | 0x000200E0 | A 
12-18 19:31:24.615  1576  1642 D MemoryDealer:    11: 0xee308ad0 | 0x001609A0 | 0x000200E0 | A 
12-18 19:31:24.615  1576  1642 D MemoryDealer:    12: 0xee308ca0 | 0x00180A80 | 0x000200E0 | A 
12-18 19:31:24.615  1576  1642 D MemoryDealer:    13: 0xee308df0 | 0x001A0B60 | 0x000200E0 | A 
12-18 19:31:24.615  1576  1642 D MemoryDealer:    14: 0xee308fe0 | 0x001C0C40 | 0x000200E0 | A 
12-18 19:31:24.615  1576  1642 D MemoryDealer:    15: 0xec47c170 | 0x001E0D20 | 0x000200E0 | A 
12-18 19:31:24.615  1576  1642 D MemoryDealer:    16: 0xec47c340 | 0x00200E00 | 0x000200E0 | A 
12-18 19:31:24.615  1576  1642 D MemoryDealer:    17: 0xec47c470 | 0x00220EE0 | 0x000200E0 | A 
12-18 19:31:24.615  1576  1642 D MemoryDealer:    18: 0xec47c670 | 0x00240FC0 | 0x000200E0 | A 
12-18 19:31:24.615  1576  1642 D MemoryDealer:    19: 0xec47c7f0 | 0x002610A0 | 0x000200E0 | A 
12-18 19:31:24.615  1576  1642 D MemoryDealer:    
12-18 19:31:24.615  1576  1642 E AudioFlinger: createRecordTrack_l() initCheck failed -12; no control block?
12-18 19:31:24.615  1576  3322 I AudioFlinger: AudioFlinger's thread 0xea103f80 tid=3322 ready to run
12-18 19:31:24.627  2784 26515 E IAudioFlinger: createRecord returned error -12
12-18 19:31:24.627  2784 26515 E AudioRecord: AudioFlinger could not create record track, status: -12
12-18 19:31:24.629  2784 26515 E AudioRecord-JNI: Error creating AudioRecord instance: initialization check failed with status -12.
12-18 19:31:24.629  2784 26515 E android.media.AudioRecord: Error code -20 when initializing native AudioRecord object.
12-18 19:31:24.629  2784 26515 I MicrophoneInputStream: mic_started  SR : 16000 CC : 16 SO : 6
12-18 19:31:24.630  2784 26515 E ActivityThread: Failed to find provider info for com.google.android.apps.gsa.testing.ui.audio.recorded
12-18 19:31:24.630  2784  2784 I MicroDetectionWorker: onReady
12-18 19:31:24.640  2784 26515 I MicrophoneInputStream: mic_close  SR : 16000 CC : 16 SO : 6
12-18 19:31:24.641  2784 11587 I MicroRecognitionRunner: Detection finished
12-18 19:31:24.641  2784 11587 W ErrorReporter: reportError [type: 211, code: 524300]: Error reading from input stream
12-18 19:31:24.642  2784  2929 I MicroRecognitionRunner: Stopping hotword detection.
12-18 19:31:24.644  2784 11587 W ErrorProcessor: onFatalError, processing error from engine(4)
12-18 19:31:24.644  2784 11587 W ErrorProcessor: com.google.android.apps.gsa.shared.speech.b.g: Error reading from input stream
12-18 19:31:24.644  2784 11587 W ErrorProcessor: 	at com.google.android.apps.gsa.staticplugins.microdetection.d.k.a(SourceFile:91)
12-18 19:31:24.644  2784 11587 W ErrorProcessor: 	at com.google.android.apps.gsa.staticplugins.microdetection.d.l.run(Unknown Source:14)
12-18 19:31:24.644  2784 11587 W ErrorProcessor: 	at com.google.android.libraries.gsa.runner.a.a.b(SourceFile:32)
12-18 19:31:24.644  2784 11587 W ErrorProcessor: 	at com.google.android.libraries.gsa.runner.a.c.call(Unknown Source:4)
12-18 19:31:24.644  2784 11587 W ErrorProcessor: 	at java.util.concurrent.FutureTask.run(FutureTask.java:266)
12-18 19:31:24.644  2784 11587 W ErrorProcessor: 	at java.util.concurrent.Executors$RunnableAdapter.call(Executors.java:458)
12-18 19:31:24.644  2784 11587 W ErrorProcessor: 	at java.util.concurrent.FutureTask.run(FutureTask.java:266)
12-18 19:31:24.644  2784 11587 W ErrorProcessor: 	at com.google.android.apps.gsa.shared.util.concurrent.b.g.run(Unknown Source:4)
12-18 19:31:24.644  2784 11587 W ErrorProcessor: 	at com.google.android.apps.gsa.shared.util.concurrent.b.aw.run(SourceFile:4)
12-18 19:31:24.644  2784 11587 W ErrorProcessor: 	at com.google.android.apps.gsa.shared.util.concurrent.b.aw.run(SourceFile:4)
12-18 19:31:24.644  2784 11587 W ErrorProcessor: 	at java.util.concurrent.ThreadPoolExecutor.runWorker(ThreadPoolExecutor.java:1167)
12-18 19:31:24.644  2784 11587 W ErrorProcessor: 	at java.util.concurrent.ThreadPoolExecutor$Worker.run(ThreadPoolExecutor.java:641)
12-18 19:31:24.644  2784 11587 W ErrorProcessor: 	at java.lang.Thread.run(Thread.java:764)
12-18 19:31:24.644  2784 11587 W ErrorProcessor: 	at com.google.android.apps.gsa.shared.util.concurrent.b.i.run(SourceFile:6)
12-18 19:31:24.644  2784 11587 W ErrorProcessor: Caused by: com.google.android.apps.gsa.shared.exception.GsaIOException: Error code: 393238 | Buffer overflow, no available space.
12-18 19:31:24.644  2784 11587 W ErrorProcessor: 	at com.google.android.apps.gsa.speech.audio.Tee.j(SourceFile:103)
12-18 19:31:24.644  2784 11587 W ErrorProcessor: 	at com.google.android.apps.gsa.speech.audio.au.read(SourceFile:2)
12-18 19:31:24.644  2784 11587 W ErrorProcessor: 	at java.io.InputStream.read(InputStream.java:101)
12-18 19:31:24.644  2784 11587 W ErrorProcessor: 	at com.google.android.apps.gsa.speech.audio.ao.run(SourceFile:17)
12-18 19:31:24.644  2784 11587 W ErrorProcessor: 	at com.google.android.apps.gsa.speech.audio.an.run(SourceFile:2)
12-18 19:31:24.644  2784 11587 W ErrorProcessor: 	at java.util.concurrent.Executors$RunnableAdapter.call(Executors.java:458)
12-18 19:31:24.644  2784 11587 W ErrorProcessor: 	... 10 more
12-18 19:31:24.644  2784 11587 I AudioController: internalShutdown
12-18 19:31:24.650  2784  2784 I MicroDetector: Keeping mic open: false
12-18 19:31:24.650  2784  2784 I MicroDetectionWorker: #onError(false)
12-18 19:31:24.650  2784 24530 I DeviceStateChecker: DeviceStateChecker cancelled
12-18 19:31:24.755  1816  1816 I GnssLocationProvider: WakeLock acquired by sendMessage(SET_REQUEST, 0, com.android.server.location.GnssLocationProvider$GpsRequest@d9f2116)
12-18 19:31:24.755  1507  1515 D vold    : Remounting 10099 as mode write
12-18 19:31:24.759  1816  1830 I GnssLocationProvider: WakeLock released by handleMessage(SET_REQUEST, 0, com.android.server.location.GnssLocationProvider$GpsRequest@d9f2116)
12-18 19:31:24.909  1816  1816 I GnssLocationProvider: WakeLock acquired by sendMessage(SET_REQUEST, 0, com.android.server.location.GnssLocationProvider$GpsRequest@ff3e484)
12-18 19:31:24.910  1816  1830 I GnssLocationProvider: WakeLock released by handleMessage(SET_REQUEST, 0, com.android.server.location.GnssLocationProvider$GpsRequest@ff3e484)
12-18 19:31:25.050  1816  1816 I GnssLocationProvider: WakeLock acquired by sendMessage(SET_REQUEST, 0, com.android.server.location.GnssLocationProvider$GpsRequest@9e438a2)
12-18 19:31:25.051  1816  1830 I GnssLocationProvider: WakeLock released by handleMessage(SET_REQUEST, 0, com.android.server.location.GnssLocationProvider$GpsRequest@9e438a2)
12-18 19:31:25.190  1816  1816 I GnssLocationProvider: WakeLock acquired by sendMessage(SET_REQUEST, 0, com.android.server.location.GnssLocationProvider$GpsRequest@70cc4f0)
12-18 19:31:25.192  1816  1830 I GnssLocationProvider: WakeLock released by handleMessage(SET_REQUEST, 0, com.android.server.location.GnssLocationProvider$GpsRequest@70cc4f0)
12-18 19:31:25.339  1816  1816 I GnssLocationProvider: WakeLock acquired by sendMessage(SET_REQUEST, 0, com.android.server.location.GnssLocationProvider$GpsRequest@6713cee)
12-18 19:31:25.342  1816  1830 I GnssLocationProvider: WakeLock released by handleMessage(SET_REQUEST, 0, com.android.server.location.GnssLocationProvider$GpsRequest@6713cee)
12-18 19:31:25.501  1816  1816 I GnssLocationProvider: WakeLock acquired by sendMessage(SET_REQUEST, 0, com.android.server.location.GnssLocationProvider$GpsRequest@191401c)
12-18 19:31:25.505  1816  1830 I GnssLocationProvider: WakeLock released by handleMessage(SET_REQUEST, 0, com.android.server.location.GnssLocationProvider$GpsRequest@191401c)
12-18 19:31:25.663  1816  1816 I GnssLocationProvider: WakeLock acquired by sendMessage(SET_REQUEST, 0, com.android.server.location.GnssLocationProvider$GpsRequest@2b839fa)
12-18 19:31:25.664  1816  1830 I GnssLocationProvider: WakeLock released by handleMessage(SET_REQUEST, 0, com.android.server.location.GnssLocationProvider$GpsRequest@2b839fa)
12-18 19:31:25.812  1507  1515 D vold    : Remounting 10100 as mode default
12-18 19:31:25.813  1816  1816 I GnssLocationProvider: WakeLock acquired by sendMessage(SET_REQUEST, 0, com.android.server.location.GnssLocationProvider$GpsRequest@8804208)
12-18 19:31:25.819  1816  1830 I GnssLocationProvider: WakeLock released by handleMessage(SET_REQUEST, 0, com.android.server.location.GnssLocationProvider$GpsRequest@8804208)
12-18 19:31:25.951  1507  1515 D vold    : Remounting 10100 as mode write
12-18 19:31:25.952  1816  1816 I GnssLocationProvider: WakeLock acquired by sendMessage(SET_REQUEST, 0, com.android.server.location.GnssLocationProvider$GpsRequest@13ffbc6)
12-18 19:31:25.954  1816  1830 I GnssLocationProvider: WakeLock released by handleMessage(SET_REQUEST, 0, com.android.server.location.GnssLocationProvider$GpsRequest@13ffbc6)
12-18 19:31:27.546  1816  3749 I ActivityManager: START u0 {act=android.intent.action.MAIN cat=[android.intent.category.LAUNCHER] flg=0x10000000 cmp=com.summit.nexos.sdk.app.service/com.summit.nexos.service.lib.activities.ServiceControlActivity} from uid 2000
12-18 19:31:27.764  1816  1833 W ActivityManager: Slow operation: 62ms so far, now at startProcess: returned from zygote!
12-18 19:31:27.765  1816  1833 W ActivityManager: Slow operation: 63ms so far, now at startProcess: done updating battery stats
12-18 19:31:27.765  1816  1833 W ActivityManager: Slow operation: 63ms so far, now at startProcess: building log message
12-18 19:31:27.765  1816  1833 I ActivityManager: Start proc 3367:com.summit.nexos.sdk.app.service:service/u0a99 for activity com.summit.nexos.sdk.app.service/com.summit.nexos.service.lib.activities.ServiceControlActivity
12-18 19:31:27.765  1816  1833 W ActivityManager: Slow operation: 63ms so far, now at startProcess: starting to update pids map
12-18 19:31:27.765  1816  1833 W ActivityManager: Slow operation: 63ms so far, now at startProcess: done updating pids map
12-18 19:31:27.782  3367  3367 I service:servic: Not late-enabling -Xcheck:jni (already on)
12-18 19:31:28.015  3367  3367 W service:servic: Unexpected CPU variant for X86 using defaults: x86
12-18 19:31:28.207  3367  3367 I service:servic: The ClassLoaderContext is a special shared library.
12-18 19:31:29.481  3367  3367 V Summit-Android: com.summit.nexos.providers.CapabilitiesProvider: onCreate
12-18 19:31:29.482  3367  3367 V Summit-Android: com.summit.nexos.providers.CapabilitiesProvider: tryInjectionOrStubNullObject
12-18 19:31:29.484  3367  3367 V Summit-Android: com.summit.nexos.core.dagger.CoreComponentController: isInitialized
12-18 19:31:29.486  3367  3367 V Summit-Android: com.summit.nexos.core.dagger.CoreComponentController: isInitialized <- false [0ms]
12-18 19:31:29.550  3367  3367 V Summit-Android: com.summit.nexos.providers.CapabilitiesProvider: tryInjectionOrStubNullObject <- void [0ms]
12-18 19:31:29.551  3367  3367 V Summit-Android: com.summit.nexos.providers.CapabilitiesProvider: onCreate <- true [0ms]
12-18 19:31:29.631  3367  3367 V Summit-Android: com.summit.nexos.storage.messaging.provider.MessagingProvider: onCreate
12-18 19:31:29.687  3367  3367 V Summit-Android: com.summit.nexos.storage.messaging.provider.MessagingProvider: onCreate <- true [0ms]
12-18 19:31:29.720  3367  3367 V Summit-Android: com.summit.nexos.sdk.app.service.ServiceApp: onCreate
12-18 19:31:29.724  3367  3367 V Summit-Android: com.summit.nexos.sdk.app.service.ServiceApp: onCreate <- void [0ms]
12-18 19:31:29.790  3367  3367 V Summit-Android: com.summit.nexos.service.lib.activities.ServiceControlActivity: onCreate: bundle=null
12-18 19:31:29.794  3367  3367 V Summit-Android: com.summit.nexos.service.lib.IMSSdkFactory: createOrGetSdk: context=com.summit.nexos.service.lib.activities.ServiceControlActivity@c544df2, sdkCallBack=com.summit.nexos.service.lib.activities.ServiceControlActivity$1@ad11c43, connectionStateListener=com.summit.nexos.service.lib.activities.ServiceControlActivity$2@77a2c0
12-18 19:31:29.875  3367  3367 V Summit-Android: com.summit.nexos.sdk.IMSSdk: init: context=com.summit.nexos.service.lib.activities.ServiceControlActivity@c544df2, sdkCallBack=com.summit.nexos.service.lib.activities.ServiceControlActivity$1@ad11c43, managerStateListener=com.summit.nexos.service.lib.IMSSdkFactory$1@706fbf9, connectionStateListener=com.summit.nexos.service.lib.activities.ServiceControlActivity$2@77a2c0
12-18 19:31:29.876  3367  3367 V Summit-Android: com.summit.nexos.sdk.IMSSdk: init: context=com.summit.nexos.service.lib.activities.ServiceControlActivity@c544df2, sdkCallBack=com.summit.nexos.service.lib.activities.ServiceControlActivity$1@ad11c43
12-18 19:31:29.879  3367  3367 D Summit-Android: com.summit.nexos.sdk.IMSSdk: initializing the Nexos SDK
12-18 19:31:29.899  3367  3367 V Summit-Android: com.summit.nexos.sdk.IMSSdk: connectToServiceApi
12-18 19:31:29.899  3367  3367 D Summit-Android: com.summit.nexos.sdk.IMSSdk: connectToServiceApi: service package provided
12-18 19:31:29.903  3367  3367 V Summit-Android: com.summit.nexos.sdk.IMSSdk: connectToServiceApi <- void [0ms]
12-18 19:31:29.903  3367  3367 V Summit-Android: com.summit.nexos.sdk.IMSSdk: init <- com.summit.nexos.sdk.IMSSdk@edf399f [0ms]
12-18 19:31:29.906  3367  3367 V Summit-Android: com.summit.nexos.sdk.IMSSdk: init <- com.summit.nexos.sdk.IMSSdk@edf399f [1ms]
12-18 19:31:29.921  3367  3367 V Summit-Android: com.summit.nexos.service.lib.IMSSdkFactory: createOrGetSdk <- com.summit.nexos.sdk.IMSSdk@edf399f [0ms]
12-18 19:31:29.922  3367  3367 V Summit-Android: com.summit.nexos.service.lib.activities.ServiceControlActivity: injectDependency
12-18 19:31:29.923  3367  3367 V Summit-Android: com.summit.nexos.core.dagger.CoreComponentController: isInitialized
12-18 19:31:29.923  3367  3367 V Summit-Android: com.summit.nexos.core.dagger.CoreComponentController: isInitialized <- false [0ms]
12-18 19:31:29.932  3367  3367 V Summit-Android: com.summit.nexos.core.dagger.CoreComponentController: initCoreComponent: module=com.summit.nexos.api.dagger.ExplicitCoreModule@8942aec
12-18 19:31:29.936  3367  3367 V Summit-Android: com.summit.nexos.core.dagger.CoreComponentController: initCoreComponent <- void [0ms]
12-18 19:31:29.938  3367  3367 V Summit-Android: com.summit.nexos.core.dagger.CoreComponentController: getCoreComponent
12-18 19:31:29.938  3367  3367 V Summit-Android: com.summit.nexos.core.dagger.CoreComponentController: getCoreComponent <- com.summit.nexos.core.dagger.DaggerCoreComponent@ab25eb5 [0ms]
12-18 19:31:29.939  3367  3367 V Summit-Android: com.summit.nexos.core.dagger.CoreModule: provideContext
12-18 19:31:29.939  3367  3367 V Summit-Android: com.summit.nexos.core.dagger.CoreModule: provideContext <- com.summit.nexos.sdk.app.service.ServiceApp@bcba94a [0ms]
12-18 19:31:29.940  3367  3367 V Summit-Android: com.summit.nexos.core.dagger.CoreModule: provideAppConfig: context=com.summit.nexos.sdk.app.service.ServiceApp@bcba94a
12-18 19:31:29.941  3367  3367 V Summit-Android: com.summit.nexos.core.ConfigLoader: loadAppConfig: context=com.summit.nexos.sdk.app.service.ServiceApp@bcba94a
12-18 19:31:30.031  3367  3367 V Summit-Android: com.summit.nexos.utils.JsonUtils: fromJson: classType=class com.summit.nexos.servicemodel.AppConfig, reader=java.io.InputStreamReader@7773131
12-18 19:31:30.159  3367  3367 V Summit-Android: com.summit.nexos.utils.JsonUtils: fromJson <- com.summit.nexos.servicemodel.AppConfig@40fc88f [0ms]
12-18 19:31:30.159  3367  3367 V Summit-Android: com.summit.nexos.core.ConfigLoader: loadAppConfig <- com.summit.nexos.servicemodel.AppConfig@40fc88f [0ms]
12-18 19:31:30.160  3367  3367 V Summit-Android: com.summit.nexos.core.dagger.CoreModule: provideAppConfig <- com.summit.nexos.servicemodel.AppConfig@40fc88f [0ms]
12-18 19:31:30.160  3367  3367 V Summit-Android: com.summit.nexos.service.lib.activities.ServiceControlActivity: injectDependency <- void [0ms]
12-18 19:31:30.232  3367  3367 D OpenGLRenderer: HWUI GL Pipeline
12-18 19:31:30.551  3367  3378 I service:servic: NativeAlloc concurrent copying GC freed 6321(1049KB) AllocSpace objects, 3(60KB) LOS objects, 51% free, 1465KB/2MB, paused 2.349ms total 122.058ms
12-18 19:31:30.588  3367  3367 V Summit-Android: com.summit.nexos.service.lib.activities.ServiceControlActivity: refreshVersion
12-18 19:31:30.592  3367  3367 V Summit-Android: com.summit.nexos.service.lib.utils.ConfigUtils: getStackVersion: context=com.summit.nexos.service.lib.activities.ServiceControlActivity@c544df2
12-18 19:31:30.594  3367  3367 V Summit-Android: com.summit.nexos.service.lib.utils.ConfigUtils: getStackVersion <- null [0ms]
12-18 19:31:30.595  3367  3367 V Summit-Android: com.summit.nexos.service.lib.activities.ServiceControlActivity: refreshVersion <- void [0ms]
12-18 19:31:30.697  1663  1793 E SurfaceFlinger: ro.sf.lcd_density must be defined as a build property
12-18 19:31:30.707  3367  3367 V Summit-Android: com.summit.nexos.service.lib.activities.ServiceControlActivity: onCreate <- void [0ms]
12-18 19:31:30.723  3367  3367 V Summit-Android: com.summit.nexos.service.lib.activities.ServiceControlActivity: onResume
12-18 19:31:30.723  3367  3367 D Summit-Android: com.summit.nexos.service.lib.activities.ServiceControlActivity: onResume
12-18 19:31:30.725  3367  3367 V Summit-Android: com.summit.nexos.service.lib.activities.ServiceControlActivity: refreshServiceStatus
12-18 19:31:30.727  3367  3367 D Summit-Android: com.summit.nexos.service.lib.activities.ServiceControlActivity: refreshServiceStatus
12-18 19:31:30.728  3367  3367 V Summit-Android: com.summit.nexos.sdk.IMSSdk: isReady
12-18 19:31:30.729  3367  3367 V Summit-Android: com.summit.nexos.sdk.IMSSdk: isReady <- false [0ms]
12-18 19:31:30.730  3367  3367 V Summit-Android: com.summit.nexos.service.lib.activities.ServiceControlActivity: refreshServiceStatus <- void [0ms]
12-18 19:31:30.730  3367  3367 V Summit-Android: com.summit.nexos.service.lib.activities.ServiceControlActivity: refreshUISettings
12-18 19:31:30.762  3367  3367 V Summit-Android: com.summit.nexos.service.lib.activities.ServiceControlActivity: onCheckedChanged: arg0=android.widget.CheckBox{fddaa0 GFED..C.. ......I. 0,0-0,0 #7f0c0016 app:id/rcs_chk_box}, checked=true
12-18 19:31:30.763  3367  3367 D Summit-Android: com.summit.nexos.service.lib.activities.ServiceControlActivity: onCheckedChanged: true
12-18 19:31:30.763  3367  3367 V Summit-Android: com.summit.nexos.service.lib.activities.ServiceControlActivity: onCheckedChanged <- void [0ms]
12-18 19:31:30.774  3367  3367 V Summit-Android: com.summit.nexos.service.lib.activities.ServiceControlActivity: onCheckedChanged: arg0=android.widget.CheckBox{e44af15 GFED..C.. ......I. 0,0-0,0 #7f0c0017 app:id/roaming_chk_box}, checked=true
12-18 19:31:30.774  3367  3367 D Summit-Android: com.summit.nexos.service.lib.activities.ServiceControlActivity: onCheckedChanged: true
12-18 19:31:30.782  3367  3367 V Summit-Android: com.summit.nexos.service.lib.activities.ServiceControlActivity: onCheckedChanged <- void [0ms]
12-18 19:31:30.784  3367  3367 V Summit-Android: com.summit.nexos.service.lib.activities.ServiceControlActivity: refreshUISettings <- void [0ms]
12-18 19:31:30.784  3367  3367 V Summit-Android: com.summit.nexos.service.lib.activities.ServiceControlActivity: onResume <- void [0ms]
12-18 19:31:30.870  3367  3367 V Summit-Android: com.summit.nexos.api.NexosSdkService: onCreate
12-18 19:31:30.872  3367  3367 V Summit-Android: com.summit.nexos.core.dagger.CoreComponentController: isInitialized
12-18 19:31:30.872  3367  3367 V Summit-Android: com.summit.nexos.core.dagger.CoreComponentController: isInitialized <- true [0ms]
12-18 19:31:30.893  3367  3367 V Summit-Android: com.summit.nexos.core.dagger.CoreComponentController: getCoreComponent
12-18 19:31:30.894  3367  3367 V Summit-Android: com.summit.nexos.core.dagger.CoreComponentController: getCoreComponent <- com.summit.nexos.core.dagger.DaggerCoreComponent@ab25eb5 [0ms]
12-18 19:31:30.927  3367  3367 V Summit-Android: com.summit.nexos.api.dagger.ExplicitCoreModule: provideNexosClient: context=com.summit.nexos.sdk.app.service.ServiceApp@bcba94a, appConfig=com.summit.nexos.servicemodel.AppConfig@40fc88f
12-18 19:31:30.949  3367  3367 D Summit-Android: com.summit.nexos.api.SummitNexosClient: constructor
12-18 19:31:31.013  3367  3367 I Summit  :         [    3367] SipClientImpl: Loading libSummitSdk.so
12-18 19:31:31.026  3367  3367 W linker  : Warning: "/data/app/com.summit.nexos.sdk.app.service-5cbt9oh6kUxHwREwXpYxtw==/lib/x86/libSummitSdk.so" unused DT entry: DT_RPATH (type 0xf arg 0x1542b) (ignoring)
12-18 19:31:31.036  3367  3367 I Summit  : Signal handler enabled on OS version 28
12-18 19:31:31.036  3367  3367 I Summit  : x86 build
12-18 19:31:31.036  3367  3367 I Summit  : SDK version com.summittech.android.stack.ctc.develop.CTC-SDK.stack-lib.ci.10105.4 compiled at Nov 22 2018 15:19:53
12-18 19:31:31.036  3367  3367 I DEBUG   : Version: com.summittech.android.stack.ctc.develop.CTC-SDK.stack-lib.ci.10105.4 - ctc/develop-b451cdfa7-5-
12-18 19:31:31.036  3367  3367 I Summit  : Initializing SQM
12-18 19:31:31.036  3367  3367 I Summit  : [INFO ] [    3367] 19:31:31.036: sal.socket.queuemgr: EpollSocketQueueManager(): 
12-18 19:31:31.036  3367  3367 I Summit  : [INFO ] [    3367] 19:31:31.036: sal.workerthread: stopWorkerThread(): @0xe783b204, thread @0x0, active: 0
12-18 19:31:31.036  3367  3367 I Summit  : [INFO ] [    3367] 19:31:31.036: sal.workerthread: stopWorkerThread(): @0xebd17860, thread @0x0, active: 0
12-18 19:31:31.037  3367  3367 I Summit  : [INFO ] [    3367] 19:31:31.037: sal.dns.impl: DNSResolverImpl(): 0xf1ef15c0
12-18 19:31:31.038  3367  3367 I Summit  : [INFO ] [    3367] 19:31:31.037: sal.dns.impl: DNSResolverImpl(): 0xf1ef1780
12-18 19:31:31.038  3367  3367 I Summit  : [INFO ] [    3367] 19:31:31.038: sal.dns: getPlatformResolver(): Not applicable to this platform
12-18 19:31:31.038  3367  3367 I Summit  : [INFO ] [    3367] 19:31:31.038: sal.dns.impl: setNameServersInternal(): No platform resolver, expanding to the platform nameservers
12-18 19:31:31.038  3367  3367 I Summit  : [INFO ] [    3367] 19:31:31.038: sal.dns.android: getPlatformNameServers(): 0x0
12-18 19:31:31.039  3367  3367 I Summit  : [INFO ] [    3367] 19:31:31.039: sal.dns.android: getPlatformNameServers(): if 0 : lo
12-18 19:31:31.039  3367  3367 I Summit  : [INFO ] [    3367] 19:31:31.039: sal.dns.android: getPlatformNameServers(): if 1 : wlan0
12-18 19:31:31.039  3367  3367 I Summit  : [INFO ] [    3367] 19:31:31.039: sal.dns.android: getPlatformNameServers(): if 2 : radio0
12-18 19:31:31.040  3367  3367 I Summit  : [INFO ] [    3367] 19:31:31.040: sip.host: isLinkLocal(): a: 254, b: 128
12-18 19:31:31.040  3367  3367 I Summit  : [INFO ] [    3367] 19:31:31.040: sal.socket: hasIPv6NetworkAccess(): Local has IPV6 access: local fe80::ff:fe44:5566
12-18 19:31:31.040  3367  3367 I Summit  : [INFO ] [    3367] 19:31:31.040: sal.dns.android: getPlatformNameServers(): Has IPv6 network address, won't drop IPv6 DNS servers
12-18 19:31:31.040  3367  3367 I Summit  : [INFO ] [    3367] 19:31:31.040: sal.dns.android: getPlatformNameServers(): (0x0): nameserver [0/1] 8.8.8.8
12-18 19:31:31.040  3367  3367 D Summit  : [DEBUG] [    3367] 19:31:31.040: sal.dns.impl: setNameServersInternal(): Nameserver [1] = 8.8.8.8:53
12-18 19:31:31.040  3367  3367 I Summit  : [INFO ] [    3367] 19:31:31.040: sal.dns.cache2.db: initCacheDB(): ./dnscache.db3
12-18 19:31:31.041  3367  3367 W Summit  : [WARN ] [    3367] 19:31:31.041: sal.dns.cache2.db: initCacheDB(): Failed to sqlite3_open(./dnscache.db3)
12-18 19:31:31.041  3367  3367 W Summit  : [WARN ] [    3367] 19:31:31.041: sal.dns.cache2.db: initCacheDB(): Failed to init dns cache db, will not use DNS cache DB
12-18 19:31:31.041  3367  3367 I Summit  : [INFO ] [    3367] 19:31:31.041: sal.dns.cache2.db: closeCacheDB(): m_cacheDb 0xe7835c08
12-18 19:31:31.041  3367  3367 D Summit  : [DEBUG] [    3367] 19:31:31.041: sal.dns.cache2.db: loadCache(): m_cacheDb 0x0
12-18 19:31:31.041  3367  3367 E Summit  : [ERROR] [    3367] 19:31:31.041: sal.dns.cache2.db: loadCache(): not initialized , exiting
12-18 19:31:31.041  3367  3367 I Summit  : [INFO ] [    3367] 19:31:31.041: sal.dns: getPlatformResolver(): Not applicable to this platform
12-18 19:31:31.042  3367  3367 I Summit  : [INFO ] [    3367] 19:31:31.042: sal.dns.impl: setNameServersInternal(): No platform resolver, expanding to the platform nameservers
12-18 19:31:31.042  3367  3367 I Summit  : [INFO ] [    3367] 19:31:31.042: sal.dns.android: getPlatformNameServers(): 0x0
12-18 19:31:31.042  3367  3367 I Summit  : [INFO ] [    3367] 19:31:31.042: sal.dns.android: getPlatformNameServers(): if 0 : lo
12-18 19:31:31.042  3367  3367 I Summit  : [INFO ] [    3367] 19:31:31.042: sal.dns.android: getPlatformNameServers(): if 1 : wlan0
12-18 19:31:31.042  3367  3367 I Summit  : [INFO ] [    3367] 19:31:31.042: sal.dns.android: getPlatformNameServers(): if 2 : radio0
12-18 19:31:31.043  3367  3367 I Summit  : [INFO ] [    3367] 19:31:31.043: sip.host: isLinkLocal(): a: 254, b: 128
12-18 19:31:31.044  3367  3367 I Summit  : [INFO ] [    3367] 19:31:31.044: sal.socket: hasIPv6NetworkAccess(): Local has IPV6 access: local fe80::ff:fe44:5566
12-18 19:31:31.044  3367  3367 I Summit  : [INFO ] [    3367] 19:31:31.044: sal.dns.android: getPlatformNameServers(): Has IPv6 network address, won't drop IPv6 DNS servers
12-18 19:31:31.044  3367  3367 I Summit  : [INFO ] [    3367] 19:31:31.044: sal.dns.android: getPlatformNameServers(): (0x0): nameserver [0/1] 8.8.8.8
12-18 19:31:31.044  3367  3367 D Summit  : [DEBUG] [    3367] 19:31:31.044: sal.dns.impl: setNameServersInternal(): Nameserver [1] = 8.8.8.8:53
12-18 19:31:31.044  3367  3367 D Summit  : [DEBUG] [    3367] 19:31:31.044: sal.dns.cache2.db: loadCache(): m_cacheDb 0x0
12-18 19:31:31.044  3367  3367 E Summit  : [ERROR] [    3367] 19:31:31.044: sal.dns.cache2.db: loadCache(): not initialized , exiting
12-18 19:31:31.044  3367  3367 I Summit  : [INFO ] [    3367] 19:31:31.044: sal.dns.impl: ~DNSResolverImpl(): 0xf1ef1780
12-18 19:31:31.044  3367  3367 I Summit  : [INFO ] [    3367] 19:31:31.044: sal.dns.impl: closeReopenSockets(): reopen:0 AddressType:?
12-18 19:31:31.044  3367  3367 D Summit  : [DEBUG] [    3367] 19:31:31.044: sal.dns.impl: closeReopenSockets(): Release network lock
12-18 19:31:31.044  3367  3367 I Summit  : [INFO ] [    3367] 19:31:31.044: sal.dns.cache2.db: closeCacheDB(): m_cacheDb 0x0
12-18 19:31:31.045  3367  3367 I Summit  : [INFO ] [    3367] 19:31:31.045: saljniglue: classPath: com/summit/ndk/client/impl/SipClientImpl
12-18 19:31:31.050  3367  3367 D Summit  : [DEBUG] [    3367] 19:31:31.050: sal.jni: nativeInit(): registerNatives for class 'com.summit.ndk.sal.impl.PowerLockManagerImpl':
12-18 19:31:31.050  3367  3367 D Summit  : [DEBUG] [    3367] 19:31:31.050: sal.jni: 	#0   nativeInit             =>  "()Z"
12-18 19:31:31.050  3367  3367 D Summit  : [DEBUG] [    3367] 19:31:31.050: sal.jni: 	#1   nativeNew              =>  "()V"
12-18 19:31:31.050  3367  3367 D Summit  : [DEBUG] [    3367] 19:31:31.050: sal.jni: 	#2   nativeDelete           =>  "()V"
12-18 19:31:31.050  3367  3367 D Summit  : [DEBUG] [    3367] 19:31:31.050: sal.jni: 	#3   nativeJoltTimerThread  =>  "()V"
12-18 19:31:31.050  3367  3367 D Summit  : [DEBUG] [    3367] 19:31:31.050: sal.jni: nativeInit(): 	RegisterNatives => OK (ret: 0)
12-18 19:31:31.050  3367  3367 I Summit  : [INFO ] [    3367] 19:31:31.050: jni.powerlockmanager: nativeInit(): <=
12-18 19:31:31.075  3367  3367 D Summit  : [DEBUG] [    3367] 19:31:31.075: sal.perf: measureTime(): min diff: 18810, time: 22654940 (22654 micro) timer_pres: 53163
12-18 19:31:31.075  3367  3367 D Summit  : [DEBUG] [    3367] 19:31:31.075: sal.perf: ScopedTimer:   nativeInit, elapsed: 0.72ms
12-18 19:31:31.090  3367  3367 D Summit  : [DEBUG] [    3367] 19:31:31.089: jni.powerlockmanager: JPowerLockManager(): @0xebd1efa0
12-18 19:31:31.090  3367  3367 I Summit  : [INFO ] [    3367] 19:31:31.090: jni.powerlockmanager: nativeNew(): <= @0xebd1efa0
12-18 19:31:31.093  3367  3367 I Summit  :         [    3367] SipClientImpl: initializeAudio() OpenSL
12-18 19:31:31.097  3367  3367 I Summit  : [INFO ] [    3367] 19:31:31.097: opensl.manager: nativeInit(): VM:@0xf1e067a0, class:@0x25fa, MID_setWaveInState:@0xf208ab68, MID_setWaveOutState:@0xf208abd8
12-18 19:31:31.101  3367  3367 D Summit  : [DEBUG] [    3367] 19:31:31.101: sal.jni: nativeInit(): registerNatives for class 'com.summit.media.AudioEncoder':
12-18 19:31:31.101  3367  3367 D Summit  : [DEBUG] [    3367] 19:31:31.101: sal.jni: 	#0   nativeInit            =>  "()Z"
12-18 19:31:31.101  3367  3367 D Summit  : [DEBUG] [    3367] 19:31:31.101: sal.jni: 	#1   nativeDelete          =>  "()V"
12-18 19:31:31.102  3367  3367 D Summit  : [DEBUG] [    3367] 19:31:31.102: sal.jni: 	#2   nativeOnFrameEncoded  =>  "([BI)V"
12-18 19:31:31.102  3367  3367 D Summit  : [DEBUG] [    3367] 19:31:31.102: sal.jni: nativeInit(): 	RegisterNatives => OK (ret: 0)
12-18 19:31:31.102  3367  3367 D Summit  :         [    3367] AudioEncoder: isSupported: true
12-18 19:31:31.102  3367  3367 D Summit  : [DEBUG] [    3367] 19:31:31.102: sal.perf: ScopedTimer:   nativeInit, elapsed: 1.01ms
12-18 19:31:31.102  3367  3367 D Summit  : [DEBUG] [    3367] 19:31:31.102: sal.jni: nativeInit(): registerNatives for class 'com.summit.media.AudioEncoder':
12-18 19:31:31.102  3367  3367 D Summit  : [DEBUG] [    3367] 19:31:31.102: sal.jni: 	#0   nativeInit            =>  "()Z"
12-18 19:31:31.102  3367  3367 D Summit  : [DEBUG] [    3367] 19:31:31.102: sal.jni: 	#1   nativeDelete          =>  "()V"
12-18 19:31:31.103  3367  3367 D Summit  : [DEBUG] [    3367] 19:31:31.103: sal.jni: 	#2   nativeOnFrameEncoded  =>  "([BI)V"
12-18 19:31:31.103  3367  3367 D Summit  : [DEBUG] [    3367] 19:31:31.103: sal.jni: nativeInit(): 	RegisterNatives => OK (ret: 0)
12-18 19:31:31.103  3367  3367 D Summit  : [DEBUG] [    3367] 19:31:31.103: sal.perf: ScopedTimer:   nativeInit, elapsed: 0.35ms
12-18 19:31:31.105  3367  3367 D Summit  : [DEBUG] [    3367] 19:31:31.105: sal.jni: nativeInit(): registerNatives for class 'com.summit.media.AudioDecoder':
12-18 19:31:31.105  3367  3367 D Summit  : [DEBUG] [    3367] 19:31:31.105: sal.jni: 	#0   nativeInit            =>  "()Z"
12-18 19:31:31.105  3367  3367 D Summit  : [DEBUG] [    3367] 19:31:31.105: sal.jni: 	#1   nativeDelete          =>  "()V"
12-18 19:31:31.105  3367  3367 D Summit  : [DEBUG] [    3367] 19:31:31.105: sal.jni: 	#2   nativeOnFrameDecoded  =>  "([BI)V"
12-18 19:31:31.105  3367  3367 D Summit  : [DEBUG] [    3367] 19:31:31.105: sal.jni: nativeInit(): 	RegisterNatives => OK (ret: 0)
12-18 19:31:31.106  3367  3367 D Summit  :         [    3367] AudioDecoder: isSupported: true
12-18 19:31:31.106  3367  3367 D Summit  : [DEBUG] [    3367] 19:31:31.106: sal.perf: ScopedTimer:   nativeInit, elapsed: 1.05ms
12-18 19:31:31.106  3367  3367 D Summit  : [DEBUG] [    3367] 19:31:31.106: sal.jni: nativeInit(): registerNatives for class 'com.summit.media.AudioDecoder':
12-18 19:31:31.106  3367  3367 D Summit  : [DEBUG] [    3367] 19:31:31.106: sal.jni: 	#0   nativeInit            =>  "()Z"
12-18 19:31:31.106  3367  3367 D Summit  : [DEBUG] [    3367] 19:31:31.106: sal.jni: 	#1   nativeDelete          =>  "()V"
12-18 19:31:31.106  3367  3367 D Summit  : [DEBUG] [    3367] 19:31:31.106: sal.jni: 	#2   nativeOnFrameDecoded  =>  "([BI)V"
12-18 19:31:31.106  3367  3367 D Summit  : [DEBUG] [    3367] 19:31:31.106: sal.jni: nativeInit(): 	RegisterNatives => OK (ret: 0)
12-18 19:31:31.106  3367  3367 D Summit  : [DEBUG] [    3367] 19:31:31.106: sal.perf: ScopedTimer:   nativeInit, elapsed: 0.51ms
12-18 19:31:31.107  3367  3367 I Summit  :         [    3367] OpenSLWaveAudio: initialize
12-18 19:31:31.112  3367  3367 E BluetoothAdapter: Bluetooth binder is null
12-18 19:31:31.117  3367  3367 D Summit  : [DEBUG] [    3367] 19:31:31.117: sal.jni: nativeInit(): registerNatives for class 'com.summit.ndk.client.impl.SipClientImpl':
12-18 19:31:31.117  3367  3367 D Summit  : [DEBUG] [    3367] 19:31:31.117: sal.jni: 	#0   nativeInit                        =>  "()Z"
12-18 19:31:31.117  3367  3367 D Summit  : [DEBUG] [    3367] 19:31:31.117: sal.jni: 	#1   nativeNew                         =>  "(Lcom/summit/ndk/sal/AndroidMobileManager;Lcom/summit/ndk/sal/impl/PlatformIpMonitor;Ljava/lang/String;IJJLjava/lang/String;)V"
12-18 19:31:31.118  3367  3367 D Summit  : [DEBUG] [    3367] 19:31:31.118: sal.jni: 	#2   nativeDelete                      =>  "()V"
12-18 19:31:31.118  3367  3367 D Summit  : [DEBUG] [    3367] 19:31:31.118: sal.jni: 	#3   nativeGetClientState              =>  "()I"
12-18 19:31:31.118  3367  3367 D Summit  : [DEBUG] [    3367] 19:31:31.118: sal.jni: 	#4   nativeGetClientStateString        =>  "(I)Ljava/lang/String;"
12-18 19:31:31.118  3367  3367 D Summit  : [DEBUG] [    3367] 19:31:31.118: sal.jni: 	#5   nativeGetProvisioningState        =>  "()I"
12-18 19:31:31.118  3367  3367 D Summit  : [DEBUG] [    3367] 19:31:31.118: sal.jni: 	#6   nativeGetProvisioningStateString  =>  "(I)Ljava/lang/String;"
12-18 19:31:31.118  3367  3367 D Summit  : [DEBUG] [    3367] 19:31:31.118: sal.jni: 	#7   nativeGetLocalIdentity            =>  "()Lcom/summit/ndk/sip/SipUri;"
12-18 19:31:31.118  3367  3367 D Summit  : [DEBUG] [    3367] 19:31:31.118: sal.jni: 	#8   nativeIsProvisioned               =>  "()Z"
12-18 19:31:31.118  3367  3367 D Summit  : [DEBUG] [    3367] 19:31:31.118: sal.jni: 	#9   nativeSetProxy                    =>  "(Ljava/lang/String;)Z"
12-18 19:31:31.118  3367  3367 D Summit  : [DEBUG] [    3367] 19:31:31.118: sal.jni: 	#10  nativeSetUserIdentity             =>  "(Ljava/lang/String;Ljava/lang/String;Ljava/lang/String;Ljava/lang/String;)Z"
12-18 19:31:31.118  3367  3367 D Summit  : [DEBUG] [    3367] 19:31:31.118: sal.jni: 	#11  nativeProvisioning                =>  "()Z"
12-18 19:31:31.118  3367  3367 D Summit  : [DEBUG] [    3367] 19:31:31.118: sal.jni: 	#12  nativeProvisioning                =>  "(Ljava/lang/String;)Z"
12-18 19:31:31.118  3367  3367 D Summit  : [DEBUG] [    3367] 19:31:31.118: sal.jni: 	#13  nativeExpireProvisioningDocument  =>  "()V"
12-18 19:31:31.118  3367  3367 D Summit  : [DEBUG] [    3367] 19:31:31.118: sal.jni: 	#14  nativeClearProvisioningData       =>  "()Z"
12-18 19:31:31.119  3367  3367 D Summit  : [DEBUG] [    3367] 19:31:31.119: sal.jni: 	#15  nativeProvideMsisdn               =>  "(Ljava/lang/String;Ljava/lang/String;)V"
12-18 19:31:31.119  3367  3367 D Summit  : [DEBUG] [    3367] 19:31:31.119: sal.jni: 	#16  nativeProvideOtp                  =>  "(Ljava/lang/String;)V"
12-18 19:31:31.119  3367  3367 D Summit  : [DEBUG] [    3367] 19:31:31.119: sal.jni: 	#17  nativeAcceptEua                   =>  "()V"
12-18 19:31:31.119  3367  3367 D Summit  : [DEBUG] [    3367] 19:31:31.119: sal.jni: 	#18  nativeRejectEua                   =>  "()V"
12-18 19:31:31.119  3367  3367 D Summit  : [DEBUG] [    3367] 19:31:31.119: sal.jni: 	#19  nativeSignIn                      =>  "()Z"
12-18 19:31:31.119  3367  3367 D Summit  : [DEBUG] [    3367] 19:31:31.119: sal.jni: 	#20  nativeSignOut                     =>  "()Z"
12-18 19:31:31.119  3367  3367 D Summit  : [DEBUG] [    3367] 19:31:31.119: sal.jni: 	#21  nativeFormatUriFromPhoneNumber    =>  "(Ljava/lang/String;I)Lcom/summit/ndk/sip/SipUri;"
12-18 19:31:31.119  3367  3367 D Summit  : [DEBUG] [    3367] 19:31:31.119: sal.jni: 	#22  nativeGetSipClient                =>  "()J"
12-18 19:31:31.119  3367  3367 D Summit  : [DEBUG] [    3367] 19:31:31.119: sal.jni: 	#23  nativeGetSipClientManager         =>  "()J"
12-18 19:31:31.119  3367  3367 D Summit  : [DEBUG] [    3367] 19:31:31.119: sal.jni: 	#24  nativeGetUceService               =>  "()J"
12-18 19:31:31.119  3367  3367 D Summit  : [DEBUG] [    3367] 19:31:31.119: sal.jni: 	#25  nativeStartPcapTrace              =>  "(Ljava/lang/String;Z)V"
12-18 19:31:31.119  3367  3367 D Summit  : [DEBUG] [    3367] 19:31:31.119: sal.jni: 	#26  nativeStopPcapTrace               =>  "()V"
12-18 19:31:31.120  3367  3367 D Summit  : [DEBUG] [    3367] 19:31:31.120: sal.jni: nativeInit(): 	RegisterNatives => OK (ret: 0)
12-18 19:31:31.120  3367  3367 I Summit  : [INFO ] [    3367] 19:31:31.120: jni.sipclient: nativeInit(): <=
12-18 19:31:31.122  3367  3367 D Summit  : [DEBUG] [    3367] 19:31:31.122: sal.perf: ScopedTimer:   nativeInit, elapsed: 5.24ms
12-18 19:31:31.123  3367  3367 V Summit-Android: com.summit.nexos.api.SummitNexosClient: getNetworkConfig
12-18 19:31:31.125  3367  3367 V Summit-Android: com.summit.nexos.api.SummitNexosClient: getConfig: key="App.SelectedNetworkConfig", defaultValue=null
12-18 19:31:31.125  3367  3367 V Summit-Android: com.summit.nexos.api.SummitNexosClient: getConfigObject
12-18 19:31:31.126  3367  3367 V Summit-Android: com.summit.nexos.api.SummitNexosClient: getConfigObject <- com.summit.nexos.model.helper.ServiceStub$1@f798af7 [0ms]
12-18 19:31:31.126  3367  3367 V Summit-Android: com.summit.nexos.model.helper.ServiceStub: access$000
12-18 19:31:31.127  3367  3367 V Summit-Android: com.summit.nexos.model.helper.ServiceStub: access$000 <- "com.summit.nexos.model.helper.ServiceStub" [0ms]
12-18 19:31:31.127  3367  3367 W Summit-Android: com.summit.nexos.model.helper.ServiceStub: using null config object
12-18 19:31:31.128  3367  3367 V Summit-Android: com.summit.nexos.api.SummitNexosClient: getConfig <- "" [0ms]
12-18 19:31:31.131  3367  3367 V Summit-Android: com.summit.nexos.api.SummitNexosClient: getConfigFromSharedPreferences: key="App.SelectedNetworkConfig"
12-18 19:31:31.131  3367  3367 V Summit-Android: com.summit.nexos.api.SummitNexosClient: getSharedPreferences
12-18 19:31:31.138  3367  3367 V Summit-Android: com.summit.nexos.api.SummitNexosClient: getSharedPreferences <- android.app.SharedPreferencesImpl@1219d64 [0ms]
12-18 19:31:31.140  3367  3367 V Summit-Android: com.summit.nexos.api.SummitNexosClient: getConfigFromSharedPreferences <- "" [0ms]
12-18 19:31:31.141  3367  3367 W Summit-Android: com.summit.nexos.api.SummitNexosClient: getNetworkConfig: trying to get config index from shared preferences. Value=
12-18 19:31:31.143  3367  3367 V Summit-Android: com.summit.nexos.api.SummitNexosClient: mergeMainNetworkConfigs: defaultConfigs={Version.productName=ctc-demo-sdk, Version.productVersion=0.0.01}, mainConfigs={RCSe.AutoConfig.URL=acs.erl.rcs.st, RCSe.AutoConfig.HttpPort=8080, RCSe.AutoConfig.HttpsPort=8443, SSLSocket.VerifyCertificate=0, Client.ReprovisionImmediately=1, ft.http.force=1, nexos_options_enabled=true, MSRP.Transport.LogMessages=1}
12-18 19:31:31.145  3367  3367 V Summit-Android: com.summit.nexos.api.SummitNexosClient: mergeMainNetworkConfigs <- {RCSe.AutoConfig.URL=acs.erl.rcs.st, RCSe.AutoConfig.HttpPort=8080, RCSe.AutoConfig.HttpsPort=8443, SSLSocket.VerifyCertificate=0, Client.ReprovisionImmediately=1, ft.http.force=1, nexos_options_enabled=true, MSRP.Transport.LogMessages=1, Version.productName=ctc-demo-sdk, Version.productVersion=0.0.01} [0ms]
12-18 19:31:31.146  3367  3367 V Summit-Android: com.summit.nexos.api.SummitNexosClient: getNetworkConfig <- com.summit.nexos.servicemodel.NetworkConfig@89cabcd [0ms]
12-18 19:31:31.149  3367  3367 V Summit-Android: com.summit.nexos.api.Customer: init: context=com.summit.nexos.sdk.app.service.ServiceApp@bcba94a, stackConfigs={RCSe.AutoConfig.URL=acs.erl.rcs.st, RCSe.AutoConfig.HttpPort=8080, RCSe.AutoConfig.HttpsPort=8443, SSLSocket.VerifyCertificate=0, Client.ReprovisionImmediately=1, ft.http.force=1, nexos_options_enabled=true, MSRP.Transport.LogMessages=1, Version.productName=ctc-demo-sdk, Version.productVersion=0.0.01}
12-18 19:31:31.149  3367  3367 V Summit-Android: com.summit.nexos.api.Customer: init <- void [0ms]
12-18 19:31:31.150  3367  3367 V Summit-Android: com.summit.nexos.api.SummitNexosClient: init
12-18 19:31:31.151  3367  3367 V Summit-Android: com.summit.nexos.api.SummitNexosClient: initConfigurations
12-18 19:31:31.151  3367  3367 V Summit-Android: com.summit.nexos.api.SummitNexosClient: getConfigObject
12-18 19:31:31.152  3367  3367 V Summit-Android: com.summit.nexos.api.SummitNexosClient: getConfigObject <- com.summit.nexos.model.helper.ServiceStub$1@f798af7 [0ms]
12-18 19:31:31.152  3367  3367 V Summit-Android: com.summit.nexos.model.helper.ServiceStub: access$000
12-18 19:31:31.153  3367  3367 V Summit-Android: com.summit.nexos.model.helper.ServiceStub: access$000 <- "com.summit.nexos.model.helper.ServiceStub" [0ms]
12-18 19:31:31.153  3367  3367 W Summit-Android: com.summit.nexos.model.helper.ServiceStub: using null config object
12-18 19:31:31.155  3367  3367 D Summit  : [DEBUG] [    3367] 19:31:31.155: sal.jni: nativeInit(): registerNatives for class 'com.summit.ndk.sal.impl.StackContextImpl':
12-18 19:31:31.155  3367  3367 D Summit  : [DEBUG] [    3367] 19:31:31.155: sal.jni: 	#0   nativeInit             =>  "()Z"
12-18 19:31:31.155  3367  3367 D Summit  : [DEBUG] [    3367] 19:31:31.155: sal.jni: 	#1   nativeNew              =>  "(JJ)V"
12-18 19:31:31.155  3367  3367 D Summit  : [DEBUG] [    3367] 19:31:31.155: sal.jni: 	#2   nativeDelete           =>  "()V"
12-18 19:31:31.155  3367  3367 D Summit  : [DEBUG] [    3367] 19:31:31.155: sal.jni: 	#3   nativeGetNativeObject  =>  "()J"
12-18 19:31:31.155  3367  3367 D Summit  : [DEBUG] [    3367] 19:31:31.155: sal.jni: nativeInit(): 	RegisterNatives => OK (ret: 0)
12-18 19:31:31.156  3367  3367 I Summit  : [INFO ] [    3367] 19:31:31.156: jni.stackcontext: nativeInit(): <=
12-18 19:31:31.156  3367  3367 D Summit  : [DEBUG] [    3367] 19:31:31.156: sal.perf: ScopedTimer:   nativeInit, elapsed: 0.85ms
12-18 19:31:31.156  3367  3367 I Summit  :         [    3367] StackContextImpl: StackContextImpl()
12-18 19:31:31.158  3367  3367 D Summit  : [DEBUG] [    3367] 19:31:31.158: sal.jni: nativeInit(): registerNatives for class 'com.summit.ndk.sal.impl.ConfigObjectImpl':
12-18 19:31:31.158  3367  3367 D Summit  : [DEBUG] [    3367] 19:31:31.158: sal.jni: 	#0   nativeInit              =>  "()Z"
12-18 19:31:31.158  3367  3367 D Summit  : [DEBUG] [    3367] 19:31:31.158: sal.jni: 	#1   nativeNew               =>  "()V"
12-18 19:31:31.158  3367  3367 D Summit  : [DEBUG] [    3367] 19:31:31.158: sal.jni: 	#2   nativeDelete            =>  "()V"
12-18 19:31:31.158  3367  3367 D Summit  : [DEBUG] [    3367] 19:31:31.158: sal.jni: 	#3   nativeSetConfig         =>  "(Ljava/lang/String;Ljava/lang/String;)V"
12-18 19:31:31.159  3367  3367 D Summit  : [DEBUG] [    3367] 19:31:31.158: sal.jni: 	#4   nativeGetConfig         =>  "(Ljava/lang/String;)Ljava/lang/String;"
12-18 19:31:31.159  3367  3367 D Summit  : [DEBUG] [    3367] 19:31:31.159: sal.jni: 	#5   nativeGetLocalConfigs   =>  "()Ljava/util/Map;"
12-18 19:31:31.159  3367  3367 D Summit  : [DEBUG] [    3367] 19:31:31.159: sal.jni: 	#6   nativeGetGlobalConfigs  =>  "()Ljava/util/Map;"
12-18 19:31:31.159  3367  3367 D Summit  : [DEBUG] [    3367] 19:31:31.159: sal.jni: 	#7   nativeReset             =>  "()V"
12-18 19:31:31.159  3367  3367 D Summit  : [DEBUG] [    3367] 19:31:31.159: sal.jni: 	#8   nativeGlobalReset       =>  "()V"
12-18 19:31:31.159  3367  3367 D Summit  : [DEBUG] [    3367] 19:31:31.159: sal.jni: 	#9   nativeGetNativeObject   =>  "()J"
12-18 19:31:31.159  3367  3367 D Summit  : [DEBUG] [    3367] 19:31:31.159: sal.jni: nativeInit(): 	RegisterNatives => OK (ret: 0)
12-18 19:31:31.159  3367  3367 I Summit  : [INFO ] [    3367] 19:31:31.159: jni.configobject: nativeInit(): <=
12-18 19:31:31.159  3367  3367 D Summit  : [DEBUG] [    3367] 19:31:31.159: sal.perf: ScopedTimer:   nativeInit, elapsed: 1.26ms
12-18 19:31:31.160  3367  3367 I Summit  :         [    3367] ConfigObjectImpl: ConfigObjectImpl()
12-18 19:31:31.160  3367  3367 I Summit  : [INFO ] [    3367] 19:31:31.160: jni.configobject: JConfigObjectImpl(): @0xebd1f420
12-18 19:31:31.160  3367  3367 I Summit  : [INFO ] [    3367] 19:31:31.160: sal.config: ConfigObjectImpl(): @0xebe5e3a0
12-18 19:31:31.160  3367  3367 I Summit  : [INFO ] [    3367] 19:31:31.160: jni.configobject: nativeNew(): <= @0xebd1f420, configObject:@0xebe5e3a0
12-18 19:31:31.164  3367  3367 I Summit  :         [    3367] AndroidDeviceImpl: nativeInit()
12-18 19:31:31.164  3367  3367 D Summit  : [DEBUG] [    3367] 19:31:31.164: sal.jni: nativeInit(): registerNatives for class 'com.summit.ndk.sal.impl.AndroidDeviceImpl':
12-18 19:31:31.164  3367  3367 D Summit  : [DEBUG] [    3367] 19:31:31.164: sal.jni: 	#0   nativeInit             =>  "()Z"
12-18 19:31:31.164  3367  3367 D Summit  : [DEBUG] [    3367] 19:31:31.164: sal.jni: 	#1   nativeNew              =>  "()V"
12-18 19:31:31.164  3367  3367 D Summit  : [DEBUG] [    3367] 19:31:31.164: sal.jni: 	#2   nativeDelete           =>  "()V"
12-18 19:31:31.164  3367  3367 D Summit  : [DEBUG] [    3367] 19:31:31.164: sal.jni: 	#3   nativeGetNativeObject  =>  "()J"
12-18 19:31:31.165  3367  3367 D Summit  : [DEBUG] [    3367] 19:31:31.165: sal.jni: nativeInit(): 	RegisterNatives => OK (ret: 0)
12-18 19:31:31.165  3367  3367 I Summit  : [INFO ] [    3367] 19:31:31.165: jni.androiddevice: nativeInit(): <=
12-18 19:31:31.165  3367  3367 D Summit  : [DEBUG] [    3367] 19:31:31.165: sal.perf: ScopedTimer:   nativeInit, elapsed: 1.17ms
12-18 19:31:31.166  3367  3367 I Summit  :         [    3367] AndroidDeviceImpl: created
12-18 19:31:31.167  3367  3367 D Summit  : [DEBUG] [    3367] 19:31:31.167: jni.androiddevice: JAndroidDevice(): @0xebd1f400
12-18 19:31:31.167  3367  3367 I Summit  : [INFO ] [    3367] 19:31:31.167: jni.androiddevice: nativeNew(): <= @0xebd1f400
12-18 19:31:31.167  3367  3367 I Summit  : [INFO ] [    3367] 19:31:31.167: jni.configobject: nativeGetNativeObject(): <= ret @0xebe5e3a0
12-18 19:31:31.167  3367  3367 I Summit  : [INFO ] [    3367] 19:31:31.167: jni.androiddevice: nativeGetNativeObject(): <= @0xebd1f400
12-18 19:31:31.167  3367  3367 I Summit  : [INFO ] [    3367] 19:31:31.167: jni.stackcontext: JStackContextImpl(): @0xebd1f340
12-18 19:31:31.167  3367  3367 I Summit  : [INFO ] [    3367] 19:31:31.167: jni.stackcontext: nativeNew(): <= @0xebd1f340, configObject:@0xebe5e3a0, deviceInfo:@0xebd1f400
12-18 19:31:31.168  3367  3367 I Summit  : [INFO ] [    3367] 19:31:31.168: sal.container.context: Context(): @0xebd1f520
12-18 19:31:31.168  3367  3367 D Summit-Android: com.summit.nexos.api.SummitNexosClient: constructor: setting config RCSe.AutoConfig.URL|acs.erl.rcs.st
12-18 19:31:31.168  3367  3367 I Summit  : [INFO ] [    3367] 19:31:31.168: jni.configobject: nativeSetConfig(): <= local key:RCSe.AutoConfig.URL, val:acs.erl.rcs.st
12-18 19:31:31.170  3367  3367 D Summit-Android: com.summit.nexos.api.SummitNexosClient: constructor: setting config RCSe.AutoConfig.HttpPort|8080
12-18 19:31:31.170  3367  3367 I Summit  : [INFO ] [    3367] 19:31:31.170: jni.configobject: nativeSetConfig(): <= local key:RCSe.AutoConfig.HttpPort, val:8080
12-18 19:31:31.170  3367  3367 D Summit-Android: com.summit.nexos.api.SummitNexosClient: constructor: setting config RCSe.AutoConfig.HttpsPort|8443
12-18 19:31:31.171  3367  3367 I Summit  : [INFO ] [    3367] 19:31:31.170: jni.configobject: nativeSetConfig(): <= local key:RCSe.AutoConfig.HttpsPort, val:8443
12-18 19:31:31.171  3367  3367 D Summit-Android: com.summit.nexos.api.SummitNexosClient: constructor: setting config SSLSocket.VerifyCertificate|0
12-18 19:31:31.171  3367  3367 I Summit  : [INFO ] [    3367] 19:31:31.171: jni.configobject: nativeSetConfig(): <= global key:SSLSocket.VerifyCertificate, val:0
