12-18 19:31:45.524 17272 17272 D Summit-Android: com.summit.nexos.service.lib.activities.ServiceControlActivity: refreshServiceStatus: serviceState=PROVISIONING_ONGOING
12-18 19:31:45.524 17272 17272 V Summit-Android: com.summit.nexos.sdk.IMSSdk: getError
12-18 19:31:45.525 17272 17272 V Summit-Android: com.summit.nexos.sdk.IMSSdk: getServiceState
12-18 19:31:45.525 17272 17272 V Summit-Android: com.summit.nexos.aidl.server.INexosServerBinder: getServiceState
12-18 19:31:45.525 17272 17272 V Summit-Android: com.summit.nexos.api.SummitNexosServer: getState
12-18 19:31:45.525 17272 17272 D Summit-Android: com.summit.nexos.api.SummitNexosServer: getState: mServiceState=2
12-18 19:31:45.525 17272 17272 V Summit-Android: com.summit.nexos.api.SummitNexosServer: getState <- 2 [0ms]
12-18 19:31:45.525 17272 17272 V Summit-Android: com.summit.nexos.aidl.server.INexosServerBinder: getServiceState <- 2 [0ms]
12-18 19:31:45.525 17272 17272 V Summit-Android: com.summit.nexos.sdk.IMSSdk: getServiceState <- PROVISIONING_ONGOING [0ms]
12-18 19:31:45.525 17272 17272 V Summit-Android: com.summit.nexos.sdk.IMSSdk: getError <- null [0ms]
12-18 19:31:45.527 17272 17272 V Summit-Android: com.summit.nexos.service.lib.activities.ServiceControlActivity: refreshServiceStatus <- void [0ms]
12-18 19:31:45.527 17272 17272 V Summit-Android: com.summit.nexos.service.lib.activities.ServiceControlActivity: access$000 <- void [0ms]
12-18 19:31:45.527 17272 17272 V Summit-Android: com.summit.nexos.sdk.IMSSdk: access$1400: x0=com.summit.nexos.sdk.IMSSdk@fe033dc
12-18 19:31:45.527 17272 17272 V Summit-Android: com.summit.nexos.sdk.IMSSdk: getConnectionStateListeners
12-18 19:31:45.528 17272 17272 V Summit-Android: com.summit.nexos.sdk.IMSSdk: getConnectionStateListeners <- [com.summit.nexos.service.lib.activities.ServiceControlActivity$2@21c6729] [0ms]
12-18 19:31:45.528 17272 17272 V Summit-Android: com.summit.nexos.sdk.IMSSdk: access$1400 <- [com.summit.nexos.service.lib.activities.ServiceControlActivity$2@21c6729] [0ms]
12-18 19:31:45.528 17272 17272 V Summit-Android: com.summit.nexos.service.lib.activities.ServiceControlActivity: access$000: x0=com.summit.nexos.service.lib.activities.ServiceControlActivity@f9be7f3
12-18 19:31:45.528 17272 17272 V Summit-Android: com.summit.nexos.service.lib.activities.ServiceControlActivity: refreshServiceStatus
12-18 19:31:45.528 17272 17272 D Summit-Android: com.summit.nexos.service.lib.activities.ServiceControlActivity: refreshServiceStatus
12-18 19:31:45.528 17272 17272 V Summit-Android: com.summit.nexos.sdk.IMSSdk: isReady
12-18 19:31:45.528 17272 17272 V Summit-Android: com.summit.nexos.sdk.IMSSdk: isReady <- true [0ms]
12-18 19:31:45.554 17303 17303 I Choreographer: Skipped 93 frames!  The application may be doing too much work on its main thread.
12-18 19:31:45.579 17272 17272 V Summit-Android: com.summit.nexos.sdk.IMSSdk: getServiceState
12-18 19:31:45.579 17272 17272 V Summit-Android: com.summit.nexos.aidl.server.INexosServerBinder: getServiceState
12-18 19:31:45.579 17272 17272 V Summit-Android: com.summit.nexos.api.SummitNexosServer: getState
12-18 19:31:45.579 17272 17272 D Summit-Android: com.summit.nexos.api.SummitNexosServer: getState: mServiceState=2
12-18 19:31:45.812 17303 17326 I OpenGLRenderer: Davey! duration=1792ms; Flags=0, IntendedVsync=31801114051890, Vsync=31802664051828, OldestInputEvent=9223372036854775807, NewestInputEvent=0, HandleInputStart=31802666274470, AnimationStart=31802666404040, PerformTraversalsStart=31802666930490, DrawStart=31802667295700, SyncQueued=31802668565830, SyncStart=31802685494490, IssueDrawCommandsStart=31802685575750, SwapBuffers=31802809791970, FrameCompleted=31802923945930, DequeueBufferDuration=17690000, QueueBufferDuration=836000, 
12-18 19:31:45.813 17272 17272 V Summit-Android: com.summit.nexos.api.SummitNexosServer: getState <- 2 [233ms]
12-18 19:31:45.814 17272 17272 V Summit-Android: com.summit.nexos.aidl.server.INexosServerBinder: getServiceState <- 2 [0ms]
12-18 19:31:45.814 17272 17272 V Summit-Android: com.summit.nexos.sdk.IMSSdk: getServiceState <- PROVISIONING_ONGOING [0ms]
12-18 19:31:45.814 17272 17272 D Summit-Android: com.summit.nexos.service.lib.activities.ServiceControlActivity: refreshServiceStatus: serviceState=PROVISIONING_ONGOING
12-18 19:31:45.814 17272 17272 V Summit-Android: com.summit.nexos.sdk.IMSSdk: getError
12-18 19:31:45.814 17272 17272 V Summit-Android: com.summit.nexos.sdk.IMSSdk: getServiceState
12-18 19:31:45.815 17272 17272 V Summit-Android: com.summit.nexos.aidl.server.INexosServerBinder: getServiceState
12-18 19:31:45.815 17272 17272 V Summit-Android: com.summit.nexos.api.SummitNexosServer: getState
12-18 19:31:45.815 17272 17272 D Summit-Android: com.summit.nexos.api.SummitNexosServer: getState: mServiceState=2
12-18 19:31:45.815 17272 17272 V Summit-Android: com.summit.nexos.api.SummitNexosServer: getState <- 2 [0ms]
12-18 19:31:45.815 17272 17272 V Summit-Android: com.summit.nexos.aidl.server.INexosServerBinder: getServiceState <- 2 [0ms]
12-18 19:31:45.815 17272 17272 V Summit-Android: com.summit.nexos.sdk.IMSSdk: getServiceState <- PROVISIONING_ONGOING [0ms]
12-18 19:31:45.816 17272 17272 V Summit-Android: com.summit.nexos.sdk.IMSSdk: getError <- null [0ms]
12-18 19:31:45.824 17272 17272 V Summit-Android: com.summit.nexos.service.lib.activities.ServiceControlActivity: refreshServiceStatus <- void [0ms]
12-18 19:31:45.824 17272 17272 V Summit-Android: com.summit.nexos.service.lib.activities.ServiceControlActivity: access$000 <- void [0ms]
12-18 19:31:45.825 17272 17272 D Summit-Android: com.summit.nexos.startupmachine.Step: onClientStateChange: override on demand
12-18 19:31:45.825 17272 17272 D Summit-Android: com.summit.nexos.startupmachine.Step: onProvisioningStateChange: override on demand
12-18 19:31:45.825 17272 17272 V Summit-Android: com.summit.nexos.provisioning.Provisioning: getName
12-18 19:31:45.825 17272 17272 V Summit-Android: com.summit.nexos.provisioning.Provisioning: getName <- PROVISIONING [0ms]
12-18 19:31:45.825 17272 17272 V Summit-Android: com.summit.nexos.api.SummitNexosServer: getNexosClient
12-18 19:31:45.826 17272 17272 V Summit-Android: com.summit.nexos.api.SummitNexosServer: getNexosClient <- com.summit.nexos.api.SummitNexosClient@2044a6d [0ms]
12-18 19:31:45.826 17272 17272 V Summit-Android: com.summit.nexos.api.SummitNexosServer: getNexosClient
12-18 19:31:45.826 17272 17272 V Summit-Android: com.summit.nexos.api.SummitNexosServer: getNexosClient <- com.summit.nexos.api.SummitNexosClient@2044a6d [0ms]
12-18 19:31:45.826 17272 17272 V Summit-Android: com.summit.nexos.api.SummitNexosClient: removeSipClientListener: handler=com.summit.nexos.provisioning.Provisioning@eca0749
12-18 19:31:45.827 17272 17272 V Summit-Android: com.summit.nexos.api.SummitNexosClient: getSipClient
12-18 19:31:45.827 17272 17272 V Summit-Android: com.summit.nexos.api.SummitNexosClient: getSipClient <- com.summit.ndk.client.impl.SipClientImpl@7cf16a2 [0ms]
12-18 19:31:45.827 17272 17272 V Summit-Android: com.summit.nexos.api.SummitNexosClient: removeSipClientListener <- void [0ms]
12-18 19:31:45.827 17272 17272 V Summit-Android: com.summit.nexos.provisioning.Provisioning: getName
12-18 19:31:45.827 17272 17272 V Summit-Android: com.summit.nexos.provisioning.Provisioning: getName <- PROVISIONING [0ms]
12-18 19:31:45.827 17272 17272 V Summit-Android: com.summit.nexos.startupmachine.StartupStateMachine: next: currentState=PROVISIONING, nextState=OTP_MSISDN_PROVISIONING
12-18 19:31:45.828 17272 17272 D Summit-Android: com.summit.nexos.startupmachine.StartupStateMachine: next: specific state provided, looking for it
12-18 19:31:45.828 17272 17272 V Summit-Android: com.summit.nexos.provisioning.OtpMsisdnProvisioning: getName
12-18 19:31:45.828 17272 17272 V Summit-Android: com.summit.nexos.provisioning.OtpMsisdnProvisioning: getName <- OTP_MSISDN_PROVISIONING [0ms]
12-18 19:31:45.828 17272 17272 D Summit-Android: com.summit.nexos.startupmachine.StartupStateMachine: next: step to run OTP_MSISDN_PROVISIONING
12-18 19:31:45.829 17272 17272 V Summit-Android: com.summit.nexos.provisioning.OtpMsisdnProvisioning: getName
12-18 19:31:45.829 17272 17272 V Summit-Android: com.summit.nexos.provisioning.OtpMsisdnProvisioning: getName <- OTP_MSISDN_PROVISIONING [0ms]
12-18 19:31:45.829 17272 17272 V Summit-Android: com.summit.nexos.startupmachine.StartupStateMachine: updateServiceState: state=OTP_MSISDN_PROVISIONING
12-18 19:31:45.829 17272 17272 V Summit-Android: com.summit.nexos.api.SummitNexosServer: setState: serviceState=5
12-18 19:31:45.829 17272 17272 D Summit-Android: com.summit.nexos.api.SummitNexosServer: setState: serviceState=5
12-18 19:31:45.830 17272 17272 V Summit-Android: com.summit.nexos.api.SummitNexosServer: setError: faultId=0, faultInfo=""
12-18 19:31:45.830 17272 17272 D Summit-Android: com.summit.nexos.api.SummitNexosServer: setError: faultId=0, faultInfo=
12-18 19:31:45.830 17272 17272 V Summit-Android: com.summit.nexos.api.SummitNexosServer: setError <- void [0ms]
12-18 19:31:45.830 17272 17272 D Summit-Android: com.summit.nexos.api.SummitNexosServer: setState: sending notification for client state
12-18 19:31:45.830 17272 17272 V Summit-Android: com.summit.nexos.api.SummitNexosServer: getNexosClient
12-18 19:31:45.830 17272 17272 V Summit-Android: com.summit.nexos.api.SummitNexosServer: getNexosClient <- com.summit.nexos.api.SummitNexosClient@2044a6d [0ms]
12-18 19:31:45.831 17272 17272 V Summit-Android: com.summit.nexos.api.SummitNexosClient: getContext
12-18 19:31:45.831 17272 17272 V Summit-Android: com.summit.nexos.api.SummitNexosClient: getContext <- com.summit.nexos.sdk.app.service.ServiceApp@90a626b [0ms]
12-18 19:31:45.831 17272 17272 V Summit-Android: com.summit.nexos.model.helper.BroadcastHelper: sendNotifyConnectionState: context=com.summit.nexos.sdk.app.service.ServiceApp@90a626b, state=5
12-18 19:31:45.834 17272 17272 V Summit-Android: com.summit.nexos.model.helper.BroadcastHelper: sendNotifyConnectionState <- void [0ms]
12-18 19:31:45.844 17272 17272 V Summit-Android: com.summit.nexos.api.SummitNexosServer: getServiceStateListener
12-18 19:31:45.845 17272 17272 V Summit-Android: com.summit.nexos.api.SummitNexosServer: getServiceStateListener <- [com.summit.nexos.aidl.server.INexosServerBinder@b0bb677] [0ms]
12-18 19:31:45.845 17272 17272 V Summit-Android: com.summit.nexos.aidl.server.INexosServerBinder: onNexosServiceStateChanged: serviceState=5
12-18 19:31:45.845 17272 17272 D Summit-Android: com.summit.nexos.aidl.server.INexosServerBinder : onNexosServiceStateChanged: serviceState=5
12-18 19:31:45.845 17272 17272 V Summit-Android: com.summit.nexos.aidl.server.INexosServerBinder: getNexosImsSdkListeners
12-18 19:31:45.845 17272 17272 V Summit-Android: com.summit.nexos.aidl.server.INexosServerBinder: getNexosImsSdkListeners <- [com.summit.nexos.sdk.IMSSdk$1$2@de344, com.summit.nexos.aidl.INexosImsSDKListener$Stub$Proxy@458a399] [0ms]
12-18 19:31:45.846 17272 17272 V Summit-Android: com.summit.nexos.sdk.IMSSdk: access$000
12-18 19:31:45.846 17272 17272 V Summit-Android: com.summit.nexos.sdk.IMSSdk: access$000 <- "com.summit.nexos.sdk.IMSSdk" [0ms]
12-18 19:31:45.846 17272 17272 D Summit-Android: com.summit.nexos.sdk.IMSSdk: onServiceConnected: onNexosServiceStateChanged: serviceState=5
12-18 19:31:45.846 17272 17272 V Summit-Android: com.summit.nexos.sdk.IMSSdk: access$700: x0=com.summit.nexos.sdk.IMSSdk@fe033dc, x1=5
12-18 19:31:45.847 17272 17272 V Summit-Android: com.summit.nexos.sdk.IMSSdk: callConnectionStateListener: state=5
12-18 19:31:45.847 17272 17272 V Summit-Android: com.summit.nexos.sdk.IMSSdk: callConnectionStateListener <- void [0ms]
12-18 19:31:45.847 17272 17272 V Summit-Android: com.summit.nexos.sdk.IMSSdk: access$700 <- void [0ms]
12-18 19:31:45.848 17303 17318 V Summit-Android: com.summit.nexos.sdk.IMSSdk: access$000 [Thread:"Binder:17303_2"]
12-18 19:31:45.848 17303 17318 V Summit-Android: com.summit.nexos.sdk.IMSSdk: access$000 <- "com.summit.nexos.sdk.IMSSdk" [0ms]
12-18 19:31:45.848 17303 17318 D Summit-Android: com.summit.nexos.sdk.IMSSdk: onServiceConnected: onNexosServiceStateChanged: serviceState=5
12-18 19:31:45.849 17303 17318 V Summit-Android: com.summit.nexos.sdk.IMSSdk: access$700: x0=com.summit.nexos.sdk.IMSSdk@39c2b79, x1=5 [Thread:"Binder:17303_2"]
12-18 19:31:45.849 17303 17318 V Summit-Android: com.summit.nexos.sdk.IMSSdk: callConnectionStateListener: state=5 [Thread:"Binder:17303_2"]
12-18 19:31:45.852 17303 17318 V Summit-Android: com.summit.nexos.sdk.IMSSdk: callConnectionStateListener <- void [0ms]
12-18 19:31:45.852 17303 17318 V Summit-Android: com.summit.nexos.sdk.IMSSdk: access$700 <- void [0ms]
12-18 19:31:45.852 17272 17272 V Summit-Android: com.summit.nexos.aidl.server.INexosServerBinder: onNexosServiceStateChanged <- void [0ms]
12-18 19:31:45.852 17272 17272 V Summit-Android: com.summit.nexos.api.SummitNexosServer: setState <- void [0ms]
12-18 19:31:45.853 17272 17272 V Summit-Android: com.summit.nexos.startupmachine.StartupStateMachine: updateServiceState <- void [0ms]
12-18 19:31:45.872 17272 17330 V Summit-Android: com.summit.nexos.api.SummitNexosServer: getNexosClient [Thread:"Thread-7"]
12-18 19:31:45.872 17272 17330 V Summit-Android: com.summit.nexos.api.SummitNexosServer: getNexosClient <- com.summit.nexos.api.SummitNexosClient@2044a6d [0ms]
12-18 19:31:45.872 17272 17330 V Summit-Android: com.summit.nexos.api.SummitNexosServer: getNexosClient [Thread:"Thread-7"]
12-18 19:31:45.872 17272 17330 V Summit-Android: com.summit.nexos.api.SummitNexosServer: getNexosClient <- com.summit.nexos.api.SummitNexosClient@2044a6d [0ms]
12-18 19:31:45.873 17272 17330 V Summit-Android: com.summit.nexos.api.SummitNexosClient: addSipClientListener: handler=com.summit.nexos.provisioning.OtpMsisdnProvisioning@7d9ea7c [Thread:"Thread-7"]
12-18 19:31:45.873 17272 17330 D Summit-Android: com.summit.nexos.api.SummitNexosClient: addSipClientListener
12-18 19:31:45.873 17272 17330 V Summit-Android: com.summit.nexos.api.SummitNexosClient: getSipClient [Thread:"Thread-7"]
12-18 19:31:45.873 17272 17330 V Summit-Android: com.summit.nexos.api.SummitNexosClient: getSipClient <- com.summit.ndk.client.impl.SipClientImpl@7cf16a2 [0ms]
12-18 19:31:45.873 17272 17330 I Summit  : [INFO ] [   17330] 19:31:45.873: jni.sipclient: nativeGetClientState(): <= client @0xed773a00, state:10
12-18 19:31:45.873 17272 17330 I Summit  : [INFO ] [   17330] 19:31:45.873: jni.sipclient: nativeGetProvisioningState(): <= client @0xed773a00, state:70
12-18 19:31:45.873 17272 17330 I Summit  :         [   17330] SipClientImpl: addListener: STATE_PROVISIONING STATE_AC_NEED_MSISDN
12-18 19:31:45.874 17272 17330 I Summit  :         [   17330] SipClientImpl: addListener: Dispatch onClientStateChange
12-18 19:31:45.874 17272 17330 D Summit-Android: com.summit.nexos.startupmachine.Step: onClientStateChange: override on demand
12-18 19:31:45.874 17272 17330 I Summit  :         [   17330] SipClientImpl: addListener: onProvisioningStateChange
12-18 19:31:45.874 17272 17330 D Summit-Android: com.summit.nexos.startupmachine.Step: onProvisioningStateChange: override on demand
12-18 19:31:45.874 17272 17330 V Summit-Android: com.summit.nexos.provisioning.OtpMsisdnProvisioning: getName [Thread:"Thread-7"]
12-18 19:31:45.874 17272 17330 V Summit-Android: com.summit.nexos.provisioning.OtpMsisdnProvisioning: getName <- OTP_MSISDN_PROVISIONING [0ms]
12-18 19:31:45.874 17272 17330 D Summit-Android: com.summit.nexos.startupmachine.Step: next: same step, doing nothing
12-18 19:31:45.875 17272 17330 V Summit-Android: com.summit.nexos.api.SummitNexosClient: addSipClientListener <- void [0ms]
12-18 19:31:45.875 17272 17272 V Summit-Android: com.summit.nexos.startupmachine.StartupStateMachine: next <- void [0ms]
12-18 19:31:45.876 17272 17272 V Summit-Android: com.summit.nexos.sdk.IMSSdk: access$500: x0=com.summit.nexos.sdk.IMSSdk@fe033dc
12-18 19:31:45.876 17272 17272 V Summit-Android: com.summit.nexos.sdk.IMSSdk: getManagerStateListeners
12-18 19:31:45.876 17272 17272 V Summit-Android: com.summit.nexos.sdk.IMSSdk: getManagerStateListeners <- [com.summit.nexos.service.lib.IMSSdkFactory$1@3c9aae] [0ms]
12-18 19:31:45.876 17272 17272 V Summit-Android: com.summit.nexos.sdk.IMSSdk: access$500 <- [com.summit.nexos.service.lib.IMSSdkFactory$1@3c9aae] [0ms]
12-18 19:31:45.876 17272 17272 V Summit-Android: com.summit.nexos.service.lib.IMSSdkFactory: access$000
12-18 19:31:45.877 17272 17272 V Summit-Android: com.summit.nexos.service.lib.IMSSdkFactory: access$000 <- "com.summit.nexos.service.lib.IMSSdkFactory" [0ms]
12-18 19:31:45.877 17272 17272 D Summit-Android: com.summit.nexos.service.lib.IMSSdkFactory: Summit IMS Service client is connected
12-18 19:31:45.877 17272 17272 V Summit-Android: com.summit.nexos.sdk.IMSSdk: access$500: x0=com.summit.nexos.sdk.IMSSdk@fe033dc
12-18 19:31:45.877 17272 17272 V Summit-Android: com.summit.nexos.sdk.IMSSdk: getManagerStateListeners
12-18 19:31:45.877 17272 17272 V Summit-Android: com.summit.nexos.sdk.IMSSdk: getManagerStateListeners <- [com.summit.nexos.service.lib.IMSSdkFactory$1@3c9aae] [0ms]
12-18 19:31:45.878 17272 17272 V Summit-Android: com.summit.nexos.sdk.IMSSdk: access$500 <- [com.summit.nexos.service.lib.IMSSdkFactory$1@3c9aae] [0ms]
12-18 19:31:45.878 17272 17272 V Summit-Android: com.summit.nexos.service.lib.IMSSdkFactory: access$000
12-18 19:31:45.878 17272 17272 V Summit-Android: com.summit.nexos.service.lib.IMSSdkFactory: access$000 <- "com.summit.nexos.service.lib.IMSSdkFactory" [0ms]
12-18 19:31:45.878 17272 17272 D Summit-Android: com.summit.nexos.service.lib.IMSSdkFactory: Summit IMS Service uce is connected
12-18 19:31:45.899 17272 17272 V Summit-Android: com.summit.nexos.sdk.IMSSdk: access$500: x0=com.summit.nexos.sdk.IMSSdk@fe033dc
12-18 19:31:45.903 17272 17272 V Summit-Android: com.summit.nexos.sdk.IMSSdk: getManagerStateListeners
12-18 19:31:45.905 17272 17272 V Summit-Android: com.summit.nexos.sdk.IMSSdk: getManagerStateListeners <- [com.summit.nexos.service.lib.IMSSdkFactory$1@3c9aae] [0ms]
12-18 19:31:45.906 17272 17272 V Summit-Android: com.summit.nexos.sdk.IMSSdk: access$500 <- [com.summit.nexos.service.lib.IMSSdkFactory$1@3c9aae] [0ms]
12-18 19:31:45.906 17272 17272 V Summit-Android: com.summit.nexos.service.lib.IMSSdkFactory: access$000
12-18 19:31:45.906 17272 17272 V Summit-Android: com.summit.nexos.service.lib.IMSSdkFactory: access$000 <- "com.summit.nexos.service.lib.IMSSdkFactory" [0ms]
12-18 19:31:45.906 17272 17272 D Summit-Android: com.summit.nexos.service.lib.IMSSdkFactory: Summit IMS Service RcsChatService is connected
12-18 19:31:45.925 17272 17272 V Summit-Android: com.summit.nexos.sdk.IMSSdk: access$500: x0=com.summit.nexos.sdk.IMSSdk@fe033dc
12-18 19:31:45.926 17272 17272 V Summit-Android: com.summit.nexos.sdk.IMSSdk: getManagerStateListeners
12-18 19:31:45.927 17272 17272 V Summit-Android: com.summit.nexos.sdk.IMSSdk: getManagerStateListeners <- [com.summit.nexos.service.lib.IMSSdkFactory$1@3c9aae] [0ms]
12-18 19:31:45.927 17272 17272 V Summit-Android: com.summit.nexos.sdk.IMSSdk: access$500 <- [com.summit.nexos.service.lib.IMSSdkFactory$1@3c9aae] [0ms]
12-18 19:31:45.927 17272 17272 V Summit-Android: com.summit.nexos.service.lib.IMSSdkFactory: access$000
12-18 19:31:45.927 17272 17272 V Summit-Android: com.summit.nexos.service.lib.IMSSdkFactory: access$000 <- "com.summit.nexos.service.lib.IMSSdkFactory" [0ms]
12-18 19:31:45.927 17272 17272 D Summit-Android: com.summit.nexos.service.lib.IMSSdkFactory: Summit IMS Service telephony is connected
12-18 19:31:45.928 17272 17272 V Summit-Android: com.summit.nexos.sdk.IMSSdk: access$500: x0=com.summit.nexos.sdk.IMSSdk@fe033dc
12-18 19:31:45.928 17272 17272 V Summit-Android: com.summit.nexos.sdk.IMSSdk: getManagerStateListeners
12-18 19:31:45.928 17272 17272 V Summit-Android: com.summit.nexos.sdk.IMSSdk: getManagerStateListeners <- [com.summit.nexos.service.lib.IMSSdkFactory$1@3c9aae] [0ms]
12-18 19:31:45.928 17272 17272 V Summit-Android: com.summit.nexos.sdk.IMSSdk: access$500 <- [com.summit.nexos.service.lib.IMSSdkFactory$1@3c9aae] [0ms]
12-18 19:31:45.928 17272 17272 V Summit-Android: com.summit.nexos.service.lib.IMSSdkFactory: access$000
12-18 19:31:45.928 17272 17272 V Summit-Android: com.summit.nexos.service.lib.IMSSdkFactory: access$000 <- "com.summit.nexos.service.lib.IMSSdkFactory" [0ms]
12-18 19:31:45.929 17272 17272 D Summit-Android: com.summit.nexos.service.lib.IMSSdkFactory: Summit IMS Service ft is connected
12-18 19:31:45.929 17272 17272 V Summit-Android: com.summit.nexos.sdk.IMSSdk: access$500: x0=com.summit.nexos.sdk.IMSSdk@fe033dc
12-18 19:31:45.929 17272 17272 V Summit-Android: com.summit.nexos.sdk.IMSSdk: getManagerStateListeners
12-18 19:31:45.930 17272 17272 V Summit-Android: com.summit.nexos.sdk.IMSSdk: getManagerStateListeners <- [com.summit.nexos.service.lib.IMSSdkFactory$1@3c9aae] [0ms]
12-18 19:31:45.930 17272 17272 V Summit-Android: com.summit.nexos.sdk.IMSSdk: access$500 <- [com.summit.nexos.service.lib.IMSSdkFactory$1@3c9aae] [0ms]
12-18 19:31:45.930 17272 17272 V Summit-Android: com.summit.nexos.service.lib.IMSSdkFactory: access$000
12-18 19:31:45.930 17272 17272 V Summit-Android: com.summit.nexos.service.lib.IMSSdkFactory: access$000 <- "com.summit.nexos.service.lib.IMSSdkFactory" [0ms]
12-18 19:31:45.930 17272 17272 D Summit-Android: com.summit.nexos.service.lib.IMSSdkFactory: Summit IMS Service groupchat is connected
12-18 19:31:45.930 17272 17272 I Choreographer: Skipped 300 frames!  The application may be doing too much work on its main thread.
12-18 19:31:45.968 17272 17272 I Summit  :         [   17272] UceServiceImpl: onMyCapsChanged(77936760,0 other caps)
12-18 19:31:45.969 17272 17272 V Summit-Android: com.summit.nexos.internal.SummitUCEService: onMyCapsChanged: caps=77936760, otherCaps=[]
12-18 19:31:45.972 17272 17272 V Summit-Android: com.summit.nexos.internal.SummitUCEService: getLocalPhoneNumber
12-18 19:31:45.972 17272 17272 V Summit-Android: com.summit.nexos.internal.SummitUCEService: getNexosClient
12-18 19:31:45.972 17272 17272 V Summit-Android: com.summit.nexos.internal.SummitUCEService: getNexosClient <- com.summit.nexos.api.SummitNexosClient@2044a6d [0ms]
12-18 19:31:45.972 17272 17272 V Summit-Android: com.summit.nexos.api.SummitNexosClient: getSipClient
12-18 19:31:45.973 17272 17272 V Summit-Android: com.summit.nexos.api.SummitNexosClient: getSipClient <- com.summit.ndk.client.impl.SipClientImpl@7cf16a2 [0ms]
12-18 19:31:45.973 17272 17272 D Summit  : [DEBUG] [   17272] 19:31:45.973: jni.sipclient: nativeGetLocalIdentity(): <= @0xd5ed5100, client:@0xed773a00, identity is null
12-18 19:31:45.973 17272 17272 D Summit-Android: com.summit.nexos.internal.SummitUCEService: getLocalPhoneNumber: no local identity found
12-18 19:31:45.973 17272 17272 V Summit-Android: com.summit.nexos.internal.SummitUCEService: getLocalPhoneNumber <- "" [0ms]
12-18 19:31:46.008 17303 17303 V Summit-Android: com.summit.nexos.sdk.IMSSdk: access$1400: x0=com.summit.nexos.sdk.IMSSdk@39c2b79
12-18 19:31:46.008 17303 17303 V Summit-Android: com.summit.nexos.sdk.IMSSdk: getConnectionStateListeners
12-18 19:31:46.009 17303 17303 V Summit-Android: com.summit.nexos.sdk.IMSSdk: getConnectionStateListeners <- [com.summit.nexos.sdk.receiver.ReceiverActivity$onCreate$3@3ebdfc3] [0ms]
12-18 19:31:46.009 17303 17303 V Summit-Android: com.summit.nexos.sdk.IMSSdk: access$1400 <- [com.summit.nexos.sdk.receiver.ReceiverActivity$onCreate$3@3ebdfc3] [0ms]
12-18 19:31:46.064 17272 17272 V Summit-Android: com.summit.nexos.internal.SummitUCEService: getListeners
12-18 19:31:46.064 17272 17272 V Summit-Android: com.summit.nexos.internal.SummitUCEService: getListeners <- [com.summit.nexos.aidl.server.uce.IUCEServiceBinder$UCEServiceListenerImpl@b51008] [0ms]
12-18 19:31:46.089 17303 17303 V Summit-Android: com.summit.nexos.sdk.IMSSdk: getProvisioningManager
12-18 19:31:46.089 17303 17303 V Summit-Android: com.summit.nexos.sdk.IMSSdk: getManager: manager=com.summit.nexos.sdk.managers.ProvisioningManager@12e0ed2, loadManager=true
12-18 19:31:46.089 17303 17303 V Summit-Android: com.summit.nexos.sdk.IMSSdk: checkSdkState
12-18 19:31:46.089 17303 17303 V Summit-Android: com.summit.nexos.sdk.IMSSdk: isNotAvailable
12-18 19:31:46.089 17303 17303 V Summit-Android: com.summit.nexos.sdk.IMSSdk: isNotAvailable <- false [0ms]
12-18 19:31:46.090 17303 17303 V Summit-Android: com.summit.nexos.sdk.IMSSdk: isReady
12-18 19:31:46.090 17303 17303 V Summit-Android: com.summit.nexos.sdk.IMSSdk: isReady <- true [0ms]
12-18 19:31:46.090 17303 17303 V Summit-Android: com.summit.nexos.sdk.IMSSdk: checkSdkState <- void [0ms]
12-18 19:31:46.090 17303 17303 D Summit-Android: com.summit.nexos.sdk.managers.ProvisioningManager: isConnected: true
12-18 19:31:46.090 17303 17303 V Summit-Android: com.summit.nexos.sdk.IMSSdk: isReady
12-18 19:31:46.091 17303 17303 V Summit-Android: com.summit.nexos.sdk.IMSSdk: isReady <- true [0ms]
12-18 19:31:46.091 17303 17303 V Summit-Android: com.summit.nexos.sdk.IMSSdk: getManager <- com.summit.nexos.sdk.managers.ProvisioningManager@12e0ed2 [0ms]
12-18 19:31:46.091 17303 17303 V Summit-Android: com.summit.nexos.sdk.IMSSdk: getProvisioningManager <- com.summit.nexos.sdk.managers.ProvisioningManager@12e0ed2 [0ms]
12-18 19:31:46.092 17303 17303 V Summit-Android: com.summit.nexos.sdk.managers.ProvisioningManager: setProvisioningOtpMsisdn: msisdn="+15145550045", isoCountryCode="ca"
12-18 19:31:46.093 17272 17285 V Summit-Android: com.summit.nexos.aidl.server.INexosServerBinder: setProvisioningResult: params={OTP_PHONE_NUMBER=+15145550045, OTP_COUNTRY_CODE=ca} [Thread:"Binder:17272_2"]
12-18 19:31:46.093 17272 17285 V Summit-Android: com.summit.nexos.api.SummitNexosServer: setProvisioningResult: params={OTP_PHONE_NUMBER=+15145550045, OTP_COUNTRY_CODE=ca} [Thread:"Binder:17272_2"]
12-18 19:31:46.095 17272 17285 V Summit-Android: com.summit.nexos.utils.StringUtils: toString: map={OTP_PHONE_NUMBER=+15145550045, OTP_COUNTRY_CODE=ca} [Thread:"Binder:17272_2"]
12-18 19:31:46.096 17272 17285 V Summit-Android: com.summit.nexos.utils.StringUtils: toString <- "OTP_PHONE_NUMBER:+15145550045,OTP_COUNTRY_CODE:ca" [0ms]
12-18 19:31:46.096 17272 17285 D Summit-Android: com.summit.nexos.api.SummitNexosServer: setProvisioningResult: paramsOTP_PHONE_NUMBER:+15145550045,OTP_COUNTRY_CODE:ca
12-18 19:31:46.096 17272 17285 V Summit-Android: com.summit.nexos.startupmachine.StartupStateMachine: resumeState: params={OTP_PHONE_NUMBER=+15145550045, OTP_COUNTRY_CODE=ca} [Thread:"Binder:17272_2"]
12-18 19:31:46.097 17272 17285 V Summit-Android: com.summit.nexos.provisioning.OtpMsisdnProvisioning: resume: params={OTP_PHONE_NUMBER=+15145550045, OTP_COUNTRY_CODE=ca} [Thread:"Binder:17272_2"]
12-18 19:31:46.098 17272 17285 D Summit-Android: com.summit.nexos.provisioning.OtpMsisdnProvisioning: resume: sending country code and phone number to the provisioning service
12-18 19:31:46.111 17272 17285 V Summit-Android: com.summit.nexos.api.SummitNexosServer: getNexosClient [Thread:"Binder:17272_2"]
12-18 19:31:46.112 17272 17285 V Summit-Android: com.summit.nexos.api.SummitNexosServer: getNexosClient <- com.summit.nexos.api.SummitNexosClient@2044a6d [0ms]
12-18 19:31:46.112 17272 17285 V Summit-Android: com.summit.nexos.api.SummitNexosClient: provideMsisdn: msisdn="+15145550045", isoCountryCode="ca" [Thread:"Binder:17272_2"]
12-18 19:31:46.113 17272 17285 V Summit-Android: com.summit.nexos.api.SummitNexosClient: getSipClient [Thread:"Binder:17272_2"]
12-18 19:31:46.113 17272 17285 V Summit-Android: com.summit.nexos.api.SummitNexosClient: getSipClient <- com.summit.ndk.client.impl.SipClientImpl@7cf16a2 [0ms]
12-18 19:31:46.113 17272 17285 V Summit-Android: com.summit.nexos.api.SummitNexosClient: formatToRemoteAddress: remoteUri="+15145550045" [Thread:"Binder:17272_2"]
12-18 19:31:46.131 17272 17285 V Summit-Android: com.summit.nexos.api.SummitNexosClient: formatToSipFormat: remotePhoneNumber="+15145550045", uriFormatUse=null [Thread:"Binder:17272_2"]
12-18 19:31:46.131 17272 17285 D Summit-Android: com.summit.nexos.api.SummitNexosClient: formatToSipFormat: formatting regular phone number
12-18 19:31:46.131 17272 17285 V Summit-Android: com.summit.nexos.api.SummitNexosClient: getSipClient [Thread:"Binder:17272_2"]
12-18 19:31:46.131 17272 17285 V Summit-Android: com.summit.nexos.api.SummitNexosClient: getSipClient <- com.summit.ndk.client.impl.SipClientImpl@7cf16a2 [0ms]
12-18 19:31:46.132 17272 17285 D Summit  : [DEBUG] [   17285] 19:31:46.132: client.numberformatter.mgr: formatSipUriFromPhoneNumber(): number:+15145550045, use:0, result:tel:+15145550045
12-18 19:31:46.132 17272 17285 I Summit  : [INFO ] [   17285] 19:31:46.132: jni.sipclient: nativeFormatUriFromPhoneNumber(): <= @0xd5ed5100, digits:+15145550045, use:0, ret:tel:+15145550045
12-18 19:31:46.132 17272 17285 D Summit  : [DEBUG] [   17285] 19:31:46.132: jni.sipuri: newJSipUri(): env:@0xeb719600, uri:@0xd67dd79c, cls:@0x2876, mid:@0xf1a73870
12-18 19:31:46.132 17272 17285 I Summit  :         [   17285] SipUriImpl: SipUriImpl() null, nativeSipUri=@0xffffffffd67dd79c
12-18 19:31:46.132 17272 17285 I Summit  : [INFO ] [   17285] 19:31:46.132: jni.sipuri: JSipUriImpl(): @0xeb759620
12-18 19:31:46.133 17272 17285 D Summit  : [DEBUG] [   17285] 19:31:46.133: jni.sipuri: nativeNew(): <= @0xeb759620, sipuri:@0xd67dd79c, uri:<tel:+15145550045>
12-18 19:31:46.133 17272 17285 V Summit-Android: com.summit.nexos.api.SummitNexosClient: formatToSipFormat <- <tel:+15145550045> [0ms]
12-18 19:31:46.133 17272 17285 V Summit-Android: com.summit.nexos.api.SummitNexosClient: formatToRemoteAddress: sipUri=<tel:+15145550045> [Thread:"Binder:17272_2"]
12-18 19:31:46.134 17272 17285 V Summit-Android: com.summit.nexos.api.SummitNexosClient: formatToRemoteAddress <- "+15145550045" [0ms]
12-18 19:31:46.154 17272 17285 V Summit-Android: com.summit.nexos.api.SummitNexosClient: formatToRemoteAddress <- "+15145550045" [0ms]
12-18 19:31:46.154 17272 17285 I Summit  : [INFO ] [   17285] 19:31:46.154: jni.sipclient: nativeProvideMsisdn(): <= @0xd5ed5100 msisdn:+15145550045, isoCountry:ca
12-18 19:31:46.154 17272 17272 V Summit-Android: com.summit.nexos.aidl.server.uce.IUCEServiceBinder: getListeners
12-18 19:31:46.155 17272 17272 V Summit-Android: com.summit.nexos.aidl.server.uce.IUCEServiceBinder: getListeners <- [com.summit.nexos.aidl.client.uce.UCEServiceProxy$IUCEListenerImpl@d4d3562, com.summit.nexos.aidl.uce.IUCEListener$Stub$Proxy@cec765e] [0ms]
12-18 19:31:46.155 17272 17272 V Summit-Android: com.summit.nexos.aidl.client.uce.UCEServiceProxy: getListeners
12-18 19:31:46.155 17272 17272 V Summit-Android: com.summit.nexos.aidl.client.uce.UCEServiceProxy: getListeners <- [] [0ms]
12-18 19:31:46.158 17303 17318 V Summit-Android: com.summit.nexos.aidl.client.uce.UCEServiceProxy: getListeners [Thread:"Binder:17303_2"]
12-18 19:31:46.163 17303 17318 V Summit-Android: com.summit.nexos.aidl.client.uce.UCEServiceProxy: getListeners <- [] [0ms]
12-18 19:31:46.190 17272 17285 I Summit  : [INFO ] [   17285] 19:31:46.190: rcse.autoconfig: onInputMsisdn(): MSISDN is 15145550045, token is 
12-18 19:31:46.191 17272 17285 I Summit  : [INFO ] [   17285] 19:31:46.191: rcse.autoconfig: onInputMsisdn(): 789: Set state AC_NEED_MSISDN (70) => AC_NEED_FIRST_TIME (40)
12-18 19:31:46.191 17272 17285 I Summit  : [INFO ] [   17285] 19:31:46.191: sip.ua.client: onProvisioningStateChange(): AC_NEED_MSISDN => AC_NEED_FIRST_TIME
12-18 19:31:46.191 17272 17285 I Summit  : [INFO ] [   17285] 19:31:46.191: jni.sipclient: onProvisioningStateChange(): => oldState:70, newState:40
12-18 19:31:46.191 17272 17285 I Summit  :         [   17285] SipClientImpl: onProvisioningStateChange(oldState=70, newState=40)
12-18 19:31:46.191 17272 17285 I Summit  : [INFO ] [   17285] 19:31:46.191: rcse.autoconfig: onInputMsisdn(): 799: Set request 3 => 3
12-18 19:31:46.191 17272 17285 I Summit  : [INFO ] [   17285] 19:31:46.191: rcse.autoconfig: onInputMsisdn(): runNextRequest 801
12-18 19:31:46.192 17272 17285 I Summit  : [INFO ] [   17285] 19:31:46.192: jni.mobilemanager: getMobileTechnology(): => @0xe9f65420, env:@0xeb719600, peer:@0x2692
12-18 19:31:46.192 17272 17285 I Summit  :         [   17285] AndroidMobileManagerImpl: readNetTechnology: info=[type: WIFI[], state: CONNECTED/CONNECTED, reason: (unspecified), extra: (none), failover: false, available: true, roaming: false]
12-18 19:31:46.193 17272 17285 I Summit  : [INFO ] [   17285] 19:31:46.193: jni.mobilemanager: getMobileTechnology(): => @0xe9f65420, tech:100
12-18 19:31:46.193 17272 17285 D Summit  : [DEBUG] [   17285] 19:31:46.193: rcse.autoconfig: isNonPsAccess(): WIFI
12-18 19:31:46.193 17272 17285 D Summit  : [DEBUG] [   17285] 19:31:46.193: rcse.autoconfig: formatNextUrl(): Adding SMS_port on wifi access
12-18 19:31:46.197 17272 17291 I Summit  : [INFO ] [   17291] 19:31:46.197: rcse.capabilities: onTimer(): SESSION_DISCON
12-18 19:31:46.197 17272 17291 I Summit  : [INFO ] [   17291] 19:31:46.197: rcse.capabilities: onTimer(): periodic m_PendingSubscribes 0, m_PendingRequests 0:
12-18 19:31:46.197 17272 17291 I Summit  : 
12-18 19:31:46.197 17272 17291 I Summit  : [INFO ] [   17291] 19:31:46.197: jni.powerlockmanager: scheduleWakeUp(): => @0xe8d0ce40, env:@0xed76ff80, peer:@0x25da, delayMs:3900
12-18 19:31:46.206 17272 17291 I Summit  :         [   17291] PowerLockManagerImpl: setAlarm: delay=3900, nextAlarm = 19:31:50.105
12-18 19:31:46.209 17272 17272 V Summit-Android: com.summit.nexos.internal.SummitUCEService: onMyCapsChanged <- void [14ms]
12-18 19:31:46.230 17272 17272 V Summit-Android: com.summit.nexos.sdk.IMSSdk: access$1400: x0=com.summit.nexos.sdk.IMSSdk@fe033dc
12-18 19:31:46.230 17272 17272 V Summit-Android: com.summit.nexos.sdk.IMSSdk: getConnectionStateListeners
12-18 19:31:46.230 17272 17272 V Summit-Android: com.summit.nexos.sdk.IMSSdk: getConnectionStateListeners <- [com.summit.nexos.service.lib.activities.ServiceControlActivity$2@21c6729] [0ms]
12-18 19:31:46.230 17272 17272 V Summit-Android: com.summit.nexos.sdk.IMSSdk: access$1400 <- [com.summit.nexos.service.lib.activities.ServiceControlActivity$2@21c6729] [0ms]
12-18 19:31:46.230 17272 17272 V Summit-Android: com.summit.nexos.service.lib.activities.ServiceControlActivity: access$000: x0=com.summit.nexos.service.lib.activities.ServiceControlActivity@f9be7f3
12-18 19:31:46.231 17272 17272 V Summit-Android: com.summit.nexos.service.lib.activities.ServiceControlActivity: refreshServiceStatus
12-18 19:31:46.231 17272 17272 D Summit-Android: com.summit.nexos.service.lib.activities.ServiceControlActivity: refreshServiceStatus
12-18 19:31:46.231 17272 17272 V Summit-Android: com.summit.nexos.sdk.IMSSdk: isReady
12-18 19:31:46.238 17272 17289 I OpenGLRenderer: Davey! duration=5303ms; Flags=0, IntendedVsync=31798027757639, Vsync=31803027757439, OldestInputEvent=9223372036854775807, NewestInputEvent=0, HandleInputStart=31803042322110, AnimationStart=31803042428600, PerformTraversalsStart=31803043079480, DrawStart=31803043395520, SyncQueued=31803044174700, SyncStart=31803062701080, IssueDrawCommandsStart=31803062768650, SwapBuffers=31803101348980, FrameCompleted=31803349843850, DequeueBufferDuration=163896000, QueueBufferDuration=409000, 
12-18 19:31:46.240 17272 17285 I Summit  :         [   17285] AndroidDeviceImpl: getImei: 358240051111110
12-18 19:31:46.241 17272 17285 D Summit  : [DEBUG] [   17285] 19:31:46.241: rcse.autoconfig: runNextRequest(): https://acs.erl.rcs.st:8443/?client_vendor=SUMT&client_version=Android-2.9&rcs_version=5.1B&rcs_profile=joyn_blackbird&SMS_port=37273&vers=0&rcs_state=0&provisioning_version=1.0&terminal_vendor=Goog&terminal_model=Android%20SD&terminal_sw_version=9&IMEI=358240051111110&IMSI=856414829818148&msisdn=%2B15145550045&Token=, cur request 3, state 40
12-18 19:31:46.241 17272 17285 D Summit  : [DEBUG] [   17285] 19:31:46.241: sip.message.http: HTTPMessage(): Using host acs.erl.rcs.st
12-18 19:31:46.241 17272 17285 I Summit  : [INFO ] [   17285] 19:31:46.241: rcse.autoconfig: runNextRequest(): isNetworkAccessAvailable() = 1
12-18 19:31:46.242 17272 17285 I Summit  : [INFO ] [   17285] 19:31:46.242: sip.host: isLinkLocal(): a: 254, b: 128
12-18 19:31:46.242 17272 17285 I Summit  : [INFO ] [   17285] 19:31:46.242: sal.socket: hasIPv6NetworkAccess(): Local has IPV6 access: local fe80::ff:fe44:5566
12-18 19:31:46.242 17272 17285 W Summit  : [WARN ] [   17285] 19:31:46.242: sal.os.routetable_v4: getBestRoute(): dest:8.8.8.8:5061, no route found
12-18 19:31:46.242 17272 17285 I Summit  : [INFO ] [   17285] 19:31:46.242: sal.socket: getLocalAddress(): Using interface: '' socket type: Generic flags 0x0
12-18 19:31:46.243 17272 17285 I Summit  : [INFO ] [   17285] 19:31:46.243: sip.host: isLinkLocal(): a: 192, b: 168
12-18 19:31:46.243 17272 17285 I Summit  : [INFO ] [   17285] 19:31:46.243: sal.socket: hasIPv4NetworkAccess(): Local has IPV4 access: local 192.168.200.2
12-18 19:31:46.243 17272 17285 D Summit  : [DEBUG] [   17285] 19:31:46.243: sip.transport.http: send(): Not using AAAA for request GET /?client_vendor=SUMT&client_version=Android-2.9&rcs_version=5.1B&rcs_profile=joyn_blackbird&SMS_port=37273&vers=0&rcs_state=0&provisioning_version=1.0&terminal_vendor=Goog&terminal_model=Android%20SD&terminal_sw_version=9&IMEI=358240051111110&IMSI=856414829818148&msisdn=%2B15145550045&Token= HTTP/1.1
12-18 19:31:46.243 17272 17285 I Summit  : [INFO ] [   17285] 19:31:46.243: sip.transport.http: OUT #003 ==> https: GET /?client_vendor=SUMT&client_version=Android-2.9&rcs_version=5.1B&rcs_profile=joyn_blackbird&SMS_port=37273&vers=0&rcs_state=0&provisioning_version=1.0&terminal_vendor=Goog&terminal_model=Android%20SD&terminal_sw_version=9&IMEI=358240051111110&IMSI=856414829818148&msisdn=%2B15145550045&Token= HTTP/1.1 to acs.erl.rcs.st:8443, 0 bytes
12-18 19:31:46.243 17272 17285 D Summit  : [DEBUG] [   17285] 19:31:46.243: sip.httptransaction: HTTPTransaction(): @0xd2d20280 sqm:@0xed76fd00
12-18 19:31:46.244 17272 17285 I Summit  : [INFO ] [   17285] 19:31:46.244: sal.dns.impl: setNetworkLockMgr(): 0x0 => 0xe9f25480
12-18 19:31:46.244 17272 17285 D Summit  : [DEBUG] [   17285] 19:31:46.244: sal.dns.impl: setNetworkLockMgr(): Acquire network lock
12-18 19:31:46.244 17272 17285 I Summit  : [INFO ] [   17285] 19:31:46.244: sal.dns.impl: sendRequest(): DNS request: 0xd2d38d20, host acs.erl.rcs.st, type 1, callback 0xd2d20294, flags 0x0, tid 0, dns 0x0, N/A
12-18 19:31:46.244 17272 17285 I Summit  : [INFO ] [   17285] 19:31:46.244: sal.dns.impl: sendRequest(): Using fixedNameServers[0]:8.8.8.8:53
12-18 19:31:46.244 17272 17285 I Summit  : [INFO ] [   17285] 19:31:46.244: sal.dns.impl: sendRequest(): Using nextDnsServer:8.8.8.8:53
12-18 19:31:46.244 17272 17285 I Summit  : [INFO ] [   17285] 19:31:46.244: sal.dns: setTid(): 0xd2d38d24: 0 => 65344
12-18 19:31:46.244 17272 17285 D Summit  : [DEBUG] [   17285] 19:31:46.244: sal.dns.impl: sendRequest(): sending query:'acs.erl.rcs.st' type:1 tid:65344 flags:0 query:0xd2d38d20 callback:0xd2d20294 to server:'8.8.8.8:53'
12-18 19:31:46.245 17272 17285 D Summit  : [DEBUG] [   17285] 19:31:46.245: sal.dns.impl: sendRequest(): Set DNS_TIMEOUT timer 5000 for tid 65344
12-18 19:31:46.245 17272 17285 I Summit  : [INFO ] [   17285] 19:31:46.245: rcse.autoconfig: runNextRequest(): transaction:@0xd2d20280
12-18 19:31:46.245 17272 17285 I Summit  : [INFO ] [   17285] 19:31:46.245: jni.mobilemanager: getMobileTechnology(): => @0xe9f65420, env:@0xeb719600, peer:@0x2692
12-18 19:31:46.246 17272 17291 I Summit  : [INFO ] [   17291] 19:31:46.246: jni.powerlockmanager: scheduleWakeUp(): => @0xe8d0ce40, env:@0xed76ff80, peer:@0x25da, delayMs:4999
12-18 19:31:46.249 17272 17285 I Summit  :         [   17285] AndroidMobileManagerImpl: readNetTechnology: info=[type: WIFI[], state: CONNECTED/CONNECTED, reason: (unspecified), extra: (none), failover: false, available: true, roaming: false]
12-18 19:31:46.251 17272 17291 I Summit  :         [   17291] PowerLockManagerImpl: setAlarm: delay=4999, nextAlarm = 19:31:51.249
12-18 19:31:46.258 17272 17272 V Summit-Android: com.summit.nexos.sdk.IMSSdk: isReady <- true [0ms]
12-18 19:31:46.274 17272 17272 V Summit-Android: com.summit.nexos.sdk.IMSSdk: getServiceState
12-18 19:31:46.276 17272 17272 V Summit-Android: com.summit.nexos.aidl.server.INexosServerBinder: getServiceState
12-18 19:31:46.276 17272 17272 V Summit-Android: com.summit.nexos.api.SummitNexosServer: getState
12-18 19:31:46.276 17272 17272 D Summit-Android: com.summit.nexos.api.SummitNexosServer: getState: mServiceState=5
12-18 19:31:46.278 17272 17285 I Summit  : [INFO ] [   17285] 19:31:46.278: jni.mobilemanager: getMobileTechnology(): => @0xe9f65420, tech:100
12-18 19:31:46.278 17272 17285 D Summit  : [DEBUG] [   17285] 19:31:46.278: rcse.autoconfig: isNonPsAccess(): WIFI
12-18 19:31:46.278 17272 17285 V Summit-Android: com.summit.nexos.api.SummitNexosClient: provideMsisdn <- void [0ms]
12-18 19:31:46.278 17272 17285 V Summit-Android: com.summit.nexos.provisioning.OtpMsisdnProvisioning: resume <- void [0ms]
12-18 19:31:46.278 17272 17285 V Summit-Android: com.summit.nexos.startupmachine.StartupStateMachine: resumeState <- void [0ms]
12-18 19:31:46.278 17272 17285 V Summit-Android: com.summit.nexos.api.SummitNexosServer: setProvisioningResult <- void [0ms]
12-18 19:31:46.280 17272 17272 V Summit-Android: com.summit.nexos.api.SummitNexosServer: getState <- 5 [0ms]
12-18 19:31:46.280 17272 17272 V Summit-Android: com.summit.nexos.aidl.server.INexosServerBinder: getServiceState <- 5 [0ms]
12-18 19:31:46.280 17272 17272 V Summit-Android: com.summit.nexos.sdk.IMSSdk: getServiceState <- PROVISIONING_OTP_MSISDN [0ms]
12-18 19:31:46.281 17272 17272 D Summit-Android: com.summit.nexos.service.lib.activities.ServiceControlActivity: refreshServiceStatus: serviceState=PROVISIONING_OTP_MSISDN
12-18 19:31:46.281 17272 17272 V Summit-Android: com.summit.nexos.sdk.IMSSdk: getError
12-18 19:31:46.281 17272 17272 V Summit-Android: com.summit.nexos.sdk.IMSSdk: getServiceState
12-18 19:31:46.281 17272 17272 V Summit-Android: com.summit.nexos.aidl.server.INexosServerBinder: getServiceState
12-18 19:31:46.281 17272 17272 V Summit-Android: com.summit.nexos.api.SummitNexosServer: getState
12-18 19:31:46.281 17272 17272 D Summit-Android: com.summit.nexos.api.SummitNexosServer: getState: mServiceState=5
12-18 19:31:46.281 17272 17272 V Summit-Android: com.summit.nexos.api.SummitNexosServer: getState <- 5 [0ms]
12-18 19:31:46.281 17272 17272 V Summit-Android: com.summit.nexos.aidl.server.INexosServerBinder: getServiceState <- 5 [0ms]
12-18 19:31:46.282 17272 17272 V Summit-Android: com.summit.nexos.sdk.IMSSdk: getServiceState <- PROVISIONING_OTP_MSISDN [0ms]
12-18 19:31:46.282 17272 17272 V Summit-Android: com.summit.nexos.sdk.IMSSdk: getError <- null [0ms]
12-18 19:31:46.283 17272 17272 V Summit-Android: com.summit.nexos.service.lib.activities.ServiceControlActivity: refreshServiceStatus <- void [0ms]
12-18 19:31:46.283 17272 17272 V Summit-Android: com.summit.nexos.service.lib.activities.ServiceControlActivity: access$000 <- void [0ms]
12-18 19:31:46.301 17272 17290 D Summit  : [DEBUG] [   17290] 19:31:46.301: sal.dns.impl: getQueryByTID(): rm query: 0xd2d38d20, tid 65344, name acs.erl.rcs.st, type 1, request size: 1
12-18 19:31:46.301 17272 17290 D Summit  : [DEBUG] [   17290] 19:31:46.301: sal.dns.impl: parseResponse(): Removing DNS_TIMEOUT timer for query 0xd2d38d20 tid 65344
12-18 19:31:46.301 17272 17290 D Summit  : [DEBUG] [   17290] 19:31:46.301: sal.dns.cache2.db: storeCacheEntry(): m_cacheDb 0x0
12-18 19:31:46.301 17272 17290 E Summit  : [ERROR] [   17290] 19:31:46.301: sal.dns.cache2.db: storeCacheEntry(): not initialized , exiting
12-18 19:31:46.301 17272 17290 D Summit  : [DEBUG] [   17290] 19:31:46.301: sal.dns.impl: callHandler(): dns query:acs.erl.rcs.st => 64.254.226.157 results.size:1, time: 56 ms callback 0xd2d20294
12-18 19:31:46.301 17272 17290 D Summit  : [DEBUG] [   17290] 19:31:46.301: sal.dns.impl: callHandler(): Results:1, calling onDnsQueryResult
12-18 19:31:46.301 17272 17290 I Summit  : [INFO ] [   17290] 19:31:46.301: sip.transport.http: hostResolved(): hostname:acs.erl.rcs.st, host:64.254.226.157, msg flags:0x00000000
12-18 19:31:46.301 17272 17290 I Summit  : [INFO ] [   17290] 19:31:46.301: sal.sslsocket: newCtx(): Enabling SSL version:TLSv1, flags:0x3000000
12-18 19:31:46.305 17272 17290 I Summit  : [INFO ] [   17290] 19:31:46.305: linux.socket.tcp: create(): Created socket fd: 60  type: Generic
12-18 19:31:46.305 17272 17290 D Summit  : [DEBUG] [   17290] 19:31:46.305: sip.transport.http: startTransactionTimer(): Setting a 18000 ms timer for this transaction, trans=0xd2d20280
12-18 19:31:46.305 17272 17290 D Summit  : [DEBUG] [   17290] 19:31:46.305: sip.transport.http: hostResolved(): @0xe9f84f80: Connecting to 64.254.226.157:8443 with socket 0xeb74bc00 (60) for transaction /?client_vendor=SUMT&client_version=Android-2.9&rcs_version=5.1B&rcs_profile=joyn_blackbird&SMS_port=37273&vers=0&rcs_state=0&provisioning_version=1.0&terminal_vendor=Goog&terminal_model=Android%20SD&terminal_sw_version=9&IMEI=358240051111110&IMSI=856414829818148&msisdn=%2B15145550045&Token=
12-18 19:31:46.305 17272 17290 W Summit  : [WARN ] [   17290] 19:31:46.305: sal.os.routetable_v4: getBestRoute(): dest:64.254.226.157:8443, no route found
12-18 19:31:46.306 17272 17291 I Summit  : [INFO ] [   17291] 19:31:46.306: jni.powerlockmanager: scheduleWakeUp(): => @0xe8d0ce40, env:@0xed76ff80, peer:@0x25da, delayMs:17999
12-18 19:31:46.306 17272 17290 I Summit  : [INFO ] [   17290] 19:31:46.306: sal.socket: getLocalAddress(): Using interface: '' socket type: Generic flags 0x0
12-18 19:31:46.310 17272 17291 I Summit  :         [   17291] PowerLockManagerImpl: setAlarm: delay=17999, nextAlarm = 19:32:04.308
12-18 19:31:46.312 17272 17285 V Summit-Android: com.summit.nexos.aidl.server.INexosServerBinder: setProvisioningResult <- void [0ms]
12-18 19:31:46.313 17303 17303 V Summit-Android: com.summit.nexos.sdk.managers.ProvisioningManager: setProvisioningOtpMsisdn <- true [0ms]
12-18 19:31:46.331 17272 17290 I Summit  : [INFO ] [   17290] 19:31:46.331: sal.sslsocket: onConnected(): ssl version:TLSv1.2
12-18 19:31:46.334 17272 17291 I Summit  : [INFO ] [   17291] 19:31:46.334: jni.powerlockmanager: scheduleWakeUp(): => @0xe8d0ce40, env:@0xed76ff80, peer:@0x25da, delayMs:48
12-18 19:31:46.338 17272 17290 D Summit  : [DEBUG] [   17290] 19:31:46.332: sip.httptransaction: onMessage(): @0xd2d20280: Socket 0xeb74bc00 connected for transaction /?client_vendor=SUMT&client_version=Android-2.9&rcs_version=5.1B&rcs_profile=joyn_blackbird&SMS_port=37273&vers=0&rcs_state=0&provisioning_version=1.0&terminal_vendor=Goog&terminal_model=Android%20SD&terminal_sw_version=9&IMEI=358240051111110&IMSI=856414829818148&msisdn=%2B15145550045&Token=
12-18 19:31:46.345 17272 17272 D Summit-Android: com.summit.nexos.startupmachine.Step: onProvisioningStateChange: override on demand
12-18 19:31:46.361 17272 17291 I Summit  :         [   17291] PowerLockManagerImpl: setAlarm: delay=48, nextAlarm = 19:31:46.396
12-18 19:31:46.392 17272 17290 D Summit  : [DEBUG] [   17290] 19:31:46.392: sip.httptransaction: stateWritingRequest(): @0xd2d20280: